[2025-11-24T11:43:46.568+0000] {local_task_job_runner.py:123} INFO - ::group::Pre task execution logs
[2025-11-24T11:43:46.589+0000] {taskinstance.py:2612} INFO - Dependencies all met for dep_context=non-requeueable deps ti=<TaskInstance: extract_raw_data_pipeline.run_dbt_staging_task scheduled__2025-11-23T07:00:00+00:00 [queued]>
[2025-11-24T11:43:46.599+0000] {taskinstance.py:2612} INFO - Dependencies all met for dep_context=requeueable deps ti=<TaskInstance: extract_raw_data_pipeline.run_dbt_staging_task scheduled__2025-11-23T07:00:00+00:00 [queued]>
[2025-11-24T11:43:46.600+0000] {taskinstance.py:2865} INFO - Starting attempt 1 of 1
[2025-11-24T11:43:46.614+0000] {taskinstance.py:2888} INFO - Executing <Task(BashOperator): run_dbt_staging_task> on 2025-11-23 07:00:00+00:00
[2025-11-24T11:43:46.620+0000] {warnings.py:112} WARNING - /home/***/.local/lib/python3.12/site-packages/***/task/task_runner/standard_task_runner.py:70: DeprecationWarning: This process (pid=108) is multi-threaded, use of fork() may lead to deadlocks in the child.
  pid = os.fork()

[2025-11-24T11:43:46.622+0000] {standard_task_runner.py:72} INFO - Started process 109 to run task
[2025-11-24T11:43:46.623+0000] {standard_task_runner.py:104} INFO - Running: ['***', 'tasks', 'run', 'extract_raw_data_pipeline', 'run_dbt_staging_task', 'scheduled__2025-11-23T07:00:00+00:00', '--job-id', '7', '--raw', '--subdir', 'DAGS_FOLDER/driven_data_pipeline.py', '--cfg-path', '/tmp/tmp5waiejzr']
[2025-11-24T11:43:46.624+0000] {standard_task_runner.py:105} INFO - Job 7: Subtask run_dbt_staging_task
[2025-11-24T11:43:46.682+0000] {task_command.py:467} INFO - Running <TaskInstance: extract_raw_data_pipeline.run_dbt_staging_task scheduled__2025-11-23T07:00:00+00:00 [running]> on host 30cb8f999222
[2025-11-24T11:43:46.772+0000] {taskinstance.py:3131} INFO - Exporting env vars: AIRFLOW_CTX_DAG_OWNER='***' AIRFLOW_CTX_DAG_ID='extract_raw_data_pipeline' AIRFLOW_CTX_TASK_ID='run_dbt_staging_task' AIRFLOW_CTX_EXECUTION_DATE='2025-11-23T07:00:00+00:00' AIRFLOW_CTX_TRY_NUMBER='1' AIRFLOW_CTX_DAG_RUN_ID='scheduled__2025-11-23T07:00:00+00:00'
[2025-11-24T11:43:46.774+0000] {taskinstance.py:731} INFO - ::endgroup::
[2025-11-24T11:43:46.791+0000] {subprocess.py:63} INFO - Tmp dir root location: /tmp
[2025-11-24T11:43:46.793+0000] {subprocess.py:75} INFO - Running command: ['/usr/bin/bash', '-c', 'cd /opt/***/dags/dbt/ && dbt run --models staging.*']
[2025-11-24T11:43:46.808+0000] {subprocess.py:86} INFO - Output:
[2025-11-24T11:43:50.413+0000] {subprocess.py:93} INFO - Usage: dbt run [OPTIONS]
[2025-11-24T11:43:50.416+0000] {subprocess.py:93} INFO - Try 'dbt run -h' for help.
[2025-11-24T11:43:50.416+0000] {subprocess.py:93} INFO - 
[2025-11-24T11:43:50.417+0000] {subprocess.py:93} INFO - Error: Invalid value for '--profiles-dir': Path '/home/***/.dbt' does not exist.
[2025-11-24T11:43:50.626+0000] {subprocess.py:97} INFO - Command exited with return code 2
[2025-11-24T11:43:50.647+0000] {taskinstance.py:3310} ERROR - Task failed with exception
Traceback (most recent call last):
  File "/home/airflow/.local/lib/python3.12/site-packages/airflow/models/taskinstance.py", line 767, in _execute_task
    result = _execute_callable(context=context, **execute_callable_kwargs)
             ^^^^^^^^^^^^^^^^^^^^^^^^^^^^^^^^^^^^^^^^^^^^^^^^^^^^^^^^^^^^^
  File "/home/airflow/.local/lib/python3.12/site-packages/airflow/models/taskinstance.py", line 733, in _execute_callable
    return ExecutionCallableRunner(
           ^^^^^^^^^^^^^^^^^^^^^^^^
  File "/home/airflow/.local/lib/python3.12/site-packages/airflow/utils/operator_helpers.py", line 252, in run
    return self.func(*args, **kwargs)
           ^^^^^^^^^^^^^^^^^^^^^^^^^^
  File "/home/airflow/.local/lib/python3.12/site-packages/airflow/models/baseoperator.py", line 406, in wrapper
    return func(self, *args, **kwargs)
           ^^^^^^^^^^^^^^^^^^^^^^^^^^^
  File "/home/airflow/.local/lib/python3.12/site-packages/airflow/operators/bash.py", line 249, in execute
    raise AirflowException(
airflow.exceptions.AirflowException: Bash command failed. The command returned a non-zero exit code 2.
[2025-11-24T11:43:50.659+0000] {taskinstance.py:1225} INFO - Marking task as FAILED. dag_id=extract_raw_data_pipeline, task_id=run_dbt_staging_task, run_id=scheduled__2025-11-23T07:00:00+00:00, execution_date=20251123T070000, start_date=20251124T114346, end_date=20251124T114350
[2025-11-24T11:43:50.677+0000] {taskinstance.py:340} INFO - ::group::Post task execution logs
[2025-11-24T11:43:50.678+0000] {standard_task_runner.py:124} ERROR - Failed to execute job 7 for task run_dbt_staging_task (Bash command failed. The command returned a non-zero exit code 2.; 109)
Traceback (most recent call last):
  File "/home/airflow/.local/lib/python3.12/site-packages/airflow/task/task_runner/standard_task_runner.py", line 117, in _start_by_fork
    ret = args.func(args, dag=self.dag)
          ^^^^^^^^^^^^^^^^^^^^^^^^^^^^^
  File "/home/airflow/.local/lib/python3.12/site-packages/airflow/cli/cli_config.py", line 49, in command
    return func(*args, **kwargs)
           ^^^^^^^^^^^^^^^^^^^^^
  File "/home/airflow/.local/lib/python3.12/site-packages/airflow/utils/cli.py", line 115, in wrapper
    return f(*args, **kwargs)
           ^^^^^^^^^^^^^^^^^^
  File "/home/airflow/.local/lib/python3.12/site-packages/airflow/cli/commands/task_command.py", line 483, in task_run
    task_return_code = _run_task_by_selected_method(args, _dag, ti)
                       ^^^^^^^^^^^^^^^^^^^^^^^^^^^^^^^^^^^^^^^^^^^^
  File "/home/airflow/.local/lib/python3.12/site-packages/airflow/cli/commands/task_command.py", line 256, in _run_task_by_selected_method
    return _run_raw_task(args, ti)
           ^^^^^^^^^^^^^^^^^^^^^^^
  File "/home/airflow/.local/lib/python3.12/site-packages/airflow/cli/commands/task_command.py", line 341, in _run_raw_task
    return ti._run_raw_task(
           ^^^^^^^^^^^^^^^^^
  File "/home/airflow/.local/lib/python3.12/site-packages/airflow/utils/session.py", line 97, in wrapper
    return func(*args, session=session, **kwargs)
           ^^^^^^^^^^^^^^^^^^^^^^^^^^^^^^^^^^^^^^
  File "/home/airflow/.local/lib/python3.12/site-packages/airflow/models/taskinstance.py", line 3004, in _run_raw_task
    return _run_raw_task(
           ^^^^^^^^^^^^^^
  File "/home/airflow/.local/lib/python3.12/site-packages/airflow/models/taskinstance.py", line 273, in _run_raw_task
    TaskInstance._execute_task_with_callbacks(
  File "/home/airflow/.local/lib/python3.12/site-packages/airflow/models/taskinstance.py", line 3158, in _execute_task_with_callbacks
    result = self._execute_task(context, task_orig)
             ^^^^^^^^^^^^^^^^^^^^^^^^^^^^^^^^^^^^^^
  File "/home/airflow/.local/lib/python3.12/site-packages/airflow/models/taskinstance.py", line 3182, in _execute_task
    return _execute_task(self, context, task_orig)
           ^^^^^^^^^^^^^^^^^^^^^^^^^^^^^^^^^^^^^^^
  File "/home/airflow/.local/lib/python3.12/site-packages/airflow/models/taskinstance.py", line 767, in _execute_task
    result = _execute_callable(context=context, **execute_callable_kwargs)
             ^^^^^^^^^^^^^^^^^^^^^^^^^^^^^^^^^^^^^^^^^^^^^^^^^^^^^^^^^^^^^
  File "/home/airflow/.local/lib/python3.12/site-packages/airflow/models/taskinstance.py", line 733, in _execute_callable
    return ExecutionCallableRunner(
           ^^^^^^^^^^^^^^^^^^^^^^^^
  File "/home/airflow/.local/lib/python3.12/site-packages/airflow/utils/operator_helpers.py", line 252, in run
    return self.func(*args, **kwargs)
           ^^^^^^^^^^^^^^^^^^^^^^^^^^
  File "/home/airflow/.local/lib/python3.12/site-packages/airflow/models/baseoperator.py", line 406, in wrapper
    return func(self, *args, **kwargs)
           ^^^^^^^^^^^^^^^^^^^^^^^^^^^
  File "/home/airflow/.local/lib/python3.12/site-packages/airflow/operators/bash.py", line 249, in execute
    raise AirflowException(
airflow.exceptions.AirflowException: Bash command failed. The command returned a non-zero exit code 2.
[2025-11-24T11:43:50.719+0000] {local_task_job_runner.py:266} INFO - Task exited with return code 1
[2025-11-24T11:43:50.748+0000] {taskinstance.py:3900} INFO - 0 downstream tasks scheduled from follow-on schedule check
[2025-11-24T11:43:50.753+0000] {local_task_job_runner.py:245} INFO - ::endgroup::
[2025-11-24T12:12:49.724+0000] {local_task_job_runner.py:123} INFO - ::group::Pre task execution logs
[2025-11-24T12:12:49.749+0000] {taskinstance.py:2612} INFO - Dependencies all met for dep_context=non-requeueable deps ti=<TaskInstance: extract_raw_data_pipeline.run_dbt_staging_task scheduled__2025-11-23T07:00:00+00:00 [queued]>
[2025-11-24T12:12:49.760+0000] {taskinstance.py:2612} INFO - Dependencies all met for dep_context=requeueable deps ti=<TaskInstance: extract_raw_data_pipeline.run_dbt_staging_task scheduled__2025-11-23T07:00:00+00:00 [queued]>
[2025-11-24T12:12:49.760+0000] {taskinstance.py:2865} INFO - Starting attempt 1 of 1
[2025-11-24T12:12:49.780+0000] {taskinstance.py:2888} INFO - Executing <Task(BashOperator): run_dbt_staging_task> on 2025-11-23 07:00:00+00:00
[2025-11-24T12:12:49.788+0000] {warnings.py:112} WARNING - /home/***/.local/lib/python3.12/site-packages/***/task/task_runner/standard_task_runner.py:70: DeprecationWarning: This process (pid=137) is multi-threaded, use of fork() may lead to deadlocks in the child.
  pid = os.fork()

[2025-11-24T12:12:49.790+0000] {standard_task_runner.py:72} INFO - Started process 138 to run task
[2025-11-24T12:12:49.792+0000] {standard_task_runner.py:104} INFO - Running: ['***', 'tasks', 'run', 'extract_raw_data_pipeline', 'run_dbt_staging_task', 'scheduled__2025-11-23T07:00:00+00:00', '--job-id', '7', '--raw', '--subdir', 'DAGS_FOLDER/driven_data_pipeline.py', '--cfg-path', '/tmp/tmpe4llfl05']
[2025-11-24T12:12:49.793+0000] {standard_task_runner.py:105} INFO - Job 7: Subtask run_dbt_staging_task
[2025-11-24T12:12:49.856+0000] {task_command.py:467} INFO - Running <TaskInstance: extract_raw_data_pipeline.run_dbt_staging_task scheduled__2025-11-23T07:00:00+00:00 [running]> on host e428c2212d9f
[2025-11-24T12:12:49.961+0000] {taskinstance.py:3131} INFO - Exporting env vars: AIRFLOW_CTX_DAG_OWNER='***' AIRFLOW_CTX_DAG_ID='extract_raw_data_pipeline' AIRFLOW_CTX_TASK_ID='run_dbt_staging_task' AIRFLOW_CTX_EXECUTION_DATE='2025-11-23T07:00:00+00:00' AIRFLOW_CTX_TRY_NUMBER='1' AIRFLOW_CTX_DAG_RUN_ID='scheduled__2025-11-23T07:00:00+00:00'
[2025-11-24T12:12:49.963+0000] {taskinstance.py:731} INFO - ::endgroup::
[2025-11-24T12:12:49.985+0000] {subprocess.py:63} INFO - Tmp dir root location: /tmp
[2025-11-24T12:12:49.987+0000] {subprocess.py:75} INFO - Running command: ['/usr/bin/bash', '-c', 'cd /opt/***/dags/dbt/ && dbt run --models staging.* --profiles-dir /opt/***/dags/dbt/']
[2025-11-24T12:12:50.008+0000] {subprocess.py:86} INFO - Output:
[2025-11-24T12:12:54.654+0000] {subprocess.py:93} INFO - [0m12:12:54  Running with dbt=1.8.0
[2025-11-24T12:12:54.663+0000] {subprocess.py:93} INFO - [0m12:12:54  Encountered an error:
[2025-11-24T12:12:54.666+0000] {subprocess.py:93} INFO - Runtime Error
[2025-11-24T12:12:54.667+0000] {subprocess.py:93} INFO -   Could not find profile named 'default'
[2025-11-24T12:12:55.939+0000] {subprocess.py:97} INFO - Command exited with return code 2
[2025-11-24T12:12:55.979+0000] {taskinstance.py:3310} ERROR - Task failed with exception
Traceback (most recent call last):
  File "/home/airflow/.local/lib/python3.12/site-packages/airflow/models/taskinstance.py", line 767, in _execute_task
    result = _execute_callable(context=context, **execute_callable_kwargs)
             ^^^^^^^^^^^^^^^^^^^^^^^^^^^^^^^^^^^^^^^^^^^^^^^^^^^^^^^^^^^^^
  File "/home/airflow/.local/lib/python3.12/site-packages/airflow/models/taskinstance.py", line 733, in _execute_callable
    return ExecutionCallableRunner(
           ^^^^^^^^^^^^^^^^^^^^^^^^
  File "/home/airflow/.local/lib/python3.12/site-packages/airflow/utils/operator_helpers.py", line 252, in run
    return self.func(*args, **kwargs)
           ^^^^^^^^^^^^^^^^^^^^^^^^^^
  File "/home/airflow/.local/lib/python3.12/site-packages/airflow/models/baseoperator.py", line 406, in wrapper
    return func(self, *args, **kwargs)
           ^^^^^^^^^^^^^^^^^^^^^^^^^^^
  File "/home/airflow/.local/lib/python3.12/site-packages/airflow/operators/bash.py", line 249, in execute
    raise AirflowException(
airflow.exceptions.AirflowException: Bash command failed. The command returned a non-zero exit code 2.
[2025-11-24T12:12:56.003+0000] {taskinstance.py:1225} INFO - Marking task as FAILED. dag_id=extract_raw_data_pipeline, task_id=run_dbt_staging_task, run_id=scheduled__2025-11-23T07:00:00+00:00, execution_date=20251123T070000, start_date=20251124T121249, end_date=20251124T121256
[2025-11-24T12:12:56.038+0000] {taskinstance.py:340} INFO - ::group::Post task execution logs
[2025-11-24T12:12:56.040+0000] {standard_task_runner.py:124} ERROR - Failed to execute job 7 for task run_dbt_staging_task (Bash command failed. The command returned a non-zero exit code 2.; 138)
Traceback (most recent call last):
  File "/home/airflow/.local/lib/python3.12/site-packages/airflow/task/task_runner/standard_task_runner.py", line 117, in _start_by_fork
    ret = args.func(args, dag=self.dag)
          ^^^^^^^^^^^^^^^^^^^^^^^^^^^^^
  File "/home/airflow/.local/lib/python3.12/site-packages/airflow/cli/cli_config.py", line 49, in command
    return func(*args, **kwargs)
           ^^^^^^^^^^^^^^^^^^^^^
  File "/home/airflow/.local/lib/python3.12/site-packages/airflow/utils/cli.py", line 115, in wrapper
    return f(*args, **kwargs)
           ^^^^^^^^^^^^^^^^^^
  File "/home/airflow/.local/lib/python3.12/site-packages/airflow/cli/commands/task_command.py", line 483, in task_run
    task_return_code = _run_task_by_selected_method(args, _dag, ti)
                       ^^^^^^^^^^^^^^^^^^^^^^^^^^^^^^^^^^^^^^^^^^^^
  File "/home/airflow/.local/lib/python3.12/site-packages/airflow/cli/commands/task_command.py", line 256, in _run_task_by_selected_method
    return _run_raw_task(args, ti)
           ^^^^^^^^^^^^^^^^^^^^^^^
  File "/home/airflow/.local/lib/python3.12/site-packages/airflow/cli/commands/task_command.py", line 341, in _run_raw_task
    return ti._run_raw_task(
           ^^^^^^^^^^^^^^^^^
  File "/home/airflow/.local/lib/python3.12/site-packages/airflow/utils/session.py", line 97, in wrapper
    return func(*args, session=session, **kwargs)
           ^^^^^^^^^^^^^^^^^^^^^^^^^^^^^^^^^^^^^^
  File "/home/airflow/.local/lib/python3.12/site-packages/airflow/models/taskinstance.py", line 3004, in _run_raw_task
    return _run_raw_task(
           ^^^^^^^^^^^^^^
  File "/home/airflow/.local/lib/python3.12/site-packages/airflow/models/taskinstance.py", line 273, in _run_raw_task
    TaskInstance._execute_task_with_callbacks(
  File "/home/airflow/.local/lib/python3.12/site-packages/airflow/models/taskinstance.py", line 3158, in _execute_task_with_callbacks
    result = self._execute_task(context, task_orig)
             ^^^^^^^^^^^^^^^^^^^^^^^^^^^^^^^^^^^^^^
  File "/home/airflow/.local/lib/python3.12/site-packages/airflow/models/taskinstance.py", line 3182, in _execute_task
    return _execute_task(self, context, task_orig)
           ^^^^^^^^^^^^^^^^^^^^^^^^^^^^^^^^^^^^^^^
  File "/home/airflow/.local/lib/python3.12/site-packages/airflow/models/taskinstance.py", line 767, in _execute_task
    result = _execute_callable(context=context, **execute_callable_kwargs)
             ^^^^^^^^^^^^^^^^^^^^^^^^^^^^^^^^^^^^^^^^^^^^^^^^^^^^^^^^^^^^^
  File "/home/airflow/.local/lib/python3.12/site-packages/airflow/models/taskinstance.py", line 733, in _execute_callable
    return ExecutionCallableRunner(
           ^^^^^^^^^^^^^^^^^^^^^^^^
  File "/home/airflow/.local/lib/python3.12/site-packages/airflow/utils/operator_helpers.py", line 252, in run
    return self.func(*args, **kwargs)
           ^^^^^^^^^^^^^^^^^^^^^^^^^^
  File "/home/airflow/.local/lib/python3.12/site-packages/airflow/models/baseoperator.py", line 406, in wrapper
    return func(self, *args, **kwargs)
           ^^^^^^^^^^^^^^^^^^^^^^^^^^^
  File "/home/airflow/.local/lib/python3.12/site-packages/airflow/operators/bash.py", line 249, in execute
    raise AirflowException(
airflow.exceptions.AirflowException: Bash command failed. The command returned a non-zero exit code 2.
[2025-11-24T12:12:56.072+0000] {local_task_job_runner.py:266} INFO - Task exited with return code 1
[2025-11-24T12:12:56.112+0000] {taskinstance.py:3900} INFO - 0 downstream tasks scheduled from follow-on schedule check
[2025-11-24T12:12:56.119+0000] {local_task_job_runner.py:245} INFO - ::endgroup::
[2025-11-24T12:33:29.878+0000] {local_task_job_runner.py:123} INFO - ::group::Pre task execution logs
[2025-11-24T12:33:29.900+0000] {taskinstance.py:2612} INFO - Dependencies all met for dep_context=non-requeueable deps ti=<TaskInstance: extract_raw_data_pipeline.run_dbt_staging_task scheduled__2025-11-23T07:00:00+00:00 [queued]>
[2025-11-24T12:33:29.911+0000] {taskinstance.py:2612} INFO - Dependencies all met for dep_context=requeueable deps ti=<TaskInstance: extract_raw_data_pipeline.run_dbt_staging_task scheduled__2025-11-23T07:00:00+00:00 [queued]>
[2025-11-24T12:33:29.911+0000] {taskinstance.py:2865} INFO - Starting attempt 1 of 1
[2025-11-24T12:33:29.926+0000] {taskinstance.py:2888} INFO - Executing <Task(BashOperator): run_dbt_staging_task> on 2025-11-23 07:00:00+00:00
[2025-11-24T12:33:29.932+0000] {warnings.py:112} WARNING - /home/***/.local/lib/python3.12/site-packages/***/task/task_runner/standard_task_runner.py:70: DeprecationWarning: This process (pid=96) is multi-threaded, use of fork() may lead to deadlocks in the child.
  pid = os.fork()

[2025-11-24T12:33:29.933+0000] {standard_task_runner.py:72} INFO - Started process 97 to run task
[2025-11-24T12:33:29.934+0000] {standard_task_runner.py:104} INFO - Running: ['***', 'tasks', 'run', 'extract_raw_data_pipeline', 'run_dbt_staging_task', 'scheduled__2025-11-23T07:00:00+00:00', '--job-id', '7', '--raw', '--subdir', 'DAGS_FOLDER/driven_data_pipeline.py', '--cfg-path', '/tmp/tmp8cwrfb75']
[2025-11-24T12:33:29.935+0000] {standard_task_runner.py:105} INFO - Job 7: Subtask run_dbt_staging_task
[2025-11-24T12:33:29.996+0000] {task_command.py:467} INFO - Running <TaskInstance: extract_raw_data_pipeline.run_dbt_staging_task scheduled__2025-11-23T07:00:00+00:00 [running]> on host 652e43bf9a94
[2025-11-24T12:33:30.104+0000] {taskinstance.py:3131} INFO - Exporting env vars: AIRFLOW_CTX_DAG_OWNER='***' AIRFLOW_CTX_DAG_ID='extract_raw_data_pipeline' AIRFLOW_CTX_TASK_ID='run_dbt_staging_task' AIRFLOW_CTX_EXECUTION_DATE='2025-11-23T07:00:00+00:00' AIRFLOW_CTX_TRY_NUMBER='1' AIRFLOW_CTX_DAG_RUN_ID='scheduled__2025-11-23T07:00:00+00:00'
[2025-11-24T12:33:30.105+0000] {taskinstance.py:731} INFO - ::endgroup::
[2025-11-24T12:33:30.126+0000] {subprocess.py:63} INFO - Tmp dir root location: /tmp
[2025-11-24T12:33:30.128+0000] {subprocess.py:75} INFO - Running command: ['/usr/bin/bash', '-c', 'cd /opt/***/dags/dbt/ && dbt run --models staging.* --profiles-dir /opt/***/dags/dbt/']
[2025-11-24T12:33:30.140+0000] {subprocess.py:86} INFO - Output:
[2025-11-24T12:33:35.032+0000] {subprocess.py:93} INFO - [0m12:33:35  Running with dbt=1.8.0
[2025-11-24T12:33:35.040+0000] {subprocess.py:93} INFO - [0m12:33:35  Encountered an error:
[2025-11-24T12:33:35.041+0000] {subprocess.py:93} INFO - Runtime Error
[2025-11-24T12:33:35.042+0000] {subprocess.py:93} INFO -   Could not find profile named 'default'
[2025-11-24T12:33:36.316+0000] {subprocess.py:97} INFO - Command exited with return code 2
[2025-11-24T12:33:36.342+0000] {taskinstance.py:3310} ERROR - Task failed with exception
Traceback (most recent call last):
  File "/home/airflow/.local/lib/python3.12/site-packages/airflow/models/taskinstance.py", line 767, in _execute_task
    result = _execute_callable(context=context, **execute_callable_kwargs)
             ^^^^^^^^^^^^^^^^^^^^^^^^^^^^^^^^^^^^^^^^^^^^^^^^^^^^^^^^^^^^^
  File "/home/airflow/.local/lib/python3.12/site-packages/airflow/models/taskinstance.py", line 733, in _execute_callable
    return ExecutionCallableRunner(
           ^^^^^^^^^^^^^^^^^^^^^^^^
  File "/home/airflow/.local/lib/python3.12/site-packages/airflow/utils/operator_helpers.py", line 252, in run
    return self.func(*args, **kwargs)
           ^^^^^^^^^^^^^^^^^^^^^^^^^^
  File "/home/airflow/.local/lib/python3.12/site-packages/airflow/models/baseoperator.py", line 406, in wrapper
    return func(self, *args, **kwargs)
           ^^^^^^^^^^^^^^^^^^^^^^^^^^^
  File "/home/airflow/.local/lib/python3.12/site-packages/airflow/operators/bash.py", line 249, in execute
    raise AirflowException(
airflow.exceptions.AirflowException: Bash command failed. The command returned a non-zero exit code 2.
[2025-11-24T12:33:36.359+0000] {taskinstance.py:1225} INFO - Marking task as FAILED. dag_id=extract_raw_data_pipeline, task_id=run_dbt_staging_task, run_id=scheduled__2025-11-23T07:00:00+00:00, execution_date=20251123T070000, start_date=20251124T123329, end_date=20251124T123336
[2025-11-24T12:33:36.386+0000] {taskinstance.py:340} INFO - ::group::Post task execution logs
[2025-11-24T12:33:36.388+0000] {standard_task_runner.py:124} ERROR - Failed to execute job 7 for task run_dbt_staging_task (Bash command failed. The command returned a non-zero exit code 2.; 97)
Traceback (most recent call last):
  File "/home/airflow/.local/lib/python3.12/site-packages/airflow/task/task_runner/standard_task_runner.py", line 117, in _start_by_fork
    ret = args.func(args, dag=self.dag)
          ^^^^^^^^^^^^^^^^^^^^^^^^^^^^^
  File "/home/airflow/.local/lib/python3.12/site-packages/airflow/cli/cli_config.py", line 49, in command
    return func(*args, **kwargs)
           ^^^^^^^^^^^^^^^^^^^^^
  File "/home/airflow/.local/lib/python3.12/site-packages/airflow/utils/cli.py", line 115, in wrapper
    return f(*args, **kwargs)
           ^^^^^^^^^^^^^^^^^^
  File "/home/airflow/.local/lib/python3.12/site-packages/airflow/cli/commands/task_command.py", line 483, in task_run
    task_return_code = _run_task_by_selected_method(args, _dag, ti)
                       ^^^^^^^^^^^^^^^^^^^^^^^^^^^^^^^^^^^^^^^^^^^^
  File "/home/airflow/.local/lib/python3.12/site-packages/airflow/cli/commands/task_command.py", line 256, in _run_task_by_selected_method
    return _run_raw_task(args, ti)
           ^^^^^^^^^^^^^^^^^^^^^^^
  File "/home/airflow/.local/lib/python3.12/site-packages/airflow/cli/commands/task_command.py", line 341, in _run_raw_task
    return ti._run_raw_task(
           ^^^^^^^^^^^^^^^^^
  File "/home/airflow/.local/lib/python3.12/site-packages/airflow/utils/session.py", line 97, in wrapper
    return func(*args, session=session, **kwargs)
           ^^^^^^^^^^^^^^^^^^^^^^^^^^^^^^^^^^^^^^
  File "/home/airflow/.local/lib/python3.12/site-packages/airflow/models/taskinstance.py", line 3004, in _run_raw_task
    return _run_raw_task(
           ^^^^^^^^^^^^^^
  File "/home/airflow/.local/lib/python3.12/site-packages/airflow/models/taskinstance.py", line 273, in _run_raw_task
    TaskInstance._execute_task_with_callbacks(
  File "/home/airflow/.local/lib/python3.12/site-packages/airflow/models/taskinstance.py", line 3158, in _execute_task_with_callbacks
    result = self._execute_task(context, task_orig)
             ^^^^^^^^^^^^^^^^^^^^^^^^^^^^^^^^^^^^^^
  File "/home/airflow/.local/lib/python3.12/site-packages/airflow/models/taskinstance.py", line 3182, in _execute_task
    return _execute_task(self, context, task_orig)
           ^^^^^^^^^^^^^^^^^^^^^^^^^^^^^^^^^^^^^^^
  File "/home/airflow/.local/lib/python3.12/site-packages/airflow/models/taskinstance.py", line 767, in _execute_task
    result = _execute_callable(context=context, **execute_callable_kwargs)
             ^^^^^^^^^^^^^^^^^^^^^^^^^^^^^^^^^^^^^^^^^^^^^^^^^^^^^^^^^^^^^
  File "/home/airflow/.local/lib/python3.12/site-packages/airflow/models/taskinstance.py", line 733, in _execute_callable
    return ExecutionCallableRunner(
           ^^^^^^^^^^^^^^^^^^^^^^^^
  File "/home/airflow/.local/lib/python3.12/site-packages/airflow/utils/operator_helpers.py", line 252, in run
    return self.func(*args, **kwargs)
           ^^^^^^^^^^^^^^^^^^^^^^^^^^
  File "/home/airflow/.local/lib/python3.12/site-packages/airflow/models/baseoperator.py", line 406, in wrapper
    return func(self, *args, **kwargs)
           ^^^^^^^^^^^^^^^^^^^^^^^^^^^
  File "/home/airflow/.local/lib/python3.12/site-packages/airflow/operators/bash.py", line 249, in execute
    raise AirflowException(
airflow.exceptions.AirflowException: Bash command failed. The command returned a non-zero exit code 2.
[2025-11-24T12:33:36.411+0000] {local_task_job_runner.py:266} INFO - Task exited with return code 1
[2025-11-24T12:33:36.458+0000] {taskinstance.py:3900} INFO - 0 downstream tasks scheduled from follow-on schedule check
[2025-11-24T12:33:36.468+0000] {local_task_job_runner.py:245} INFO - ::endgroup::
[2025-11-24T13:12:26.360+0000] {local_task_job_runner.py:123} INFO - ::group::Pre task execution logs
[2025-11-24T13:12:26.383+0000] {taskinstance.py:2612} INFO - Dependencies all met for dep_context=non-requeueable deps ti=<TaskInstance: extract_raw_data_pipeline.run_dbt_staging_task scheduled__2025-11-23T07:00:00+00:00 [queued]>
[2025-11-24T13:12:26.392+0000] {taskinstance.py:2612} INFO - Dependencies all met for dep_context=requeueable deps ti=<TaskInstance: extract_raw_data_pipeline.run_dbt_staging_task scheduled__2025-11-23T07:00:00+00:00 [queued]>
[2025-11-24T13:12:26.393+0000] {taskinstance.py:2865} INFO - Starting attempt 1 of 1
[2025-11-24T13:12:26.409+0000] {taskinstance.py:2888} INFO - Executing <Task(BashOperator): run_dbt_staging_task> on 2025-11-23 07:00:00+00:00
[2025-11-24T13:12:26.415+0000] {warnings.py:112} WARNING - /home/***/.local/lib/python3.12/site-packages/***/task/task_runner/standard_task_runner.py:70: DeprecationWarning: This process (pid=157) is multi-threaded, use of fork() may lead to deadlocks in the child.
  pid = os.fork()

[2025-11-24T13:12:26.417+0000] {standard_task_runner.py:72} INFO - Started process 158 to run task
[2025-11-24T13:12:26.417+0000] {standard_task_runner.py:104} INFO - Running: ['***', 'tasks', 'run', 'extract_raw_data_pipeline', 'run_dbt_staging_task', 'scheduled__2025-11-23T07:00:00+00:00', '--job-id', '7', '--raw', '--subdir', 'DAGS_FOLDER/driven_data_pipeline.py', '--cfg-path', '/tmp/tmplku_z1ue']
[2025-11-24T13:12:26.419+0000] {standard_task_runner.py:105} INFO - Job 7: Subtask run_dbt_staging_task
[2025-11-24T13:12:26.476+0000] {task_command.py:467} INFO - Running <TaskInstance: extract_raw_data_pipeline.run_dbt_staging_task scheduled__2025-11-23T07:00:00+00:00 [running]> on host 94e0b492a3f2
[2025-11-24T13:12:26.584+0000] {taskinstance.py:3131} INFO - Exporting env vars: AIRFLOW_CTX_DAG_OWNER='***' AIRFLOW_CTX_DAG_ID='extract_raw_data_pipeline' AIRFLOW_CTX_TASK_ID='run_dbt_staging_task' AIRFLOW_CTX_EXECUTION_DATE='2025-11-23T07:00:00+00:00' AIRFLOW_CTX_TRY_NUMBER='1' AIRFLOW_CTX_DAG_RUN_ID='scheduled__2025-11-23T07:00:00+00:00'
[2025-11-24T13:12:26.587+0000] {taskinstance.py:731} INFO - ::endgroup::
[2025-11-24T13:12:26.607+0000] {subprocess.py:63} INFO - Tmp dir root location: /tmp
[2025-11-24T13:12:26.610+0000] {subprocess.py:75} INFO - Running command: ['/usr/bin/bash', '-c', 'cd /opt/***/dags/dbt/ && dbt run --models staging.* --profiles-dir /opt/***/dags/dbt/']
[2025-11-24T13:12:26.625+0000] {subprocess.py:86} INFO - Output:
[2025-11-24T13:12:30.362+0000] {subprocess.py:93} INFO - [0m13:12:30  Running with dbt=1.8.0
[2025-11-24T13:12:30.818+0000] {subprocess.py:93} INFO - [0m13:12:30  Registered adapter: postgres=1.8.2
[2025-11-24T13:12:31.336+0000] {subprocess.py:93} INFO - [0m13:12:31  Found 428 macros
[2025-11-24T13:12:31.337+0000] {subprocess.py:93} INFO - [0m13:12:31  The selection criterion 'staging.*' does not match any enabled nodes
[2025-11-24T13:12:31.339+0000] {subprocess.py:93} INFO - [0m13:12:31
[2025-11-24T13:12:31.340+0000] {subprocess.py:93} INFO - [0m13:12:31  Nothing to do. Try checking your model configs and model specification args
[2025-11-24T13:12:32.325+0000] {subprocess.py:97} INFO - Command exited with return code 0
[2025-11-24T13:12:32.368+0000] {taskinstance.py:340} INFO - ::group::Post task execution logs
[2025-11-24T13:12:32.369+0000] {taskinstance.py:352} INFO - Marking task as SUCCESS. dag_id=extract_raw_data_pipeline, task_id=run_dbt_staging_task, run_id=scheduled__2025-11-23T07:00:00+00:00, execution_date=20251123T070000, start_date=20251124T131226, end_date=20251124T131232
[2025-11-24T13:12:32.394+0000] {local_task_job_runner.py:266} INFO - Task exited with return code 0
[2025-11-24T13:12:32.427+0000] {taskinstance.py:3900} INFO - 1 downstream tasks scheduled from follow-on schedule check
[2025-11-24T13:12:32.429+0000] {local_task_job_runner.py:245} INFO - ::endgroup::
