[2025-11-23T09:01:46.612+0000] {local_task_job_runner.py:123} INFO - ::group::Pre task execution logs
[2025-11-23T09:01:46.698+0000] {taskinstance.py:2612} INFO - Dependencies all met for dep_context=non-requeueable deps ti=<TaskInstance: extract_raw_data_pipeline.create_raw_schema_task scheduled__2025-11-22T07:00:00+00:00 [queued]>
[2025-11-23T09:01:46.756+0000] {taskinstance.py:2612} INFO - Dependencies all met for dep_context=requeueable deps ti=<TaskInstance: extract_raw_data_pipeline.create_raw_schema_task scheduled__2025-11-22T07:00:00+00:00 [queued]>
[2025-11-23T09:01:46.760+0000] {taskinstance.py:2865} INFO - Starting attempt 1 of 1
[2025-11-23T09:01:46.952+0000] {taskinstance.py:2888} INFO - Executing <Task(PostgresOperator): create_raw_schema_task> on 2025-11-22 07:00:00+00:00
[2025-11-23T09:01:46.976+0000] {warnings.py:112} WARNING - /home/***/.local/lib/python3.12/site-packages/***/task/task_runner/standard_task_runner.py:70: DeprecationWarning: This process (pid=250) is multi-threaded, use of fork() may lead to deadlocks in the child.
  pid = os.fork()

[2025-11-23T09:01:46.983+0000] {standard_task_runner.py:72} INFO - Started process 253 to run task
[2025-11-23T09:01:46.977+0000] {standard_task_runner.py:104} INFO - Running: ['***', 'tasks', 'run', 'extract_raw_data_pipeline', 'create_raw_schema_task', 'scheduled__2025-11-22T07:00:00+00:00', '--job-id', '7', '--raw', '--subdir', 'DAGS_FOLDER/driven_data_pipeline.py', '--cfg-path', '/tmp/tmp223olr68']
[2025-11-23T09:01:47.053+0000] {standard_task_runner.py:105} INFO - Job 7: Subtask create_raw_schema_task
[2025-11-23T09:01:47.286+0000] {task_command.py:467} INFO - Running <TaskInstance: extract_raw_data_pipeline.create_raw_schema_task scheduled__2025-11-22T07:00:00+00:00 [running]> on host 0e5439bd1317
[2025-11-23T09:01:47.670+0000] {taskinstance.py:3131} INFO - Exporting env vars: AIRFLOW_CTX_DAG_OWNER='***' AIRFLOW_CTX_DAG_ID='extract_raw_data_pipeline' AIRFLOW_CTX_TASK_ID='create_raw_schema_task' AIRFLOW_CTX_EXECUTION_DATE='2025-11-22T07:00:00+00:00' AIRFLOW_CTX_TRY_NUMBER='1' AIRFLOW_CTX_DAG_RUN_ID='scheduled__2025-11-22T07:00:00+00:00'
[2025-11-23T09:01:47.676+0000] {taskinstance.py:731} INFO - ::endgroup::
[2025-11-23T09:01:47.822+0000] {sql.py:266} INFO - Executing: 
            CREATE SCHEMA IF NOT EXISTS raw;
        
[2025-11-23T09:01:48.045+0000] {base.py:84} INFO - Retrieving connection 'postgres_conn'
[2025-11-23T09:01:48.661+0000] {base.py:84} INFO - Retrieving connection 'postgres_conn'
[2025-11-23T09:01:48.751+0000] {sql.py:509} INFO - Running statement: 
            CREATE SCHEMA IF NOT EXISTS raw;
        , parameters: None
[2025-11-23T09:01:48.974+0000] {taskinstance.py:340} INFO - ::group::Post task execution logs
[2025-11-23T09:01:48.997+0000] {taskinstance.py:352} INFO - Marking task as SUCCESS. dag_id=extract_raw_data_pipeline, task_id=create_raw_schema_task, run_id=scheduled__2025-11-22T07:00:00+00:00, execution_date=20251122T070000, start_date=20251123T090146, end_date=20251123T090148
[2025-11-23T09:01:49.153+0000] {local_task_job_runner.py:266} INFO - Task exited with return code 0
[2025-11-23T09:01:49.445+0000] {warnings.py:112} WARNING - /home/***/.local/lib/python3.12/site-packages/***/models/baseoperator.py:1378: AirflowProviderDeprecationWarning: Call to deprecated class PostgresOperator. (Please use `***.providers.common.sql.operators.sql.SQLExecuteQueryOperator`.Also, you can provide `hook_params={'schema': <database>}`.)
  result = cls.__new__(cls)

[2025-11-23T09:01:49.750+0000] {taskinstance.py:3900} INFO - 1 downstream tasks scheduled from follow-on schedule check
[2025-11-23T09:01:49.772+0000] {local_task_job_runner.py:245} INFO - ::endgroup::
[2025-11-23T09:22:20.888+0000] {local_task_job_runner.py:123} INFO - ::group::Pre task execution logs
[2025-11-23T09:22:20.924+0000] {taskinstance.py:2612} INFO - Dependencies all met for dep_context=non-requeueable deps ti=<TaskInstance: extract_raw_data_pipeline.create_raw_schema_task scheduled__2025-11-22T07:00:00+00:00 [queued]>
[2025-11-23T09:22:20.943+0000] {taskinstance.py:2612} INFO - Dependencies all met for dep_context=requeueable deps ti=<TaskInstance: extract_raw_data_pipeline.create_raw_schema_task scheduled__2025-11-22T07:00:00+00:00 [queued]>
[2025-11-23T09:22:20.944+0000] {taskinstance.py:2865} INFO - Starting attempt 1 of 1
[2025-11-23T09:22:20.974+0000] {taskinstance.py:2888} INFO - Executing <Task(PostgresOperator): create_raw_schema_task> on 2025-11-22 07:00:00+00:00
[2025-11-23T09:22:20.986+0000] {warnings.py:112} WARNING - /home/***/.local/lib/python3.12/site-packages/***/task/task_runner/standard_task_runner.py:70: DeprecationWarning: This process (pid=212) is multi-threaded, use of fork() may lead to deadlocks in the child.
  pid = os.fork()

[2025-11-23T09:22:20.988+0000] {standard_task_runner.py:104} INFO - Running: ['***', 'tasks', 'run', 'extract_raw_data_pipeline', 'create_raw_schema_task', 'scheduled__2025-11-22T07:00:00+00:00', '--job-id', '4', '--raw', '--subdir', 'DAGS_FOLDER/driven_data_pipeline.py', '--cfg-path', '/tmp/tmp2uow8hdz']
[2025-11-23T09:22:20.990+0000] {standard_task_runner.py:72} INFO - Started process 214 to run task
[2025-11-23T09:22:20.990+0000] {standard_task_runner.py:105} INFO - Job 4: Subtask create_raw_schema_task
[2025-11-23T09:22:21.068+0000] {task_command.py:467} INFO - Running <TaskInstance: extract_raw_data_pipeline.create_raw_schema_task scheduled__2025-11-22T07:00:00+00:00 [running]> on host e98e5ec17cf7
[2025-11-23T09:22:21.298+0000] {taskinstance.py:3131} INFO - Exporting env vars: AIRFLOW_CTX_DAG_OWNER='***' AIRFLOW_CTX_DAG_ID='extract_raw_data_pipeline' AIRFLOW_CTX_TASK_ID='create_raw_schema_task' AIRFLOW_CTX_EXECUTION_DATE='2025-11-22T07:00:00+00:00' AIRFLOW_CTX_TRY_NUMBER='1' AIRFLOW_CTX_DAG_RUN_ID='scheduled__2025-11-22T07:00:00+00:00'
[2025-11-23T09:22:21.299+0000] {taskinstance.py:731} INFO - ::endgroup::
[2025-11-23T09:22:21.361+0000] {sql.py:266} INFO - Executing: 
            CREATE SCHEMA IF NOT EXISTS raw;
        
[2025-11-23T09:22:21.397+0000] {taskinstance.py:3310} ERROR - Task failed with exception
Traceback (most recent call last):
  File "/home/airflow/.local/lib/python3.12/site-packages/airflow/models/taskinstance.py", line 767, in _execute_task
    result = _execute_callable(context=context, **execute_callable_kwargs)
             ^^^^^^^^^^^^^^^^^^^^^^^^^^^^^^^^^^^^^^^^^^^^^^^^^^^^^^^^^^^^^
  File "/home/airflow/.local/lib/python3.12/site-packages/airflow/models/taskinstance.py", line 733, in _execute_callable
    return ExecutionCallableRunner(
           ^^^^^^^^^^^^^^^^^^^^^^^^
  File "/home/airflow/.local/lib/python3.12/site-packages/airflow/utils/operator_helpers.py", line 252, in run
    return self.func(*args, **kwargs)
           ^^^^^^^^^^^^^^^^^^^^^^^^^^
  File "/home/airflow/.local/lib/python3.12/site-packages/airflow/models/baseoperator.py", line 406, in wrapper
    return func(self, *args, **kwargs)
           ^^^^^^^^^^^^^^^^^^^^^^^^^^^
  File "/home/airflow/.local/lib/python3.12/site-packages/airflow/providers/common/sql/operators/sql.py", line 267, in execute
    hook = self.get_db_hook()
           ^^^^^^^^^^^^^^^^^^
  File "/home/airflow/.local/lib/python3.12/site-packages/airflow/providers/common/sql/operators/sql.py", line 178, in get_db_hook
    return self._hook
           ^^^^^^^^^^
  File "/usr/local/lib/python3.12/functools.py", line 993, in __get__
    val = self.func(instance)
          ^^^^^^^^^^^^^^^^^^^
  File "/home/airflow/.local/lib/python3.12/site-packages/airflow/providers/common/sql/operators/sql.py", line 153, in _hook
    conn = BaseHook.get_connection(conn_id)
           ^^^^^^^^^^^^^^^^^^^^^^^^^^^^^^^^
  File "/home/airflow/.local/lib/python3.12/site-packages/airflow/hooks/base.py", line 83, in get_connection
    conn = Connection.get_connection_from_secrets(conn_id)
           ^^^^^^^^^^^^^^^^^^^^^^^^^^^^^^^^^^^^^^^^^^^^^^^
  File "/home/airflow/.local/lib/python3.12/site-packages/airflow/models/connection.py", line 537, in get_connection_from_secrets
    raise AirflowNotFoundException(f"The conn_id `{conn_id}` isn't defined")
airflow.exceptions.AirflowNotFoundException: The conn_id `postgres_conn` isn't defined
[2025-11-23T09:22:21.413+0000] {taskinstance.py:1225} INFO - Marking task as FAILED. dag_id=extract_raw_data_pipeline, task_id=create_raw_schema_task, run_id=scheduled__2025-11-22T07:00:00+00:00, execution_date=20251122T070000, start_date=20251123T092220, end_date=20251123T092221
[2025-11-23T09:22:21.439+0000] {taskinstance.py:340} INFO - ::group::Post task execution logs
[2025-11-23T09:22:21.440+0000] {standard_task_runner.py:124} ERROR - Failed to execute job 4 for task create_raw_schema_task (The conn_id `postgres_conn` isn't defined; 214)
Traceback (most recent call last):
  File "/home/airflow/.local/lib/python3.12/site-packages/airflow/task/task_runner/standard_task_runner.py", line 117, in _start_by_fork
    ret = args.func(args, dag=self.dag)
          ^^^^^^^^^^^^^^^^^^^^^^^^^^^^^
  File "/home/airflow/.local/lib/python3.12/site-packages/airflow/cli/cli_config.py", line 49, in command
    return func(*args, **kwargs)
           ^^^^^^^^^^^^^^^^^^^^^
  File "/home/airflow/.local/lib/python3.12/site-packages/airflow/utils/cli.py", line 115, in wrapper
    return f(*args, **kwargs)
           ^^^^^^^^^^^^^^^^^^
  File "/home/airflow/.local/lib/python3.12/site-packages/airflow/cli/commands/task_command.py", line 483, in task_run
    task_return_code = _run_task_by_selected_method(args, _dag, ti)
                       ^^^^^^^^^^^^^^^^^^^^^^^^^^^^^^^^^^^^^^^^^^^^
  File "/home/airflow/.local/lib/python3.12/site-packages/airflow/cli/commands/task_command.py", line 256, in _run_task_by_selected_method
    return _run_raw_task(args, ti)
           ^^^^^^^^^^^^^^^^^^^^^^^
  File "/home/airflow/.local/lib/python3.12/site-packages/airflow/cli/commands/task_command.py", line 341, in _run_raw_task
    return ti._run_raw_task(
           ^^^^^^^^^^^^^^^^^
  File "/home/airflow/.local/lib/python3.12/site-packages/airflow/utils/session.py", line 97, in wrapper
    return func(*args, session=session, **kwargs)
           ^^^^^^^^^^^^^^^^^^^^^^^^^^^^^^^^^^^^^^
  File "/home/airflow/.local/lib/python3.12/site-packages/airflow/models/taskinstance.py", line 3004, in _run_raw_task
    return _run_raw_task(
           ^^^^^^^^^^^^^^
  File "/home/airflow/.local/lib/python3.12/site-packages/airflow/models/taskinstance.py", line 273, in _run_raw_task
    TaskInstance._execute_task_with_callbacks(
  File "/home/airflow/.local/lib/python3.12/site-packages/airflow/models/taskinstance.py", line 3158, in _execute_task_with_callbacks
    result = self._execute_task(context, task_orig)
             ^^^^^^^^^^^^^^^^^^^^^^^^^^^^^^^^^^^^^^
  File "/home/airflow/.local/lib/python3.12/site-packages/airflow/models/taskinstance.py", line 3182, in _execute_task
    return _execute_task(self, context, task_orig)
           ^^^^^^^^^^^^^^^^^^^^^^^^^^^^^^^^^^^^^^^
  File "/home/airflow/.local/lib/python3.12/site-packages/airflow/models/taskinstance.py", line 767, in _execute_task
    result = _execute_callable(context=context, **execute_callable_kwargs)
             ^^^^^^^^^^^^^^^^^^^^^^^^^^^^^^^^^^^^^^^^^^^^^^^^^^^^^^^^^^^^^
  File "/home/airflow/.local/lib/python3.12/site-packages/airflow/models/taskinstance.py", line 733, in _execute_callable
    return ExecutionCallableRunner(
           ^^^^^^^^^^^^^^^^^^^^^^^^
  File "/home/airflow/.local/lib/python3.12/site-packages/airflow/utils/operator_helpers.py", line 252, in run
    return self.func(*args, **kwargs)
           ^^^^^^^^^^^^^^^^^^^^^^^^^^
  File "/home/airflow/.local/lib/python3.12/site-packages/airflow/models/baseoperator.py", line 406, in wrapper
    return func(self, *args, **kwargs)
           ^^^^^^^^^^^^^^^^^^^^^^^^^^^
  File "/home/airflow/.local/lib/python3.12/site-packages/airflow/providers/common/sql/operators/sql.py", line 267, in execute
    hook = self.get_db_hook()
           ^^^^^^^^^^^^^^^^^^
  File "/home/airflow/.local/lib/python3.12/site-packages/airflow/providers/common/sql/operators/sql.py", line 178, in get_db_hook
    return self._hook
           ^^^^^^^^^^
  File "/usr/local/lib/python3.12/functools.py", line 993, in __get__
    val = self.func(instance)
          ^^^^^^^^^^^^^^^^^^^
  File "/home/airflow/.local/lib/python3.12/site-packages/airflow/providers/common/sql/operators/sql.py", line 153, in _hook
    conn = BaseHook.get_connection(conn_id)
           ^^^^^^^^^^^^^^^^^^^^^^^^^^^^^^^^
  File "/home/airflow/.local/lib/python3.12/site-packages/airflow/hooks/base.py", line 83, in get_connection
    conn = Connection.get_connection_from_secrets(conn_id)
           ^^^^^^^^^^^^^^^^^^^^^^^^^^^^^^^^^^^^^^^^^^^^^^^
  File "/home/airflow/.local/lib/python3.12/site-packages/airflow/models/connection.py", line 537, in get_connection_from_secrets
    raise AirflowNotFoundException(f"The conn_id `{conn_id}` isn't defined")
airflow.exceptions.AirflowNotFoundException: The conn_id `postgres_conn` isn't defined
[2025-11-23T09:22:21.471+0000] {local_task_job_runner.py:266} INFO - Task exited with return code 1
[2025-11-23T09:22:21.494+0000] {local_task_job_runner.py:245} INFO - ::endgroup::
[2025-11-23T10:05:57.284+0000] {local_task_job_runner.py:123} INFO - ::group::Pre task execution logs
[2025-11-23T10:05:57.311+0000] {taskinstance.py:2612} INFO - Dependencies all met for dep_context=non-requeueable deps ti=<TaskInstance: extract_raw_data_pipeline.create_raw_schema_task scheduled__2025-11-22T07:00:00+00:00 [queued]>
[2025-11-23T10:05:57.327+0000] {taskinstance.py:2612} INFO - Dependencies all met for dep_context=requeueable deps ti=<TaskInstance: extract_raw_data_pipeline.create_raw_schema_task scheduled__2025-11-22T07:00:00+00:00 [queued]>
[2025-11-23T10:05:57.327+0000] {taskinstance.py:2865} INFO - Starting attempt 1 of 1
[2025-11-23T10:05:57.352+0000] {taskinstance.py:2888} INFO - Executing <Task(PostgresOperator): create_raw_schema_task> on 2025-11-22 07:00:00+00:00
[2025-11-23T10:05:57.362+0000] {warnings.py:112} WARNING - /home/***/.local/lib/python3.12/site-packages/***/task/task_runner/standard_task_runner.py:70: DeprecationWarning: This process (pid=83) is multi-threaded, use of fork() may lead to deadlocks in the child.
  pid = os.fork()

[2025-11-23T10:05:57.366+0000] {standard_task_runner.py:104} INFO - Running: ['***', 'tasks', 'run', 'extract_raw_data_pipeline', 'create_raw_schema_task', 'scheduled__2025-11-22T07:00:00+00:00', '--job-id', '4', '--raw', '--subdir', 'DAGS_FOLDER/driven_data_pipeline.py', '--cfg-path', '/tmp/tmpv6_0x0_v']
[2025-11-23T10:05:57.369+0000] {standard_task_runner.py:72} INFO - Started process 85 to run task
[2025-11-23T10:05:57.369+0000] {standard_task_runner.py:105} INFO - Job 4: Subtask create_raw_schema_task
[2025-11-23T10:05:57.458+0000] {task_command.py:467} INFO - Running <TaskInstance: extract_raw_data_pipeline.create_raw_schema_task scheduled__2025-11-22T07:00:00+00:00 [running]> on host 49f68414808b
[2025-11-23T10:05:57.574+0000] {taskinstance.py:3131} INFO - Exporting env vars: AIRFLOW_CTX_DAG_OWNER='***' AIRFLOW_CTX_DAG_ID='extract_raw_data_pipeline' AIRFLOW_CTX_TASK_ID='create_raw_schema_task' AIRFLOW_CTX_EXECUTION_DATE='2025-11-22T07:00:00+00:00' AIRFLOW_CTX_TRY_NUMBER='1' AIRFLOW_CTX_DAG_RUN_ID='scheduled__2025-11-22T07:00:00+00:00'
[2025-11-23T10:05:57.575+0000] {taskinstance.py:731} INFO - ::endgroup::
[2025-11-23T10:05:57.616+0000] {sql.py:266} INFO - Executing: 
            CREATE SCHEMA IF NOT EXISTS raw;
        
[2025-11-23T10:05:57.626+0000] {base.py:84} INFO - Retrieving connection 'postgres_conn'
[2025-11-23T10:05:57.647+0000] {base.py:84} INFO - Retrieving connection 'postgres_conn'
[2025-11-23T10:05:57.654+0000] {sql.py:509} INFO - Running statement: 
            CREATE SCHEMA IF NOT EXISTS raw;
        , parameters: None
[2025-11-23T10:05:57.673+0000] {taskinstance.py:340} INFO - ::group::Post task execution logs
[2025-11-23T10:05:57.673+0000] {taskinstance.py:352} INFO - Marking task as SUCCESS. dag_id=extract_raw_data_pipeline, task_id=create_raw_schema_task, run_id=scheduled__2025-11-22T07:00:00+00:00, execution_date=20251122T070000, start_date=20251123T100557, end_date=20251123T100557
[2025-11-23T10:05:57.723+0000] {local_task_job_runner.py:266} INFO - Task exited with return code 0
[2025-11-23T10:05:57.739+0000] {warnings.py:112} WARNING - /home/***/.local/lib/python3.12/site-packages/***/models/baseoperator.py:1378: AirflowProviderDeprecationWarning: Call to deprecated class PostgresOperator. (Please use `***.providers.common.sql.operators.sql.SQLExecuteQueryOperator`.Also, you can provide `hook_params={'schema': <database>}`.)
  result = cls.__new__(cls)

[2025-11-23T10:05:57.764+0000] {taskinstance.py:3900} INFO - 0 downstream tasks scheduled from follow-on schedule check
[2025-11-23T10:05:57.766+0000] {local_task_job_runner.py:245} INFO - ::endgroup::
[2025-11-23T10:47:55.826+0000] {local_task_job_runner.py:123} INFO - ::group::Pre task execution logs
[2025-11-23T10:47:55.857+0000] {taskinstance.py:2612} INFO - Dependencies all met for dep_context=non-requeueable deps ti=<TaskInstance: extract_raw_data_pipeline.create_raw_schema_task scheduled__2025-11-22T07:00:00+00:00 [queued]>
[2025-11-23T10:47:55.872+0000] {taskinstance.py:2612} INFO - Dependencies all met for dep_context=requeueable deps ti=<TaskInstance: extract_raw_data_pipeline.create_raw_schema_task scheduled__2025-11-22T07:00:00+00:00 [queued]>
[2025-11-23T10:47:55.873+0000] {taskinstance.py:2865} INFO - Starting attempt 1 of 1
[2025-11-23T10:47:55.891+0000] {taskinstance.py:2888} INFO - Executing <Task(PostgresOperator): create_raw_schema_task> on 2025-11-22 07:00:00+00:00
[2025-11-23T10:47:55.898+0000] {warnings.py:112} WARNING - /home/***/.local/lib/python3.12/site-packages/***/task/task_runner/standard_task_runner.py:70: DeprecationWarning: This process (pid=85) is multi-threaded, use of fork() may lead to deadlocks in the child.
  pid = os.fork()

[2025-11-23T10:47:55.900+0000] {standard_task_runner.py:72} INFO - Started process 87 to run task
[2025-11-23T10:47:55.901+0000] {standard_task_runner.py:104} INFO - Running: ['***', 'tasks', 'run', 'extract_raw_data_pipeline', 'create_raw_schema_task', 'scheduled__2025-11-22T07:00:00+00:00', '--job-id', '4', '--raw', '--subdir', 'DAGS_FOLDER/driven_data_pipeline.py', '--cfg-path', '/tmp/tmpyujiro8_']
[2025-11-23T10:47:55.903+0000] {standard_task_runner.py:105} INFO - Job 4: Subtask create_raw_schema_task
[2025-11-23T10:47:56.002+0000] {task_command.py:467} INFO - Running <TaskInstance: extract_raw_data_pipeline.create_raw_schema_task scheduled__2025-11-22T07:00:00+00:00 [running]> on host 2154dd3c667f
[2025-11-23T10:47:56.109+0000] {taskinstance.py:3131} INFO - Exporting env vars: AIRFLOW_CTX_DAG_OWNER='***' AIRFLOW_CTX_DAG_ID='extract_raw_data_pipeline' AIRFLOW_CTX_TASK_ID='create_raw_schema_task' AIRFLOW_CTX_EXECUTION_DATE='2025-11-22T07:00:00+00:00' AIRFLOW_CTX_TRY_NUMBER='1' AIRFLOW_CTX_DAG_RUN_ID='scheduled__2025-11-22T07:00:00+00:00'
[2025-11-23T10:47:56.112+0000] {taskinstance.py:731} INFO - ::endgroup::
[2025-11-23T10:47:56.154+0000] {sql.py:266} INFO - Executing: 
            CREATE SCHEMA IF NOT EXISTS raw;
        
[2025-11-23T10:47:56.168+0000] {base.py:84} INFO - Retrieving connection 'postgres_conn'
[2025-11-23T10:47:56.192+0000] {base.py:84} INFO - Retrieving connection 'postgres_conn'
[2025-11-23T10:47:56.198+0000] {sql.py:509} INFO - Running statement: 
            CREATE SCHEMA IF NOT EXISTS raw;
        , parameters: None
[2025-11-23T10:47:56.217+0000] {taskinstance.py:340} INFO - ::group::Post task execution logs
[2025-11-23T10:47:56.217+0000] {taskinstance.py:352} INFO - Marking task as SUCCESS. dag_id=extract_raw_data_pipeline, task_id=create_raw_schema_task, run_id=scheduled__2025-11-22T07:00:00+00:00, execution_date=20251122T070000, start_date=20251123T104755, end_date=20251123T104756
[2025-11-23T10:47:56.263+0000] {local_task_job_runner.py:266} INFO - Task exited with return code 0
[2025-11-23T10:47:56.275+0000] {warnings.py:112} WARNING - /home/***/.local/lib/python3.12/site-packages/***/models/baseoperator.py:1378: AirflowProviderDeprecationWarning: Call to deprecated class PostgresOperator. (Please use `***.providers.common.sql.operators.sql.SQLExecuteQueryOperator`.Also, you can provide `hook_params={'schema': <database>}`.)
  result = cls.__new__(cls)

[2025-11-23T10:47:56.297+0000] {taskinstance.py:3900} INFO - 0 downstream tasks scheduled from follow-on schedule check
[2025-11-23T10:47:56.298+0000] {local_task_job_runner.py:245} INFO - ::endgroup::
[2025-11-23T11:00:50.766+0000] {local_task_job_runner.py:123} INFO - ::group::Pre task execution logs
[2025-11-23T11:00:50.868+0000] {taskinstance.py:2612} INFO - Dependencies all met for dep_context=non-requeueable deps ti=<TaskInstance: extract_raw_data_pipeline.create_raw_schema_task scheduled__2025-11-22T07:00:00+00:00 [queued]>
[2025-11-23T11:00:50.893+0000] {taskinstance.py:2612} INFO - Dependencies all met for dep_context=requeueable deps ti=<TaskInstance: extract_raw_data_pipeline.create_raw_schema_task scheduled__2025-11-22T07:00:00+00:00 [queued]>
[2025-11-23T11:00:50.894+0000] {taskinstance.py:2865} INFO - Starting attempt 1 of 1
[2025-11-23T11:00:50.941+0000] {taskinstance.py:2888} INFO - Executing <Task(PostgresOperator): create_raw_schema_task> on 2025-11-22 07:00:00+00:00
[2025-11-23T11:00:50.968+0000] {standard_task_runner.py:104} INFO - Running: ['***', 'tasks', 'run', 'extract_raw_data_pipeline', 'create_raw_schema_task', 'scheduled__2025-11-22T07:00:00+00:00', '--job-id', '3', '--raw', '--subdir', 'DAGS_FOLDER/driven_data_pipeline.py', '--cfg-path', '/tmp/tmpttuiog7y']
[2025-11-23T11:00:50.965+0000] {warnings.py:112} WARNING - /home/***/.local/lib/python3.12/site-packages/***/task/task_runner/standard_task_runner.py:70: DeprecationWarning: This process (pid=84) is multi-threaded, use of fork() may lead to deadlocks in the child.
  pid = os.fork()

[2025-11-23T11:00:50.973+0000] {standard_task_runner.py:105} INFO - Job 3: Subtask create_raw_schema_task
[2025-11-23T11:00:50.974+0000] {standard_task_runner.py:72} INFO - Started process 92 to run task
[2025-11-23T11:00:51.251+0000] {task_command.py:467} INFO - Running <TaskInstance: extract_raw_data_pipeline.create_raw_schema_task scheduled__2025-11-22T07:00:00+00:00 [running]> on host f78c98b58354
[2025-11-23T11:00:51.819+0000] {taskinstance.py:3131} INFO - Exporting env vars: AIRFLOW_CTX_DAG_OWNER='***' AIRFLOW_CTX_DAG_ID='extract_raw_data_pipeline' AIRFLOW_CTX_TASK_ID='create_raw_schema_task' AIRFLOW_CTX_EXECUTION_DATE='2025-11-22T07:00:00+00:00' AIRFLOW_CTX_TRY_NUMBER='1' AIRFLOW_CTX_DAG_RUN_ID='scheduled__2025-11-22T07:00:00+00:00'
[2025-11-23T11:00:51.828+0000] {taskinstance.py:731} INFO - ::endgroup::
[2025-11-23T11:00:51.916+0000] {sql.py:266} INFO - Executing: 
            CREATE SCHEMA IF NOT EXISTS raw;
        
[2025-11-23T11:00:52.091+0000] {base.py:84} INFO - Retrieving connection 'postgres_conn'
[2025-11-23T11:00:52.252+0000] {base.py:84} INFO - Retrieving connection 'postgres_conn'
[2025-11-23T11:00:52.306+0000] {sql.py:509} INFO - Running statement: 
            CREATE SCHEMA IF NOT EXISTS raw;
        , parameters: None
[2025-11-23T11:00:52.353+0000] {taskinstance.py:340} INFO - ::group::Post task execution logs
[2025-11-23T11:00:52.354+0000] {taskinstance.py:352} INFO - Marking task as SUCCESS. dag_id=extract_raw_data_pipeline, task_id=create_raw_schema_task, run_id=scheduled__2025-11-22T07:00:00+00:00, execution_date=20251122T070000, start_date=20251123T110050, end_date=20251123T110052
[2025-11-23T11:00:52.416+0000] {local_task_job_runner.py:266} INFO - Task exited with return code 0
[2025-11-23T11:00:52.441+0000] {warnings.py:112} WARNING - /home/***/.local/lib/python3.12/site-packages/***/models/baseoperator.py:1378: AirflowProviderDeprecationWarning: Call to deprecated class PostgresOperator. (Please use `***.providers.common.sql.operators.sql.SQLExecuteQueryOperator`.Also, you can provide `hook_params={'schema': <database>}`.)
  result = cls.__new__(cls)

[2025-11-23T11:00:52.479+0000] {taskinstance.py:3900} INFO - 1 downstream tasks scheduled from follow-on schedule check
[2025-11-23T11:00:52.482+0000] {local_task_job_runner.py:245} INFO - ::endgroup::
[2025-11-23T11:24:35.076+0000] {local_task_job_runner.py:123} INFO - ::group::Pre task execution logs
[2025-11-23T11:24:35.109+0000] {taskinstance.py:2612} INFO - Dependencies all met for dep_context=non-requeueable deps ti=<TaskInstance: extract_raw_data_pipeline.create_raw_schema_task scheduled__2025-11-22T07:00:00+00:00 [queued]>
[2025-11-23T11:24:35.121+0000] {taskinstance.py:2612} INFO - Dependencies all met for dep_context=requeueable deps ti=<TaskInstance: extract_raw_data_pipeline.create_raw_schema_task scheduled__2025-11-22T07:00:00+00:00 [queued]>
[2025-11-23T11:24:35.122+0000] {taskinstance.py:2865} INFO - Starting attempt 1 of 1
[2025-11-23T11:24:35.144+0000] {taskinstance.py:2888} INFO - Executing <Task(PostgresOperator): create_raw_schema_task> on 2025-11-22 07:00:00+00:00
[2025-11-23T11:24:35.149+0000] {warnings.py:112} WARNING - /home/***/.local/lib/python3.12/site-packages/***/task/task_runner/standard_task_runner.py:70: DeprecationWarning: This process (pid=82) is multi-threaded, use of fork() may lead to deadlocks in the child.
  pid = os.fork()

[2025-11-23T11:24:35.152+0000] {standard_task_runner.py:72} INFO - Started process 84 to run task
[2025-11-23T11:24:35.152+0000] {standard_task_runner.py:104} INFO - Running: ['***', 'tasks', 'run', 'extract_raw_data_pipeline', 'create_raw_schema_task', 'scheduled__2025-11-22T07:00:00+00:00', '--job-id', '3', '--raw', '--subdir', 'DAGS_FOLDER/driven_data_pipeline.py', '--cfg-path', '/tmp/tmp8u__ww9n']
[2025-11-23T11:24:35.154+0000] {standard_task_runner.py:105} INFO - Job 3: Subtask create_raw_schema_task
[2025-11-23T11:24:35.220+0000] {task_command.py:467} INFO - Running <TaskInstance: extract_raw_data_pipeline.create_raw_schema_task scheduled__2025-11-22T07:00:00+00:00 [running]> on host 1b6a13258dce
[2025-11-23T11:24:35.336+0000] {taskinstance.py:3131} INFO - Exporting env vars: AIRFLOW_CTX_DAG_OWNER='***' AIRFLOW_CTX_DAG_ID='extract_raw_data_pipeline' AIRFLOW_CTX_TASK_ID='create_raw_schema_task' AIRFLOW_CTX_EXECUTION_DATE='2025-11-22T07:00:00+00:00' AIRFLOW_CTX_TRY_NUMBER='1' AIRFLOW_CTX_DAG_RUN_ID='scheduled__2025-11-22T07:00:00+00:00'
[2025-11-23T11:24:35.338+0000] {taskinstance.py:731} INFO - ::endgroup::
[2025-11-23T11:24:35.382+0000] {sql.py:266} INFO - Executing: 
            CREATE SCHEMA IF NOT EXISTS raw;
        
[2025-11-23T11:24:35.395+0000] {base.py:84} INFO - Retrieving connection 'postgres_conn'
[2025-11-23T11:24:35.425+0000] {base.py:84} INFO - Retrieving connection 'postgres_conn'
[2025-11-23T11:24:35.430+0000] {sql.py:509} INFO - Running statement: 
            CREATE SCHEMA IF NOT EXISTS raw;
        , parameters: None
[2025-11-23T11:24:35.458+0000] {taskinstance.py:340} INFO - ::group::Post task execution logs
[2025-11-23T11:24:35.458+0000] {taskinstance.py:352} INFO - Marking task as SUCCESS. dag_id=extract_raw_data_pipeline, task_id=create_raw_schema_task, run_id=scheduled__2025-11-22T07:00:00+00:00, execution_date=20251122T070000, start_date=20251123T112435, end_date=20251123T112435
[2025-11-23T11:24:35.505+0000] {local_task_job_runner.py:266} INFO - Task exited with return code 0
[2025-11-23T11:24:35.518+0000] {warnings.py:112} WARNING - /home/***/.local/lib/python3.12/site-packages/***/models/baseoperator.py:1378: AirflowProviderDeprecationWarning: Call to deprecated class PostgresOperator. (Please use `***.providers.common.sql.operators.sql.SQLExecuteQueryOperator`.Also, you can provide `hook_params={'schema': <database>}`.)
  result = cls.__new__(cls)

[2025-11-23T11:24:35.543+0000] {taskinstance.py:3900} INFO - 1 downstream tasks scheduled from follow-on schedule check
[2025-11-23T11:24:35.544+0000] {local_task_job_runner.py:245} INFO - ::endgroup::
