[2025-11-24T12:52:07.025+0000] {local_task_job_runner.py:123} INFO - ::group::Pre task execution logs
[2025-11-24T12:52:07.053+0000] {taskinstance.py:2612} INFO - Dependencies all met for dep_context=non-requeueable deps ti=<TaskInstance: extract_raw_data_pipeline.run_dbt_staging_task manual__2025-11-24T12:50:45.270210+00:00 [queued]>
[2025-11-24T12:52:07.068+0000] {taskinstance.py:2612} INFO - Dependencies all met for dep_context=requeueable deps ti=<TaskInstance: extract_raw_data_pipeline.run_dbt_staging_task manual__2025-11-24T12:50:45.270210+00:00 [queued]>
[2025-11-24T12:52:07.068+0000] {taskinstance.py:2865} INFO - Starting attempt 1 of 1
[2025-11-24T12:52:07.092+0000] {taskinstance.py:2888} INFO - Executing <Task(BashOperator): run_dbt_staging_task> on 2025-11-24 12:50:45.270210+00:00
[2025-11-24T12:52:07.101+0000] {warnings.py:112} WARNING - /home/***/.local/lib/python3.12/site-packages/***/task/task_runner/standard_task_runner.py:70: DeprecationWarning: This process (pid=135) is multi-threaded, use of fork() may lead to deadlocks in the child.
  pid = os.fork()

[2025-11-24T12:52:07.104+0000] {standard_task_runner.py:72} INFO - Started process 136 to run task
[2025-11-24T12:52:07.105+0000] {standard_task_runner.py:104} INFO - Running: ['***', 'tasks', 'run', 'extract_raw_data_pipeline', 'run_dbt_staging_task', 'manual__2025-11-24T12:50:45.270210+00:00', '--job-id', '15', '--raw', '--subdir', 'DAGS_FOLDER/driven_data_pipeline.py', '--cfg-path', '/tmp/tmpz7gtmdle']
[2025-11-24T12:52:07.108+0000] {standard_task_runner.py:105} INFO - Job 15: Subtask run_dbt_staging_task
[2025-11-24T12:52:07.356+0000] {task_command.py:467} INFO - Running <TaskInstance: extract_raw_data_pipeline.run_dbt_staging_task manual__2025-11-24T12:50:45.270210+00:00 [running]> on host e7d09e04a94a
[2025-11-24T12:52:07.737+0000] {taskinstance.py:3131} INFO - Exporting env vars: AIRFLOW_CTX_DAG_OWNER='***' AIRFLOW_CTX_DAG_ID='extract_raw_data_pipeline' AIRFLOW_CTX_TASK_ID='run_dbt_staging_task' AIRFLOW_CTX_EXECUTION_DATE='2025-11-24T12:50:45.270210+00:00' AIRFLOW_CTX_TRY_NUMBER='1' AIRFLOW_CTX_DAG_RUN_ID='manual__2025-11-24T12:50:45.270210+00:00'
[2025-11-24T12:52:07.743+0000] {taskinstance.py:731} INFO - ::endgroup::
[2025-11-24T12:52:07.819+0000] {subprocess.py:63} INFO - Tmp dir root location: /tmp
[2025-11-24T12:52:07.827+0000] {subprocess.py:75} INFO - Running command: ['/usr/bin/bash', '-c', 'cd /opt/***/dags/dbt/ && dbt run --models staging.* --profiles-dir /opt/***/dags/dbt/']
[2025-11-24T12:52:07.871+0000] {subprocess.py:86} INFO - Output:
[2025-11-24T12:52:15.369+0000] {subprocess.py:93} INFO - [0m12:52:15  Running with dbt=1.8.0
[2025-11-24T12:52:16.278+0000] {subprocess.py:93} INFO - [0m12:52:16  Registered adapter: postgres=1.8.2
[2025-11-24T12:52:19.357+0000] {subprocess.py:93} INFO - [0m12:52:19  Unable to do partial parsing because saved manifest not found. Starting full parse.
[2025-11-24T12:52:21.739+0000] {subprocess.py:93} INFO - [0m12:52:21  Found 428 macros
[2025-11-24T12:52:21.743+0000] {subprocess.py:93} INFO - [0m12:52:21  The selection criterion 'staging.*' does not match any enabled nodes
[2025-11-24T12:52:21.747+0000] {subprocess.py:93} INFO - [0m12:52:21
[2025-11-24T12:52:21.749+0000] {subprocess.py:93} INFO - [0m12:52:21  Nothing to do. Try checking your model configs and model specification args
[2025-11-24T12:52:23.277+0000] {subprocess.py:97} INFO - Command exited with return code 0
[2025-11-24T12:52:23.368+0000] {taskinstance.py:340} INFO - ::group::Post task execution logs
[2025-11-24T12:52:23.369+0000] {taskinstance.py:352} INFO - Marking task as SUCCESS. dag_id=extract_raw_data_pipeline, task_id=run_dbt_staging_task, run_id=manual__2025-11-24T12:50:45.270210+00:00, execution_date=20251124T125045, start_date=20251124T125207, end_date=20251124T125223
[2025-11-24T12:52:23.424+0000] {local_task_job_runner.py:266} INFO - Task exited with return code 0
[2025-11-24T12:52:23.475+0000] {taskinstance.py:3900} INFO - 1 downstream tasks scheduled from follow-on schedule check
[2025-11-24T12:52:23.477+0000] {local_task_job_runner.py:245} INFO - ::endgroup::
