[2025-11-23T11:42:31.001+0000] {local_task_job_runner.py:123} INFO - ::group::Pre task execution logs
[2025-11-23T11:42:31.024+0000] {taskinstance.py:2612} INFO - Dependencies all met for dep_context=non-requeueable deps ti=<TaskInstance: extract_raw_data_pipeline.run_dbt_staging scheduled__2025-11-23T07:58:00+00:00 [queued]>
[2025-11-23T11:42:31.034+0000] {taskinstance.py:2612} INFO - Dependencies all met for dep_context=requeueable deps ti=<TaskInstance: extract_raw_data_pipeline.run_dbt_staging scheduled__2025-11-23T07:58:00+00:00 [queued]>
[2025-11-23T11:42:31.034+0000] {taskinstance.py:2865} INFO - Starting attempt 1 of 1
[2025-11-23T11:42:31.060+0000] {taskinstance.py:2888} INFO - Executing <Task(BashOperator): run_dbt_staging> on 2025-11-23 07:58:00+00:00
[2025-11-23T11:42:31.070+0000] {warnings.py:112} WARNING - /home/***/.local/lib/python3.12/site-packages/***/task/task_runner/standard_task_runner.py:70: DeprecationWarning: This process (pid=104) is multi-threaded, use of fork() may lead to deadlocks in the child.
  pid = os.fork()

[2025-11-23T11:42:31.072+0000] {standard_task_runner.py:72} INFO - Started process 106 to run task
[2025-11-23T11:42:31.073+0000] {standard_task_runner.py:104} INFO - Running: ['***', 'tasks', 'run', 'extract_raw_data_pipeline', 'run_dbt_staging', 'scheduled__2025-11-23T07:58:00+00:00', '--job-id', '7', '--raw', '--subdir', 'DAGS_FOLDER/driven_data_pipeline.py', '--cfg-path', '/tmp/tmpezeifw14']
[2025-11-23T11:42:31.075+0000] {standard_task_runner.py:105} INFO - Job 7: Subtask run_dbt_staging
[2025-11-23T11:42:31.139+0000] {task_command.py:467} INFO - Running <TaskInstance: extract_raw_data_pipeline.run_dbt_staging scheduled__2025-11-23T07:58:00+00:00 [running]> on host 4b1abde5805c
[2025-11-23T11:42:31.241+0000] {taskinstance.py:3131} INFO - Exporting env vars: AIRFLOW_CTX_DAG_OWNER='***' AIRFLOW_CTX_DAG_ID='extract_raw_data_pipeline' AIRFLOW_CTX_TASK_ID='run_dbt_staging' AIRFLOW_CTX_EXECUTION_DATE='2025-11-23T07:58:00+00:00' AIRFLOW_CTX_TRY_NUMBER='1' AIRFLOW_CTX_DAG_RUN_ID='scheduled__2025-11-23T07:58:00+00:00'
[2025-11-23T11:42:31.242+0000] {taskinstance.py:731} INFO - ::endgroup::
[2025-11-23T11:42:31.265+0000] {subprocess.py:63} INFO - Tmp dir root location: /tmp
[2025-11-23T11:42:31.267+0000] {subprocess.py:75} INFO - Running command: ['/usr/bin/bash', '-c', 'set -x; cd /opt/***/dbt && dbt run --select tag:staging']
[2025-11-23T11:42:31.286+0000] {subprocess.py:86} INFO - Output:
[2025-11-23T11:42:31.300+0000] {subprocess.py:93} INFO - + cd /opt/***/dbt
[2025-11-23T11:42:31.301+0000] {subprocess.py:93} INFO - + dbt run --select tag:staging
[2025-11-23T11:42:37.302+0000] {subprocess.py:93} INFO - [0m11:42:37  Running with dbt=1.8.0
[2025-11-23T11:42:38.440+0000] {subprocess.py:93} INFO - [0m11:42:38  Registered adapter: postgres=1.8.2
[2025-11-23T11:44:13.587+0000] {job.py:229} INFO - Heartbeat recovered after 97.40 seconds
[2025-11-23T11:44:14.636+0000] {subprocess.py:93} INFO - [0m11:44:14  Found 9 models, 10 sources, 428 macros
[2025-11-23T11:44:14.718+0000] {subprocess.py:93} INFO - [0m11:44:14
[2025-11-23T11:44:16.351+0000] {subprocess.py:93} INFO - [0m11:44:16  Concurrency: 1 threads (target='dev')
[2025-11-23T11:44:16.364+0000] {subprocess.py:93} INFO - [0m11:44:16
[2025-11-23T11:44:16.409+0000] {subprocess.py:93} INFO - [0m11:44:16  1 of 5 START sql table model driven_staging.dim_address ........................ [RUN]
[2025-11-23T11:44:17.142+0000] {subprocess.py:93} INFO - [0m11:44:17  1 of 5 OK created sql table model driven_staging.dim_address ................... [[32mSELECT 53[0m in 0.71s]
[2025-11-23T11:44:17.151+0000] {subprocess.py:93} INFO - [0m11:44:17  2 of 5 START sql table model driven_staging.dim_date ........................... [RUN]
[2025-11-23T11:44:17.474+0000] {subprocess.py:93} INFO - [0m11:44:17  2 of 5 OK created sql table model driven_staging.dim_date ...................... [[32mSELECT 53[0m in 0.31s]
[2025-11-23T11:44:17.484+0000] {subprocess.py:93} INFO - [0m11:44:17  3 of 5 START sql table model driven_staging.dim_finance ........................ [RUN]
[2025-11-23T11:44:17.757+0000] {subprocess.py:93} INFO - [0m11:44:17  3 of 5 OK created sql table model driven_staging.dim_finance ................... [[32mSELECT 53[0m in 0.27s]
[2025-11-23T11:44:17.764+0000] {subprocess.py:93} INFO - [0m11:44:17  4 of 5 START sql table model driven_staging.dim_person ......................... [RUN]
[2025-11-23T11:44:18.124+0000] {subprocess.py:93} INFO - [0m11:44:18  4 of 5 OK created sql table model driven_staging.dim_person .................... [[32mSELECT 53[0m in 0.35s]
[2025-11-23T11:44:18.136+0000] {subprocess.py:93} INFO - [0m11:44:18  5 of 5 START sql table model driven_staging.fact_network_usage ................. [RUN]
[2025-11-23T11:44:18.525+0000] {subprocess.py:93} INFO - [0m11:44:18  5 of 5 OK created sql table model driven_staging.fact_network_usage ............ [[32mSELECT 53[0m in 0.37s]
[2025-11-23T11:44:18.806+0000] {subprocess.py:93} INFO - [0m11:44:18
[2025-11-23T11:44:18.843+0000] {subprocess.py:93} INFO - [0m11:44:18  Finished running 5 table models in 0 hours 0 minutes and 4.13 seconds (4.13s).
[2025-11-23T11:44:19.241+0000] {subprocess.py:93} INFO - [0m11:44:19
[2025-11-23T11:44:19.328+0000] {subprocess.py:93} INFO - [0m11:44:19  [32mCompleted successfully[0m
[2025-11-23T11:44:19.496+0000] {subprocess.py:93} INFO - [0m11:44:19
[2025-11-23T11:44:19.651+0000] {subprocess.py:93} INFO - [0m11:44:19  Done. PASS=5 WARN=0 ERROR=0 SKIP=0 TOTAL=5
[2025-11-23T11:45:52.191+0000] {job.py:229} INFO - Heartbeat recovered after 98.76 seconds
[2025-11-23T11:45:52.646+0000] {subprocess.py:97} INFO - Command exited with return code 0
[2025-11-23T11:45:52.950+0000] {taskinstance.py:340} INFO - ::group::Post task execution logs
[2025-11-23T11:45:52.953+0000] {taskinstance.py:352} INFO - Marking task as SUCCESS. dag_id=extract_raw_data_pipeline, task_id=run_dbt_staging, run_id=scheduled__2025-11-23T07:58:00+00:00, execution_date=20251123T075800, start_date=20251123T114231, end_date=20251123T114552
[2025-11-23T11:45:53.101+0000] {local_task_job_runner.py:266} INFO - Task exited with return code 0
[2025-11-23T11:45:53.204+0000] {taskinstance.py:3900} INFO - 1 downstream tasks scheduled from follow-on schedule check
[2025-11-23T11:45:53.209+0000] {local_task_job_runner.py:245} INFO - ::endgroup::
