[2025-11-25T00:00:02.225+0000] {processor.py:186} INFO - Started process (PID=1088) to work on /opt/airflow/dags/driven_data_pipeline.py
[2025-11-25T00:00:02.226+0000] {processor.py:914} INFO - Processing file /opt/airflow/dags/driven_data_pipeline.py for tasks to queue
[2025-11-25T00:00:02.228+0000] {logging_mixin.py:190} INFO - [2025-11-25T00:00:02.228+0000] {dagbag.py:588} INFO - Filling up the DagBag from /opt/airflow/dags/driven_data_pipeline.py
[2025-11-25T00:00:02.245+0000] {processor.py:925} INFO - DAG(s) 'extract_raw_data_pipeline' retrieved from /opt/airflow/dags/driven_data_pipeline.py
[2025-11-25T00:00:02.278+0000] {logging_mixin.py:190} INFO - [2025-11-25T00:00:02.278+0000] {dag.py:3239} INFO - Sync 1 DAGs
[2025-11-25T00:00:02.309+0000] {logging_mixin.py:190} INFO - [2025-11-25T00:00:02.309+0000] {dag.py:4180} INFO - Setting next_dagrun for extract_raw_data_pipeline to 2025-11-24 07:00:00+00:00, run_after=2025-11-25 07:00:00+00:00
[2025-11-25T00:00:02.330+0000] {processor.py:208} INFO - Processing /opt/airflow/dags/driven_data_pipeline.py took 0.115 seconds
[2025-11-25T00:00:32.717+0000] {processor.py:186} INFO - Started process (PID=1095) to work on /opt/airflow/dags/driven_data_pipeline.py
[2025-11-25T00:00:32.719+0000] {processor.py:914} INFO - Processing file /opt/airflow/dags/driven_data_pipeline.py for tasks to queue
[2025-11-25T00:00:32.722+0000] {logging_mixin.py:190} INFO - [2025-11-25T00:00:32.721+0000] {dagbag.py:588} INFO - Filling up the DagBag from /opt/airflow/dags/driven_data_pipeline.py
[2025-11-25T00:00:32.750+0000] {processor.py:925} INFO - DAG(s) 'extract_raw_data_pipeline' retrieved from /opt/airflow/dags/driven_data_pipeline.py
[2025-11-25T00:00:32.795+0000] {logging_mixin.py:190} INFO - [2025-11-25T00:00:32.795+0000] {dag.py:3239} INFO - Sync 1 DAGs
[2025-11-25T00:00:32.835+0000] {logging_mixin.py:190} INFO - [2025-11-25T00:00:32.834+0000] {dag.py:4180} INFO - Setting next_dagrun for extract_raw_data_pipeline to 2025-11-24 07:00:00+00:00, run_after=2025-11-25 07:00:00+00:00
[2025-11-25T00:00:32.868+0000] {processor.py:208} INFO - Processing /opt/airflow/dags/driven_data_pipeline.py took 0.171 seconds
[2025-11-25T00:01:03.023+0000] {processor.py:186} INFO - Started process (PID=1102) to work on /opt/airflow/dags/driven_data_pipeline.py
[2025-11-25T00:01:03.025+0000] {processor.py:914} INFO - Processing file /opt/airflow/dags/driven_data_pipeline.py for tasks to queue
[2025-11-25T00:01:03.027+0000] {logging_mixin.py:190} INFO - [2025-11-25T00:01:03.026+0000] {dagbag.py:588} INFO - Filling up the DagBag from /opt/airflow/dags/driven_data_pipeline.py
[2025-11-25T00:01:03.044+0000] {processor.py:925} INFO - DAG(s) 'extract_raw_data_pipeline' retrieved from /opt/airflow/dags/driven_data_pipeline.py
[2025-11-25T00:01:03.082+0000] {logging_mixin.py:190} INFO - [2025-11-25T00:01:03.082+0000] {dag.py:3239} INFO - Sync 1 DAGs
[2025-11-25T00:01:03.114+0000] {logging_mixin.py:190} INFO - [2025-11-25T00:01:03.114+0000] {dag.py:4180} INFO - Setting next_dagrun for extract_raw_data_pipeline to 2025-11-24 07:00:00+00:00, run_after=2025-11-25 07:00:00+00:00
[2025-11-25T00:01:03.136+0000] {processor.py:208} INFO - Processing /opt/airflow/dags/driven_data_pipeline.py took 0.121 seconds
[2025-11-25T00:01:33.375+0000] {processor.py:186} INFO - Started process (PID=1109) to work on /opt/airflow/dags/driven_data_pipeline.py
[2025-11-25T00:01:33.376+0000] {processor.py:914} INFO - Processing file /opt/airflow/dags/driven_data_pipeline.py for tasks to queue
[2025-11-25T00:01:33.378+0000] {logging_mixin.py:190} INFO - [2025-11-25T00:01:33.378+0000] {dagbag.py:588} INFO - Filling up the DagBag from /opt/airflow/dags/driven_data_pipeline.py
[2025-11-25T00:01:33.400+0000] {processor.py:925} INFO - DAG(s) 'extract_raw_data_pipeline' retrieved from /opt/airflow/dags/driven_data_pipeline.py
[2025-11-25T00:01:33.435+0000] {logging_mixin.py:190} INFO - [2025-11-25T00:01:33.435+0000] {dag.py:3239} INFO - Sync 1 DAGs
[2025-11-25T00:01:33.467+0000] {logging_mixin.py:190} INFO - [2025-11-25T00:01:33.466+0000] {dag.py:4180} INFO - Setting next_dagrun for extract_raw_data_pipeline to 2025-11-24 07:00:00+00:00, run_after=2025-11-25 07:00:00+00:00
[2025-11-25T00:01:33.489+0000] {processor.py:208} INFO - Processing /opt/airflow/dags/driven_data_pipeline.py took 0.125 seconds
[2025-11-25T00:02:03.741+0000] {processor.py:186} INFO - Started process (PID=1116) to work on /opt/airflow/dags/driven_data_pipeline.py
[2025-11-25T00:02:03.742+0000] {processor.py:914} INFO - Processing file /opt/airflow/dags/driven_data_pipeline.py for tasks to queue
[2025-11-25T00:02:03.745+0000] {logging_mixin.py:190} INFO - [2025-11-25T00:02:03.744+0000] {dagbag.py:588} INFO - Filling up the DagBag from /opt/airflow/dags/driven_data_pipeline.py
[2025-11-25T00:02:03.767+0000] {processor.py:925} INFO - DAG(s) 'extract_raw_data_pipeline' retrieved from /opt/airflow/dags/driven_data_pipeline.py
[2025-11-25T00:02:03.801+0000] {logging_mixin.py:190} INFO - [2025-11-25T00:02:03.801+0000] {dag.py:3239} INFO - Sync 1 DAGs
[2025-11-25T00:02:03.832+0000] {logging_mixin.py:190} INFO - [2025-11-25T00:02:03.832+0000] {dag.py:4180} INFO - Setting next_dagrun for extract_raw_data_pipeline to 2025-11-24 07:00:00+00:00, run_after=2025-11-25 07:00:00+00:00
[2025-11-25T00:02:03.854+0000] {processor.py:208} INFO - Processing /opt/airflow/dags/driven_data_pipeline.py took 0.124 seconds
[2025-11-25T00:02:34.106+0000] {processor.py:186} INFO - Started process (PID=1123) to work on /opt/airflow/dags/driven_data_pipeline.py
[2025-11-25T00:02:34.108+0000] {processor.py:914} INFO - Processing file /opt/airflow/dags/driven_data_pipeline.py for tasks to queue
[2025-11-25T00:02:34.110+0000] {logging_mixin.py:190} INFO - [2025-11-25T00:02:34.110+0000] {dagbag.py:588} INFO - Filling up the DagBag from /opt/airflow/dags/driven_data_pipeline.py
[2025-11-25T00:02:34.130+0000] {processor.py:925} INFO - DAG(s) 'extract_raw_data_pipeline' retrieved from /opt/airflow/dags/driven_data_pipeline.py
[2025-11-25T00:02:34.178+0000] {logging_mixin.py:190} INFO - [2025-11-25T00:02:34.178+0000] {dag.py:3239} INFO - Sync 1 DAGs
[2025-11-25T00:02:34.214+0000] {logging_mixin.py:190} INFO - [2025-11-25T00:02:34.214+0000] {dag.py:4180} INFO - Setting next_dagrun for extract_raw_data_pipeline to 2025-11-24 07:00:00+00:00, run_after=2025-11-25 07:00:00+00:00
[2025-11-25T00:02:34.236+0000] {processor.py:208} INFO - Processing /opt/airflow/dags/driven_data_pipeline.py took 0.138 seconds
[2025-11-25T00:03:04.524+0000] {processor.py:186} INFO - Started process (PID=1130) to work on /opt/airflow/dags/driven_data_pipeline.py
[2025-11-25T00:03:04.526+0000] {processor.py:914} INFO - Processing file /opt/airflow/dags/driven_data_pipeline.py for tasks to queue
[2025-11-25T00:03:04.528+0000] {logging_mixin.py:190} INFO - [2025-11-25T00:03:04.527+0000] {dagbag.py:588} INFO - Filling up the DagBag from /opt/airflow/dags/driven_data_pipeline.py
[2025-11-25T00:03:04.548+0000] {processor.py:925} INFO - DAG(s) 'extract_raw_data_pipeline' retrieved from /opt/airflow/dags/driven_data_pipeline.py
[2025-11-25T00:03:04.583+0000] {logging_mixin.py:190} INFO - [2025-11-25T00:03:04.582+0000] {dag.py:3239} INFO - Sync 1 DAGs
[2025-11-25T00:03:04.615+0000] {logging_mixin.py:190} INFO - [2025-11-25T00:03:04.614+0000] {dag.py:4180} INFO - Setting next_dagrun for extract_raw_data_pipeline to 2025-11-24 07:00:00+00:00, run_after=2025-11-25 07:00:00+00:00
[2025-11-25T00:03:04.638+0000] {processor.py:208} INFO - Processing /opt/airflow/dags/driven_data_pipeline.py took 0.123 seconds
[2025-11-25T00:03:34.908+0000] {processor.py:186} INFO - Started process (PID=1137) to work on /opt/airflow/dags/driven_data_pipeline.py
[2025-11-25T00:03:34.910+0000] {processor.py:914} INFO - Processing file /opt/airflow/dags/driven_data_pipeline.py for tasks to queue
[2025-11-25T00:03:34.913+0000] {logging_mixin.py:190} INFO - [2025-11-25T00:03:34.912+0000] {dagbag.py:588} INFO - Filling up the DagBag from /opt/airflow/dags/driven_data_pipeline.py
[2025-11-25T00:03:34.960+0000] {processor.py:925} INFO - DAG(s) 'extract_raw_data_pipeline' retrieved from /opt/airflow/dags/driven_data_pipeline.py
[2025-11-25T00:03:35.007+0000] {logging_mixin.py:190} INFO - [2025-11-25T00:03:35.006+0000] {dag.py:3239} INFO - Sync 1 DAGs
[2025-11-25T00:03:35.044+0000] {logging_mixin.py:190} INFO - [2025-11-25T00:03:35.044+0000] {dag.py:4180} INFO - Setting next_dagrun for extract_raw_data_pipeline to 2025-11-24 07:00:00+00:00, run_after=2025-11-25 07:00:00+00:00
[2025-11-25T00:03:35.078+0000] {processor.py:208} INFO - Processing /opt/airflow/dags/driven_data_pipeline.py took 0.192 seconds
[2025-11-25T00:04:05.307+0000] {processor.py:186} INFO - Started process (PID=1144) to work on /opt/airflow/dags/driven_data_pipeline.py
[2025-11-25T00:04:05.309+0000] {processor.py:914} INFO - Processing file /opt/airflow/dags/driven_data_pipeline.py for tasks to queue
[2025-11-25T00:04:05.312+0000] {logging_mixin.py:190} INFO - [2025-11-25T00:04:05.311+0000] {dagbag.py:588} INFO - Filling up the DagBag from /opt/airflow/dags/driven_data_pipeline.py
[2025-11-25T00:04:05.336+0000] {processor.py:925} INFO - DAG(s) 'extract_raw_data_pipeline' retrieved from /opt/airflow/dags/driven_data_pipeline.py
[2025-11-25T00:04:05.407+0000] {logging_mixin.py:190} INFO - [2025-11-25T00:04:05.407+0000] {dag.py:3239} INFO - Sync 1 DAGs
[2025-11-25T00:04:05.448+0000] {logging_mixin.py:190} INFO - [2025-11-25T00:04:05.447+0000] {dag.py:4180} INFO - Setting next_dagrun for extract_raw_data_pipeline to 2025-11-24 07:00:00+00:00, run_after=2025-11-25 07:00:00+00:00
[2025-11-25T00:04:05.473+0000] {processor.py:208} INFO - Processing /opt/airflow/dags/driven_data_pipeline.py took 0.175 seconds
[2025-11-25T00:04:35.724+0000] {processor.py:186} INFO - Started process (PID=1151) to work on /opt/airflow/dags/driven_data_pipeline.py
[2025-11-25T00:04:35.725+0000] {processor.py:914} INFO - Processing file /opt/airflow/dags/driven_data_pipeline.py for tasks to queue
[2025-11-25T00:04:35.727+0000] {logging_mixin.py:190} INFO - [2025-11-25T00:04:35.726+0000] {dagbag.py:588} INFO - Filling up the DagBag from /opt/airflow/dags/driven_data_pipeline.py
[2025-11-25T00:04:35.745+0000] {processor.py:925} INFO - DAG(s) 'extract_raw_data_pipeline' retrieved from /opt/airflow/dags/driven_data_pipeline.py
[2025-11-25T00:04:35.780+0000] {logging_mixin.py:190} INFO - [2025-11-25T00:04:35.780+0000] {dag.py:3239} INFO - Sync 1 DAGs
[2025-11-25T00:04:35.813+0000] {logging_mixin.py:190} INFO - [2025-11-25T00:04:35.813+0000] {dag.py:4180} INFO - Setting next_dagrun for extract_raw_data_pipeline to 2025-11-24 07:00:00+00:00, run_after=2025-11-25 07:00:00+00:00
[2025-11-25T00:04:35.836+0000] {processor.py:208} INFO - Processing /opt/airflow/dags/driven_data_pipeline.py took 0.120 seconds
[2025-11-25T00:05:06.114+0000] {processor.py:186} INFO - Started process (PID=1158) to work on /opt/airflow/dags/driven_data_pipeline.py
[2025-11-25T00:05:06.116+0000] {processor.py:914} INFO - Processing file /opt/airflow/dags/driven_data_pipeline.py for tasks to queue
[2025-11-25T00:05:06.118+0000] {logging_mixin.py:190} INFO - [2025-11-25T00:05:06.118+0000] {dagbag.py:588} INFO - Filling up the DagBag from /opt/airflow/dags/driven_data_pipeline.py
[2025-11-25T00:05:06.138+0000] {processor.py:925} INFO - DAG(s) 'extract_raw_data_pipeline' retrieved from /opt/airflow/dags/driven_data_pipeline.py
[2025-11-25T00:05:06.177+0000] {logging_mixin.py:190} INFO - [2025-11-25T00:05:06.177+0000] {dag.py:3239} INFO - Sync 1 DAGs
[2025-11-25T00:05:06.211+0000] {logging_mixin.py:190} INFO - [2025-11-25T00:05:06.211+0000] {dag.py:4180} INFO - Setting next_dagrun for extract_raw_data_pipeline to 2025-11-24 07:00:00+00:00, run_after=2025-11-25 07:00:00+00:00
[2025-11-25T00:05:06.237+0000] {processor.py:208} INFO - Processing /opt/airflow/dags/driven_data_pipeline.py took 0.134 seconds
[2025-11-25T00:05:36.443+0000] {processor.py:186} INFO - Started process (PID=1165) to work on /opt/airflow/dags/driven_data_pipeline.py
[2025-11-25T00:05:36.444+0000] {processor.py:914} INFO - Processing file /opt/airflow/dags/driven_data_pipeline.py for tasks to queue
[2025-11-25T00:05:36.446+0000] {logging_mixin.py:190} INFO - [2025-11-25T00:05:36.446+0000] {dagbag.py:588} INFO - Filling up the DagBag from /opt/airflow/dags/driven_data_pipeline.py
[2025-11-25T00:05:36.466+0000] {processor.py:925} INFO - DAG(s) 'extract_raw_data_pipeline' retrieved from /opt/airflow/dags/driven_data_pipeline.py
[2025-11-25T00:05:36.502+0000] {logging_mixin.py:190} INFO - [2025-11-25T00:05:36.502+0000] {dag.py:3239} INFO - Sync 1 DAGs
[2025-11-25T00:05:36.538+0000] {logging_mixin.py:190} INFO - [2025-11-25T00:05:36.538+0000] {dag.py:4180} INFO - Setting next_dagrun for extract_raw_data_pipeline to 2025-11-24 07:00:00+00:00, run_after=2025-11-25 07:00:00+00:00
[2025-11-25T00:05:36.560+0000] {processor.py:208} INFO - Processing /opt/airflow/dags/driven_data_pipeline.py took 0.128 seconds
[2025-11-25T00:06:06.849+0000] {processor.py:186} INFO - Started process (PID=1172) to work on /opt/airflow/dags/driven_data_pipeline.py
[2025-11-25T00:06:06.850+0000] {processor.py:914} INFO - Processing file /opt/airflow/dags/driven_data_pipeline.py for tasks to queue
[2025-11-25T00:06:06.854+0000] {logging_mixin.py:190} INFO - [2025-11-25T00:06:06.853+0000] {dagbag.py:588} INFO - Filling up the DagBag from /opt/airflow/dags/driven_data_pipeline.py
[2025-11-25T00:06:06.882+0000] {processor.py:925} INFO - DAG(s) 'extract_raw_data_pipeline' retrieved from /opt/airflow/dags/driven_data_pipeline.py
[2025-11-25T00:06:06.925+0000] {logging_mixin.py:190} INFO - [2025-11-25T00:06:06.925+0000] {dag.py:3239} INFO - Sync 1 DAGs
[2025-11-25T00:06:06.971+0000] {logging_mixin.py:190} INFO - [2025-11-25T00:06:06.970+0000] {dag.py:4180} INFO - Setting next_dagrun for extract_raw_data_pipeline to 2025-11-24 07:00:00+00:00, run_after=2025-11-25 07:00:00+00:00
[2025-11-25T00:06:07.003+0000] {processor.py:208} INFO - Processing /opt/airflow/dags/driven_data_pipeline.py took 0.165 seconds
[2025-11-25T00:06:37.164+0000] {processor.py:186} INFO - Started process (PID=1179) to work on /opt/airflow/dags/driven_data_pipeline.py
[2025-11-25T00:06:37.166+0000] {processor.py:914} INFO - Processing file /opt/airflow/dags/driven_data_pipeline.py for tasks to queue
[2025-11-25T00:06:37.167+0000] {logging_mixin.py:190} INFO - [2025-11-25T00:06:37.167+0000] {dagbag.py:588} INFO - Filling up the DagBag from /opt/airflow/dags/driven_data_pipeline.py
[2025-11-25T00:06:37.187+0000] {processor.py:925} INFO - DAG(s) 'extract_raw_data_pipeline' retrieved from /opt/airflow/dags/driven_data_pipeline.py
[2025-11-25T00:06:37.222+0000] {logging_mixin.py:190} INFO - [2025-11-25T00:06:37.221+0000] {dag.py:3239} INFO - Sync 1 DAGs
[2025-11-25T00:06:37.268+0000] {logging_mixin.py:190} INFO - [2025-11-25T00:06:37.268+0000] {dag.py:4180} INFO - Setting next_dagrun for extract_raw_data_pipeline to 2025-11-24 07:00:00+00:00, run_after=2025-11-25 07:00:00+00:00
[2025-11-25T00:06:37.308+0000] {processor.py:208} INFO - Processing /opt/airflow/dags/driven_data_pipeline.py took 0.152 seconds
[2025-11-25T00:07:07.606+0000] {processor.py:186} INFO - Started process (PID=1186) to work on /opt/airflow/dags/driven_data_pipeline.py
[2025-11-25T00:07:07.608+0000] {processor.py:914} INFO - Processing file /opt/airflow/dags/driven_data_pipeline.py for tasks to queue
[2025-11-25T00:07:07.611+0000] {logging_mixin.py:190} INFO - [2025-11-25T00:07:07.610+0000] {dagbag.py:588} INFO - Filling up the DagBag from /opt/airflow/dags/driven_data_pipeline.py
[2025-11-25T00:07:07.640+0000] {processor.py:925} INFO - DAG(s) 'extract_raw_data_pipeline' retrieved from /opt/airflow/dags/driven_data_pipeline.py
[2025-11-25T00:07:07.693+0000] {logging_mixin.py:190} INFO - [2025-11-25T00:07:07.692+0000] {dag.py:3239} INFO - Sync 1 DAGs
[2025-11-25T00:07:07.741+0000] {logging_mixin.py:190} INFO - [2025-11-25T00:07:07.740+0000] {dag.py:4180} INFO - Setting next_dagrun for extract_raw_data_pipeline to 2025-11-24 07:00:00+00:00, run_after=2025-11-25 07:00:00+00:00
[2025-11-25T00:07:07.771+0000] {processor.py:208} INFO - Processing /opt/airflow/dags/driven_data_pipeline.py took 0.175 seconds
[2025-11-25T00:07:37.909+0000] {processor.py:186} INFO - Started process (PID=1193) to work on /opt/airflow/dags/driven_data_pipeline.py
[2025-11-25T00:07:37.911+0000] {processor.py:914} INFO - Processing file /opt/airflow/dags/driven_data_pipeline.py for tasks to queue
[2025-11-25T00:07:37.912+0000] {logging_mixin.py:190} INFO - [2025-11-25T00:07:37.912+0000] {dagbag.py:588} INFO - Filling up the DagBag from /opt/airflow/dags/driven_data_pipeline.py
[2025-11-25T00:07:37.933+0000] {processor.py:925} INFO - DAG(s) 'extract_raw_data_pipeline' retrieved from /opt/airflow/dags/driven_data_pipeline.py
[2025-11-25T00:07:37.980+0000] {logging_mixin.py:190} INFO - [2025-11-25T00:07:37.979+0000] {dag.py:3239} INFO - Sync 1 DAGs
[2025-11-25T00:07:38.024+0000] {logging_mixin.py:190} INFO - [2025-11-25T00:07:38.024+0000] {dag.py:4180} INFO - Setting next_dagrun for extract_raw_data_pipeline to 2025-11-24 07:00:00+00:00, run_after=2025-11-25 07:00:00+00:00
[2025-11-25T00:07:38.056+0000] {processor.py:208} INFO - Processing /opt/airflow/dags/driven_data_pipeline.py took 0.156 seconds
[2025-11-25T00:08:08.228+0000] {processor.py:186} INFO - Started process (PID=1200) to work on /opt/airflow/dags/driven_data_pipeline.py
[2025-11-25T00:08:08.229+0000] {processor.py:914} INFO - Processing file /opt/airflow/dags/driven_data_pipeline.py for tasks to queue
[2025-11-25T00:08:08.231+0000] {logging_mixin.py:190} INFO - [2025-11-25T00:08:08.231+0000] {dagbag.py:588} INFO - Filling up the DagBag from /opt/airflow/dags/driven_data_pipeline.py
[2025-11-25T00:08:08.253+0000] {processor.py:925} INFO - DAG(s) 'extract_raw_data_pipeline' retrieved from /opt/airflow/dags/driven_data_pipeline.py
[2025-11-25T00:08:08.294+0000] {logging_mixin.py:190} INFO - [2025-11-25T00:08:08.293+0000] {dag.py:3239} INFO - Sync 1 DAGs
[2025-11-25T00:08:08.331+0000] {logging_mixin.py:190} INFO - [2025-11-25T00:08:08.331+0000] {dag.py:4180} INFO - Setting next_dagrun for extract_raw_data_pipeline to 2025-11-24 07:00:00+00:00, run_after=2025-11-25 07:00:00+00:00
[2025-11-25T00:08:08.355+0000] {processor.py:208} INFO - Processing /opt/airflow/dags/driven_data_pipeline.py took 0.136 seconds
[2025-11-25T00:08:38.697+0000] {processor.py:186} INFO - Started process (PID=1207) to work on /opt/airflow/dags/driven_data_pipeline.py
[2025-11-25T00:08:38.700+0000] {processor.py:914} INFO - Processing file /opt/airflow/dags/driven_data_pipeline.py for tasks to queue
[2025-11-25T00:08:38.705+0000] {logging_mixin.py:190} INFO - [2025-11-25T00:08:38.704+0000] {dagbag.py:588} INFO - Filling up the DagBag from /opt/airflow/dags/driven_data_pipeline.py
[2025-11-25T00:08:38.735+0000] {processor.py:925} INFO - DAG(s) 'extract_raw_data_pipeline' retrieved from /opt/airflow/dags/driven_data_pipeline.py
[2025-11-25T00:08:38.786+0000] {logging_mixin.py:190} INFO - [2025-11-25T00:08:38.786+0000] {dag.py:3239} INFO - Sync 1 DAGs
[2025-11-25T00:08:38.823+0000] {logging_mixin.py:190} INFO - [2025-11-25T00:08:38.823+0000] {dag.py:4180} INFO - Setting next_dagrun for extract_raw_data_pipeline to 2025-11-24 07:00:00+00:00, run_after=2025-11-25 07:00:00+00:00
[2025-11-25T00:08:38.846+0000] {processor.py:208} INFO - Processing /opt/airflow/dags/driven_data_pipeline.py took 0.164 seconds
[2025-11-25T00:09:09.078+0000] {processor.py:186} INFO - Started process (PID=1214) to work on /opt/airflow/dags/driven_data_pipeline.py
[2025-11-25T00:09:09.080+0000] {processor.py:914} INFO - Processing file /opt/airflow/dags/driven_data_pipeline.py for tasks to queue
[2025-11-25T00:09:09.082+0000] {logging_mixin.py:190} INFO - [2025-11-25T00:09:09.082+0000] {dagbag.py:588} INFO - Filling up the DagBag from /opt/airflow/dags/driven_data_pipeline.py
[2025-11-25T00:09:09.104+0000] {processor.py:925} INFO - DAG(s) 'extract_raw_data_pipeline' retrieved from /opt/airflow/dags/driven_data_pipeline.py
[2025-11-25T00:09:09.141+0000] {logging_mixin.py:190} INFO - [2025-11-25T00:09:09.141+0000] {dag.py:3239} INFO - Sync 1 DAGs
[2025-11-25T00:09:09.177+0000] {logging_mixin.py:190} INFO - [2025-11-25T00:09:09.177+0000] {dag.py:4180} INFO - Setting next_dagrun for extract_raw_data_pipeline to 2025-11-24 07:00:00+00:00, run_after=2025-11-25 07:00:00+00:00
[2025-11-25T00:09:09.202+0000] {processor.py:208} INFO - Processing /opt/airflow/dags/driven_data_pipeline.py took 0.136 seconds
[2025-11-25T00:09:39.513+0000] {processor.py:186} INFO - Started process (PID=1221) to work on /opt/airflow/dags/driven_data_pipeline.py
[2025-11-25T00:09:39.515+0000] {processor.py:914} INFO - Processing file /opt/airflow/dags/driven_data_pipeline.py for tasks to queue
[2025-11-25T00:09:39.517+0000] {logging_mixin.py:190} INFO - [2025-11-25T00:09:39.516+0000] {dagbag.py:588} INFO - Filling up the DagBag from /opt/airflow/dags/driven_data_pipeline.py
[2025-11-25T00:09:39.540+0000] {processor.py:925} INFO - DAG(s) 'extract_raw_data_pipeline' retrieved from /opt/airflow/dags/driven_data_pipeline.py
[2025-11-25T00:09:39.582+0000] {logging_mixin.py:190} INFO - [2025-11-25T00:09:39.581+0000] {dag.py:3239} INFO - Sync 1 DAGs
[2025-11-25T00:09:39.628+0000] {logging_mixin.py:190} INFO - [2025-11-25T00:09:39.628+0000] {dag.py:4180} INFO - Setting next_dagrun for extract_raw_data_pipeline to 2025-11-24 07:00:00+00:00, run_after=2025-11-25 07:00:00+00:00
[2025-11-25T00:09:39.665+0000] {processor.py:208} INFO - Processing /opt/airflow/dags/driven_data_pipeline.py took 0.162 seconds
[2025-11-25T00:10:09.913+0000] {processor.py:186} INFO - Started process (PID=1228) to work on /opt/airflow/dags/driven_data_pipeline.py
[2025-11-25T00:10:09.915+0000] {processor.py:914} INFO - Processing file /opt/airflow/dags/driven_data_pipeline.py for tasks to queue
[2025-11-25T00:10:09.918+0000] {logging_mixin.py:190} INFO - [2025-11-25T00:10:09.917+0000] {dagbag.py:588} INFO - Filling up the DagBag from /opt/airflow/dags/driven_data_pipeline.py
[2025-11-25T00:10:09.944+0000] {processor.py:925} INFO - DAG(s) 'extract_raw_data_pipeline' retrieved from /opt/airflow/dags/driven_data_pipeline.py
[2025-11-25T00:10:09.993+0000] {logging_mixin.py:190} INFO - [2025-11-25T00:10:09.993+0000] {dag.py:3239} INFO - Sync 1 DAGs
[2025-11-25T00:10:10.040+0000] {logging_mixin.py:190} INFO - [2025-11-25T00:10:10.040+0000] {dag.py:4180} INFO - Setting next_dagrun for extract_raw_data_pipeline to 2025-11-24 07:00:00+00:00, run_after=2025-11-25 07:00:00+00:00
[2025-11-25T00:10:10.070+0000] {processor.py:208} INFO - Processing /opt/airflow/dags/driven_data_pipeline.py took 0.169 seconds
[2025-11-25T00:10:40.279+0000] {processor.py:186} INFO - Started process (PID=1235) to work on /opt/airflow/dags/driven_data_pipeline.py
[2025-11-25T00:10:40.281+0000] {processor.py:914} INFO - Processing file /opt/airflow/dags/driven_data_pipeline.py for tasks to queue
[2025-11-25T00:10:40.284+0000] {logging_mixin.py:190} INFO - [2025-11-25T00:10:40.283+0000] {dagbag.py:588} INFO - Filling up the DagBag from /opt/airflow/dags/driven_data_pipeline.py
[2025-11-25T00:10:40.313+0000] {processor.py:925} INFO - DAG(s) 'extract_raw_data_pipeline' retrieved from /opt/airflow/dags/driven_data_pipeline.py
[2025-11-25T00:10:40.363+0000] {logging_mixin.py:190} INFO - [2025-11-25T00:10:40.363+0000] {dag.py:3239} INFO - Sync 1 DAGs
[2025-11-25T00:10:40.418+0000] {logging_mixin.py:190} INFO - [2025-11-25T00:10:40.417+0000] {dag.py:4180} INFO - Setting next_dagrun for extract_raw_data_pipeline to 2025-11-24 07:00:00+00:00, run_after=2025-11-25 07:00:00+00:00
[2025-11-25T00:10:40.451+0000] {processor.py:208} INFO - Processing /opt/airflow/dags/driven_data_pipeline.py took 0.183 seconds
[2025-11-25T00:11:10.740+0000] {processor.py:186} INFO - Started process (PID=1242) to work on /opt/airflow/dags/driven_data_pipeline.py
[2025-11-25T00:11:10.742+0000] {processor.py:914} INFO - Processing file /opt/airflow/dags/driven_data_pipeline.py for tasks to queue
[2025-11-25T00:11:10.744+0000] {logging_mixin.py:190} INFO - [2025-11-25T00:11:10.744+0000] {dagbag.py:588} INFO - Filling up the DagBag from /opt/airflow/dags/driven_data_pipeline.py
[2025-11-25T00:11:10.769+0000] {processor.py:925} INFO - DAG(s) 'extract_raw_data_pipeline' retrieved from /opt/airflow/dags/driven_data_pipeline.py
[2025-11-25T00:11:10.811+0000] {logging_mixin.py:190} INFO - [2025-11-25T00:11:10.810+0000] {dag.py:3239} INFO - Sync 1 DAGs
[2025-11-25T00:11:10.843+0000] {logging_mixin.py:190} INFO - [2025-11-25T00:11:10.842+0000] {dag.py:4180} INFO - Setting next_dagrun for extract_raw_data_pipeline to 2025-11-24 07:00:00+00:00, run_after=2025-11-25 07:00:00+00:00
[2025-11-25T00:11:10.870+0000] {processor.py:208} INFO - Processing /opt/airflow/dags/driven_data_pipeline.py took 0.176 seconds
[2025-11-25T00:11:41.153+0000] {processor.py:186} INFO - Started process (PID=1249) to work on /opt/airflow/dags/driven_data_pipeline.py
[2025-11-25T00:11:41.154+0000] {processor.py:914} INFO - Processing file /opt/airflow/dags/driven_data_pipeline.py for tasks to queue
[2025-11-25T00:11:41.156+0000] {logging_mixin.py:190} INFO - [2025-11-25T00:11:41.156+0000] {dagbag.py:588} INFO - Filling up the DagBag from /opt/airflow/dags/driven_data_pipeline.py
[2025-11-25T00:11:41.176+0000] {processor.py:925} INFO - DAG(s) 'extract_raw_data_pipeline' retrieved from /opt/airflow/dags/driven_data_pipeline.py
[2025-11-25T00:11:41.211+0000] {logging_mixin.py:190} INFO - [2025-11-25T00:11:41.211+0000] {dag.py:3239} INFO - Sync 1 DAGs
[2025-11-25T00:11:41.243+0000] {logging_mixin.py:190} INFO - [2025-11-25T00:11:41.243+0000] {dag.py:4180} INFO - Setting next_dagrun for extract_raw_data_pipeline to 2025-11-24 07:00:00+00:00, run_after=2025-11-25 07:00:00+00:00
[2025-11-25T00:11:41.265+0000] {processor.py:208} INFO - Processing /opt/airflow/dags/driven_data_pipeline.py took 0.124 seconds
[2025-11-25T00:12:11.598+0000] {processor.py:186} INFO - Started process (PID=1256) to work on /opt/airflow/dags/driven_data_pipeline.py
[2025-11-25T00:12:11.600+0000] {processor.py:914} INFO - Processing file /opt/airflow/dags/driven_data_pipeline.py for tasks to queue
[2025-11-25T00:12:11.604+0000] {logging_mixin.py:190} INFO - [2025-11-25T00:12:11.603+0000] {dagbag.py:588} INFO - Filling up the DagBag from /opt/airflow/dags/driven_data_pipeline.py
[2025-11-25T00:12:11.657+0000] {processor.py:925} INFO - DAG(s) 'extract_raw_data_pipeline' retrieved from /opt/airflow/dags/driven_data_pipeline.py
[2025-11-25T00:12:11.735+0000] {logging_mixin.py:190} INFO - [2025-11-25T00:12:11.735+0000] {dag.py:3239} INFO - Sync 1 DAGs
[2025-11-25T00:12:11.807+0000] {logging_mixin.py:190} INFO - [2025-11-25T00:12:11.806+0000] {dag.py:4180} INFO - Setting next_dagrun for extract_raw_data_pipeline to 2025-11-24 07:00:00+00:00, run_after=2025-11-25 07:00:00+00:00
[2025-11-25T00:12:11.845+0000] {processor.py:208} INFO - Processing /opt/airflow/dags/driven_data_pipeline.py took 0.259 seconds
[2025-11-25T00:12:41.915+0000] {processor.py:186} INFO - Started process (PID=1263) to work on /opt/airflow/dags/driven_data_pipeline.py
[2025-11-25T00:12:41.919+0000] {processor.py:914} INFO - Processing file /opt/airflow/dags/driven_data_pipeline.py for tasks to queue
[2025-11-25T00:12:41.921+0000] {logging_mixin.py:190} INFO - [2025-11-25T00:12:41.920+0000] {dagbag.py:588} INFO - Filling up the DagBag from /opt/airflow/dags/driven_data_pipeline.py
[2025-11-25T00:12:41.941+0000] {processor.py:925} INFO - DAG(s) 'extract_raw_data_pipeline' retrieved from /opt/airflow/dags/driven_data_pipeline.py
[2025-11-25T00:12:41.988+0000] {logging_mixin.py:190} INFO - [2025-11-25T00:12:41.987+0000] {dag.py:3239} INFO - Sync 1 DAGs
[2025-11-25T00:12:42.031+0000] {logging_mixin.py:190} INFO - [2025-11-25T00:12:42.031+0000] {dag.py:4180} INFO - Setting next_dagrun for extract_raw_data_pipeline to 2025-11-24 07:00:00+00:00, run_after=2025-11-25 07:00:00+00:00
[2025-11-25T00:12:42.059+0000] {processor.py:208} INFO - Processing /opt/airflow/dags/driven_data_pipeline.py took 0.153 seconds
[2025-11-25T00:13:12.211+0000] {processor.py:186} INFO - Started process (PID=1270) to work on /opt/airflow/dags/driven_data_pipeline.py
[2025-11-25T00:13:12.213+0000] {processor.py:914} INFO - Processing file /opt/airflow/dags/driven_data_pipeline.py for tasks to queue
[2025-11-25T00:13:12.215+0000] {logging_mixin.py:190} INFO - [2025-11-25T00:13:12.215+0000] {dagbag.py:588} INFO - Filling up the DagBag from /opt/airflow/dags/driven_data_pipeline.py
[2025-11-25T00:13:12.235+0000] {processor.py:925} INFO - DAG(s) 'extract_raw_data_pipeline' retrieved from /opt/airflow/dags/driven_data_pipeline.py
[2025-11-25T00:13:12.270+0000] {logging_mixin.py:190} INFO - [2025-11-25T00:13:12.270+0000] {dag.py:3239} INFO - Sync 1 DAGs
[2025-11-25T00:13:12.301+0000] {logging_mixin.py:190} INFO - [2025-11-25T00:13:12.301+0000] {dag.py:4180} INFO - Setting next_dagrun for extract_raw_data_pipeline to 2025-11-24 07:00:00+00:00, run_after=2025-11-25 07:00:00+00:00
[2025-11-25T00:13:12.324+0000] {processor.py:208} INFO - Processing /opt/airflow/dags/driven_data_pipeline.py took 0.122 seconds
[2025-11-25T00:13:42.525+0000] {processor.py:186} INFO - Started process (PID=1277) to work on /opt/airflow/dags/driven_data_pipeline.py
[2025-11-25T00:13:42.527+0000] {processor.py:914} INFO - Processing file /opt/airflow/dags/driven_data_pipeline.py for tasks to queue
[2025-11-25T00:13:42.531+0000] {logging_mixin.py:190} INFO - [2025-11-25T00:13:42.529+0000] {dagbag.py:588} INFO - Filling up the DagBag from /opt/airflow/dags/driven_data_pipeline.py
[2025-11-25T00:13:42.560+0000] {processor.py:925} INFO - DAG(s) 'extract_raw_data_pipeline' retrieved from /opt/airflow/dags/driven_data_pipeline.py
[2025-11-25T00:13:42.606+0000] {logging_mixin.py:190} INFO - [2025-11-25T00:13:42.606+0000] {dag.py:3239} INFO - Sync 1 DAGs
[2025-11-25T00:13:42.656+0000] {logging_mixin.py:190} INFO - [2025-11-25T00:13:42.656+0000] {dag.py:4180} INFO - Setting next_dagrun for extract_raw_data_pipeline to 2025-11-24 07:00:00+00:00, run_after=2025-11-25 07:00:00+00:00
[2025-11-25T00:13:42.681+0000] {processor.py:208} INFO - Processing /opt/airflow/dags/driven_data_pipeline.py took 0.167 seconds
[2025-11-25T00:14:13.010+0000] {processor.py:186} INFO - Started process (PID=1284) to work on /opt/airflow/dags/driven_data_pipeline.py
[2025-11-25T00:14:13.011+0000] {processor.py:914} INFO - Processing file /opt/airflow/dags/driven_data_pipeline.py for tasks to queue
[2025-11-25T00:14:13.013+0000] {logging_mixin.py:190} INFO - [2025-11-25T00:14:13.012+0000] {dagbag.py:588} INFO - Filling up the DagBag from /opt/airflow/dags/driven_data_pipeline.py
[2025-11-25T00:14:13.032+0000] {processor.py:925} INFO - DAG(s) 'extract_raw_data_pipeline' retrieved from /opt/airflow/dags/driven_data_pipeline.py
[2025-11-25T00:14:13.066+0000] {logging_mixin.py:190} INFO - [2025-11-25T00:14:13.066+0000] {dag.py:3239} INFO - Sync 1 DAGs
[2025-11-25T00:14:13.099+0000] {logging_mixin.py:190} INFO - [2025-11-25T00:14:13.099+0000] {dag.py:4180} INFO - Setting next_dagrun for extract_raw_data_pipeline to 2025-11-24 07:00:00+00:00, run_after=2025-11-25 07:00:00+00:00
[2025-11-25T00:14:13.120+0000] {processor.py:208} INFO - Processing /opt/airflow/dags/driven_data_pipeline.py took 0.120 seconds
[2025-11-25T00:14:43.388+0000] {processor.py:186} INFO - Started process (PID=1291) to work on /opt/airflow/dags/driven_data_pipeline.py
[2025-11-25T00:14:43.389+0000] {processor.py:914} INFO - Processing file /opt/airflow/dags/driven_data_pipeline.py for tasks to queue
[2025-11-25T00:14:43.391+0000] {logging_mixin.py:190} INFO - [2025-11-25T00:14:43.391+0000] {dagbag.py:588} INFO - Filling up the DagBag from /opt/airflow/dags/driven_data_pipeline.py
[2025-11-25T00:14:43.412+0000] {processor.py:925} INFO - DAG(s) 'extract_raw_data_pipeline' retrieved from /opt/airflow/dags/driven_data_pipeline.py
[2025-11-25T00:14:43.452+0000] {logging_mixin.py:190} INFO - [2025-11-25T00:14:43.451+0000] {dag.py:3239} INFO - Sync 1 DAGs
[2025-11-25T00:14:43.485+0000] {logging_mixin.py:190} INFO - [2025-11-25T00:14:43.485+0000] {dag.py:4180} INFO - Setting next_dagrun for extract_raw_data_pipeline to 2025-11-24 07:00:00+00:00, run_after=2025-11-25 07:00:00+00:00
[2025-11-25T00:14:43.511+0000] {processor.py:208} INFO - Processing /opt/airflow/dags/driven_data_pipeline.py took 0.131 seconds
[2025-11-25T00:15:13.754+0000] {processor.py:186} INFO - Started process (PID=1298) to work on /opt/airflow/dags/driven_data_pipeline.py
[2025-11-25T00:15:13.758+0000] {processor.py:914} INFO - Processing file /opt/airflow/dags/driven_data_pipeline.py for tasks to queue
[2025-11-25T00:15:13.763+0000] {logging_mixin.py:190} INFO - [2025-11-25T00:15:13.762+0000] {dagbag.py:588} INFO - Filling up the DagBag from /opt/airflow/dags/driven_data_pipeline.py
[2025-11-25T00:15:13.793+0000] {processor.py:925} INFO - DAG(s) 'extract_raw_data_pipeline' retrieved from /opt/airflow/dags/driven_data_pipeline.py
[2025-11-25T00:15:13.843+0000] {logging_mixin.py:190} INFO - [2025-11-25T00:15:13.843+0000] {dag.py:3239} INFO - Sync 1 DAGs
[2025-11-25T00:15:13.893+0000] {logging_mixin.py:190} INFO - [2025-11-25T00:15:13.893+0000] {dag.py:4180} INFO - Setting next_dagrun for extract_raw_data_pipeline to 2025-11-24 07:00:00+00:00, run_after=2025-11-25 07:00:00+00:00
[2025-11-25T00:15:13.926+0000] {processor.py:208} INFO - Processing /opt/airflow/dags/driven_data_pipeline.py took 0.187 seconds
[2025-11-25T00:15:44.128+0000] {processor.py:186} INFO - Started process (PID=1305) to work on /opt/airflow/dags/driven_data_pipeline.py
[2025-11-25T00:15:44.130+0000] {processor.py:914} INFO - Processing file /opt/airflow/dags/driven_data_pipeline.py for tasks to queue
[2025-11-25T00:15:44.135+0000] {logging_mixin.py:190} INFO - [2025-11-25T00:15:44.134+0000] {dagbag.py:588} INFO - Filling up the DagBag from /opt/airflow/dags/driven_data_pipeline.py
[2025-11-25T00:15:44.165+0000] {processor.py:925} INFO - DAG(s) 'extract_raw_data_pipeline' retrieved from /opt/airflow/dags/driven_data_pipeline.py
[2025-11-25T00:15:44.227+0000] {logging_mixin.py:190} INFO - [2025-11-25T00:15:44.227+0000] {dag.py:3239} INFO - Sync 1 DAGs
[2025-11-25T00:15:44.330+0000] {logging_mixin.py:190} INFO - [2025-11-25T00:15:44.329+0000] {dag.py:4180} INFO - Setting next_dagrun for extract_raw_data_pipeline to 2025-11-24 07:00:00+00:00, run_after=2025-11-25 07:00:00+00:00
[2025-11-25T00:15:44.409+0000] {processor.py:208} INFO - Processing /opt/airflow/dags/driven_data_pipeline.py took 0.294 seconds
