[2025-11-23T11:45:56.469+0000] {local_task_job_runner.py:123} INFO - ::group::Pre task execution logs
[2025-11-23T11:45:56.495+0000] {taskinstance.py:2612} INFO - Dependencies all met for dep_context=non-requeueable deps ti=<TaskInstance: extract_raw_data_pipeline.run_dbt_trusted scheduled__2025-11-23T07:58:00+00:00 [queued]>
[2025-11-23T11:45:56.508+0000] {taskinstance.py:2612} INFO - Dependencies all met for dep_context=requeueable deps ti=<TaskInstance: extract_raw_data_pipeline.run_dbt_trusted scheduled__2025-11-23T07:58:00+00:00 [queued]>
[2025-11-23T11:45:56.509+0000] {taskinstance.py:2865} INFO - Starting attempt 1 of 1
[2025-11-23T11:45:56.528+0000] {taskinstance.py:2888} INFO - Executing <Task(BashOperator): run_dbt_trusted> on 2025-11-23 07:58:00+00:00
[2025-11-23T11:45:56.541+0000] {warnings.py:112} WARNING - /home/***/.local/lib/python3.12/site-packages/***/task/task_runner/standard_task_runner.py:70: DeprecationWarning: This process (pid=118) is multi-threaded, use of fork() may lead to deadlocks in the child.
  pid = os.fork()

[2025-11-23T11:45:56.544+0000] {standard_task_runner.py:104} INFO - Running: ['***', 'tasks', 'run', 'extract_raw_data_pipeline', 'run_dbt_trusted', 'scheduled__2025-11-23T07:58:00+00:00', '--job-id', '8', '--raw', '--subdir', 'DAGS_FOLDER/driven_data_pipeline.py', '--cfg-path', '/tmp/tmpf4q17prk']
[2025-11-23T11:45:56.546+0000] {standard_task_runner.py:72} INFO - Started process 120 to run task
[2025-11-23T11:45:56.547+0000] {standard_task_runner.py:105} INFO - Job 8: Subtask run_dbt_trusted
[2025-11-23T11:45:56.638+0000] {task_command.py:467} INFO - Running <TaskInstance: extract_raw_data_pipeline.run_dbt_trusted scheduled__2025-11-23T07:58:00+00:00 [running]> on host 4b1abde5805c
[2025-11-23T11:45:56.792+0000] {taskinstance.py:3131} INFO - Exporting env vars: AIRFLOW_CTX_DAG_OWNER='***' AIRFLOW_CTX_DAG_ID='extract_raw_data_pipeline' AIRFLOW_CTX_TASK_ID='run_dbt_trusted' AIRFLOW_CTX_EXECUTION_DATE='2025-11-23T07:58:00+00:00' AIRFLOW_CTX_TRY_NUMBER='1' AIRFLOW_CTX_DAG_RUN_ID='scheduled__2025-11-23T07:58:00+00:00'
[2025-11-23T11:45:56.793+0000] {taskinstance.py:731} INFO - ::endgroup::
[2025-11-23T11:45:56.872+0000] {subprocess.py:63} INFO - Tmp dir root location: /tmp
[2025-11-23T11:45:56.874+0000] {subprocess.py:75} INFO - Running command: ['/usr/bin/bash', '-c', 'set -x; cd /opt/***/dbt && dbt run --select tag:trusted']
[2025-11-23T11:45:56.899+0000] {subprocess.py:86} INFO - Output:
[2025-11-23T11:45:56.926+0000] {subprocess.py:93} INFO - + cd /opt/***/dbt
[2025-11-23T11:45:56.928+0000] {subprocess.py:93} INFO - + dbt run --select tag:trusted
[2025-11-23T11:46:01.075+0000] {subprocess.py:93} INFO - [0m11:46:01  Running with dbt=1.8.0
[2025-11-23T11:46:01.635+0000] {subprocess.py:93} INFO - [0m11:46:01  Registered adapter: postgres=1.8.2
[2025-11-23T11:46:06.227+0000] {subprocess.py:93} INFO - [0m11:46:06  Found 9 models, 10 sources, 428 macros
[2025-11-23T11:46:06.231+0000] {subprocess.py:93} INFO - [0m11:46:06
[2025-11-23T11:46:06.453+0000] {subprocess.py:93} INFO - [0m11:46:06  Concurrency: 1 threads (target='dev')
[2025-11-23T11:46:06.454+0000] {subprocess.py:93} INFO - [0m11:46:06
[2025-11-23T11:46:06.470+0000] {subprocess.py:93} INFO - [0m11:46:06  1 of 4 START sql table model driven_trusted.non_pii_data ....................... [RUN]
[2025-11-23T11:46:06.657+0000] {subprocess.py:93} INFO - [0m11:46:06  1 of 4 OK created sql table model driven_trusted.non_pii_data .................. [[32mSELECT 53[0m in 0.18s]
[2025-11-23T11:46:06.660+0000] {subprocess.py:93} INFO - [0m11:46:06  2 of 4 START sql table model driven_trusted.payment_data ....................... [RUN]
[2025-11-23T11:46:06.751+0000] {subprocess.py:93} INFO - [0m11:46:06  2 of 4 OK created sql table model driven_trusted.payment_data .................. [[32mSELECT 53[0m in 0.09s]
[2025-11-23T11:46:06.759+0000] {subprocess.py:93} INFO - [0m11:46:06  3 of 4 START sql table model driven_trusted.pii_data ........................... [RUN]
[2025-11-23T11:46:06.888+0000] {subprocess.py:93} INFO - [0m11:46:06  3 of 4 OK created sql table model driven_trusted.pii_data ...................... [[32mSELECT 53[0m in 0.12s]
[2025-11-23T11:46:06.894+0000] {subprocess.py:93} INFO - [0m11:46:06  4 of 4 START sql table model driven_trusted.technical_data ..................... [RUN]
[2025-11-23T11:46:07.061+0000] {subprocess.py:93} INFO - [0m11:46:07  4 of 4 OK created sql table model driven_trusted.technical_data ................ [[32mSELECT 53[0m in 0.16s]
[2025-11-23T11:46:07.115+0000] {subprocess.py:93} INFO - [0m11:46:07
[2025-11-23T11:46:07.117+0000] {subprocess.py:93} INFO - [0m11:46:07  Finished running 4 table models in 0 hours 0 minutes and 0.88 seconds (0.88s).
[2025-11-23T11:46:07.300+0000] {subprocess.py:93} INFO - [0m11:46:07
[2025-11-23T11:46:07.303+0000] {subprocess.py:93} INFO - [0m11:46:07  [32mCompleted successfully[0m
[2025-11-23T11:46:07.305+0000] {subprocess.py:93} INFO - [0m11:46:07
[2025-11-23T11:46:07.308+0000] {subprocess.py:93} INFO - [0m11:46:07  Done. PASS=4 WARN=0 ERROR=0 SKIP=0 TOTAL=4
[2025-11-23T11:46:08.280+0000] {subprocess.py:97} INFO - Command exited with return code 0
[2025-11-23T11:46:08.329+0000] {taskinstance.py:340} INFO - ::group::Post task execution logs
[2025-11-23T11:46:08.330+0000] {taskinstance.py:352} INFO - Marking task as SUCCESS. dag_id=extract_raw_data_pipeline, task_id=run_dbt_trusted, run_id=scheduled__2025-11-23T07:58:00+00:00, execution_date=20251123T075800, start_date=20251123T114556, end_date=20251123T114608
[2025-11-23T11:46:08.376+0000] {local_task_job_runner.py:266} INFO - Task exited with return code 0
[2025-11-23T11:46:08.399+0000] {taskinstance.py:3900} INFO - 0 downstream tasks scheduled from follow-on schedule check
[2025-11-23T11:46:08.401+0000] {local_task_job_runner.py:245} INFO - ::endgroup::
