[2025-11-24T13:12:33.329+0000] {local_task_job_runner.py:123} INFO - ::group::Pre task execution logs
[2025-11-24T13:12:33.350+0000] {taskinstance.py:2612} INFO - Dependencies all met for dep_context=non-requeueable deps ti=<TaskInstance: extract_raw_data_pipeline.run_dbt_trusted_task scheduled__2025-11-23T07:00:00+00:00 [queued]>
[2025-11-24T13:12:33.360+0000] {taskinstance.py:2612} INFO - Dependencies all met for dep_context=requeueable deps ti=<TaskInstance: extract_raw_data_pipeline.run_dbt_trusted_task scheduled__2025-11-23T07:00:00+00:00 [queued]>
[2025-11-24T13:12:33.361+0000] {taskinstance.py:2865} INFO - Starting attempt 1 of 1
[2025-11-24T13:12:33.376+0000] {taskinstance.py:2888} INFO - Executing <Task(BashOperator): run_dbt_trusted_task> on 2025-11-23 07:00:00+00:00
[2025-11-24T13:12:33.382+0000] {warnings.py:112} WARNING - /home/***/.local/lib/python3.12/site-packages/***/task/task_runner/standard_task_runner.py:70: DeprecationWarning: This process (pid=163) is multi-threaded, use of fork() may lead to deadlocks in the child.
  pid = os.fork()

[2025-11-24T13:12:33.384+0000] {standard_task_runner.py:72} INFO - Started process 164 to run task
[2025-11-24T13:12:33.385+0000] {standard_task_runner.py:104} INFO - Running: ['***', 'tasks', 'run', 'extract_raw_data_pipeline', 'run_dbt_trusted_task', 'scheduled__2025-11-23T07:00:00+00:00', '--job-id', '8', '--raw', '--subdir', 'DAGS_FOLDER/driven_data_pipeline.py', '--cfg-path', '/tmp/tmpn1ca0iqv']
[2025-11-24T13:12:33.386+0000] {standard_task_runner.py:105} INFO - Job 8: Subtask run_dbt_trusted_task
[2025-11-24T13:12:33.445+0000] {task_command.py:467} INFO - Running <TaskInstance: extract_raw_data_pipeline.run_dbt_trusted_task scheduled__2025-11-23T07:00:00+00:00 [running]> on host 94e0b492a3f2
[2025-11-24T13:12:33.550+0000] {taskinstance.py:3131} INFO - Exporting env vars: AIRFLOW_CTX_DAG_OWNER='***' AIRFLOW_CTX_DAG_ID='extract_raw_data_pipeline' AIRFLOW_CTX_TASK_ID='run_dbt_trusted_task' AIRFLOW_CTX_EXECUTION_DATE='2025-11-23T07:00:00+00:00' AIRFLOW_CTX_TRY_NUMBER='1' AIRFLOW_CTX_DAG_RUN_ID='scheduled__2025-11-23T07:00:00+00:00'
[2025-11-24T13:12:33.551+0000] {taskinstance.py:731} INFO - ::endgroup::
[2025-11-24T13:12:33.569+0000] {subprocess.py:63} INFO - Tmp dir root location: /tmp
[2025-11-24T13:12:33.570+0000] {subprocess.py:75} INFO - Running command: ['/usr/bin/bash', '-c', 'cd /opt/***/dags/dbt/ && dbt run --models trusted.* --profiles-dir /opt/***/dags/dbt/']
[2025-11-24T13:12:33.581+0000] {subprocess.py:86} INFO - Output:
[2025-11-24T13:12:36.284+0000] {subprocess.py:93} INFO - [0m13:12:36  Running with dbt=1.8.0
[2025-11-24T13:12:36.674+0000] {subprocess.py:93} INFO - [0m13:12:36  Registered adapter: postgres=1.8.2
[2025-11-24T13:12:37.092+0000] {subprocess.py:93} INFO - [0m13:12:37  Found 428 macros
[2025-11-24T13:12:37.095+0000] {subprocess.py:93} INFO - [0m13:12:37  The selection criterion 'trusted.*' does not match any enabled nodes
[2025-11-24T13:12:37.099+0000] {subprocess.py:93} INFO - [0m13:12:37
[2025-11-24T13:12:37.101+0000] {subprocess.py:93} INFO - [0m13:12:37  Nothing to do. Try checking your model configs and model specification args
[2025-11-24T13:12:37.820+0000] {subprocess.py:97} INFO - Command exited with return code 0
[2025-11-24T13:12:37.860+0000] {taskinstance.py:340} INFO - ::group::Post task execution logs
[2025-11-24T13:12:37.861+0000] {taskinstance.py:352} INFO - Marking task as SUCCESS. dag_id=extract_raw_data_pipeline, task_id=run_dbt_trusted_task, run_id=scheduled__2025-11-23T07:00:00+00:00, execution_date=20251123T070000, start_date=20251124T131233, end_date=20251124T131237
[2025-11-24T13:12:37.916+0000] {local_task_job_runner.py:266} INFO - Task exited with return code 0
[2025-11-24T13:12:37.944+0000] {taskinstance.py:3900} INFO - 1 downstream tasks scheduled from follow-on schedule check
[2025-11-24T13:12:37.946+0000] {local_task_job_runner.py:245} INFO - ::endgroup::
