[2025-11-23T10:06:02.627+0000] {local_task_job_runner.py:123} INFO - ::group::Pre task execution logs
[2025-11-23T10:06:02.654+0000] {taskinstance.py:2612} INFO - Dependencies all met for dep_context=non-requeueable deps ti=<TaskInstance: extract_raw_data_pipeline.run_dbt_staging_task scheduled__2025-11-22T07:00:00+00:00 [queued]>
[2025-11-23T10:06:02.664+0000] {taskinstance.py:2612} INFO - Dependencies all met for dep_context=requeueable deps ti=<TaskInstance: extract_raw_data_pipeline.run_dbt_staging_task scheduled__2025-11-22T07:00:00+00:00 [queued]>
[2025-11-23T10:06:02.665+0000] {taskinstance.py:2865} INFO - Starting attempt 1 of 1
[2025-11-23T10:06:02.682+0000] {taskinstance.py:2888} INFO - Executing <Task(BashOperator): run_dbt_staging_task> on 2025-11-22 07:00:00+00:00
[2025-11-23T10:06:02.689+0000] {warnings.py:112} WARNING - /home/***/.local/lib/python3.12/site-packages/***/task/task_runner/standard_task_runner.py:70: DeprecationWarning: This process (pid=102) is multi-threaded, use of fork() may lead to deadlocks in the child.
  pid = os.fork()

[2025-11-23T10:06:02.691+0000] {standard_task_runner.py:72} INFO - Started process 103 to run task
[2025-11-23T10:06:02.691+0000] {standard_task_runner.py:104} INFO - Running: ['***', 'tasks', 'run', 'extract_raw_data_pipeline', 'run_dbt_staging_task', 'scheduled__2025-11-22T07:00:00+00:00', '--job-id', '7', '--raw', '--subdir', 'DAGS_FOLDER/driven_data_pipeline.py', '--cfg-path', '/tmp/tmpraeelnid']
[2025-11-23T10:06:02.693+0000] {standard_task_runner.py:105} INFO - Job 7: Subtask run_dbt_staging_task
[2025-11-23T10:06:02.768+0000] {task_command.py:467} INFO - Running <TaskInstance: extract_raw_data_pipeline.run_dbt_staging_task scheduled__2025-11-22T07:00:00+00:00 [running]> on host 49f68414808b
[2025-11-23T10:06:02.878+0000] {taskinstance.py:3131} INFO - Exporting env vars: AIRFLOW_CTX_DAG_OWNER='***' AIRFLOW_CTX_DAG_ID='extract_raw_data_pipeline' AIRFLOW_CTX_TASK_ID='run_dbt_staging_task' AIRFLOW_CTX_EXECUTION_DATE='2025-11-22T07:00:00+00:00' AIRFLOW_CTX_TRY_NUMBER='1' AIRFLOW_CTX_DAG_RUN_ID='scheduled__2025-11-22T07:00:00+00:00'
[2025-11-23T10:06:02.879+0000] {taskinstance.py:731} INFO - ::endgroup::
[2025-11-23T10:06:02.923+0000] {taskinstance.py:3310} ERROR - Task failed with exception
Traceback (most recent call last):
  File "/home/airflow/.local/lib/python3.12/site-packages/airflow/models/taskinstance.py", line 767, in _execute_task
    result = _execute_callable(context=context, **execute_callable_kwargs)
             ^^^^^^^^^^^^^^^^^^^^^^^^^^^^^^^^^^^^^^^^^^^^^^^^^^^^^^^^^^^^^
  File "/home/airflow/.local/lib/python3.12/site-packages/airflow/models/taskinstance.py", line 733, in _execute_callable
    return ExecutionCallableRunner(
           ^^^^^^^^^^^^^^^^^^^^^^^^
  File "/home/airflow/.local/lib/python3.12/site-packages/airflow/utils/operator_helpers.py", line 252, in run
    return self.func(*args, **kwargs)
           ^^^^^^^^^^^^^^^^^^^^^^^^^^
  File "/home/airflow/.local/lib/python3.12/site-packages/airflow/models/baseoperator.py", line 406, in wrapper
    return func(self, *args, **kwargs)
           ^^^^^^^^^^^^^^^^^^^^^^^^^^^
  File "/home/airflow/.local/lib/python3.12/site-packages/airflow/operators/bash.py", line 226, in execute
    raise AirflowException(f"Can not find the cwd: {self.cwd}")
airflow.exceptions.AirflowException: Can not find the cwd: /Users/fermin/Desktop/M_SC_BIGDATA/Unidad_3/work/dbt/dbt_project
[2025-11-23T10:06:02.935+0000] {taskinstance.py:1225} INFO - Marking task as FAILED. dag_id=extract_raw_data_pipeline, task_id=run_dbt_staging_task, run_id=scheduled__2025-11-22T07:00:00+00:00, execution_date=20251122T070000, start_date=20251123T100602, end_date=20251123T100602
[2025-11-23T10:06:02.952+0000] {taskinstance.py:340} INFO - ::group::Post task execution logs
[2025-11-23T10:06:02.953+0000] {standard_task_runner.py:124} ERROR - Failed to execute job 7 for task run_dbt_staging_task (Can not find the cwd: /Users/fermin/Desktop/M_SC_BIGDATA/Unidad_3/work/dbt/dbt_project; 103)
Traceback (most recent call last):
  File "/home/airflow/.local/lib/python3.12/site-packages/airflow/task/task_runner/standard_task_runner.py", line 117, in _start_by_fork
    ret = args.func(args, dag=self.dag)
          ^^^^^^^^^^^^^^^^^^^^^^^^^^^^^
  File "/home/airflow/.local/lib/python3.12/site-packages/airflow/cli/cli_config.py", line 49, in command
    return func(*args, **kwargs)
           ^^^^^^^^^^^^^^^^^^^^^
  File "/home/airflow/.local/lib/python3.12/site-packages/airflow/utils/cli.py", line 115, in wrapper
    return f(*args, **kwargs)
           ^^^^^^^^^^^^^^^^^^
  File "/home/airflow/.local/lib/python3.12/site-packages/airflow/cli/commands/task_command.py", line 483, in task_run
    task_return_code = _run_task_by_selected_method(args, _dag, ti)
                       ^^^^^^^^^^^^^^^^^^^^^^^^^^^^^^^^^^^^^^^^^^^^
  File "/home/airflow/.local/lib/python3.12/site-packages/airflow/cli/commands/task_command.py", line 256, in _run_task_by_selected_method
    return _run_raw_task(args, ti)
           ^^^^^^^^^^^^^^^^^^^^^^^
  File "/home/airflow/.local/lib/python3.12/site-packages/airflow/cli/commands/task_command.py", line 341, in _run_raw_task
    return ti._run_raw_task(
           ^^^^^^^^^^^^^^^^^
  File "/home/airflow/.local/lib/python3.12/site-packages/airflow/utils/session.py", line 97, in wrapper
    return func(*args, session=session, **kwargs)
           ^^^^^^^^^^^^^^^^^^^^^^^^^^^^^^^^^^^^^^
  File "/home/airflow/.local/lib/python3.12/site-packages/airflow/models/taskinstance.py", line 3004, in _run_raw_task
    return _run_raw_task(
           ^^^^^^^^^^^^^^
  File "/home/airflow/.local/lib/python3.12/site-packages/airflow/models/taskinstance.py", line 273, in _run_raw_task
    TaskInstance._execute_task_with_callbacks(
  File "/home/airflow/.local/lib/python3.12/site-packages/airflow/models/taskinstance.py", line 3158, in _execute_task_with_callbacks
    result = self._execute_task(context, task_orig)
             ^^^^^^^^^^^^^^^^^^^^^^^^^^^^^^^^^^^^^^
  File "/home/airflow/.local/lib/python3.12/site-packages/airflow/models/taskinstance.py", line 3182, in _execute_task
    return _execute_task(self, context, task_orig)
           ^^^^^^^^^^^^^^^^^^^^^^^^^^^^^^^^^^^^^^^
  File "/home/airflow/.local/lib/python3.12/site-packages/airflow/models/taskinstance.py", line 767, in _execute_task
    result = _execute_callable(context=context, **execute_callable_kwargs)
             ^^^^^^^^^^^^^^^^^^^^^^^^^^^^^^^^^^^^^^^^^^^^^^^^^^^^^^^^^^^^^
  File "/home/airflow/.local/lib/python3.12/site-packages/airflow/models/taskinstance.py", line 733, in _execute_callable
    return ExecutionCallableRunner(
           ^^^^^^^^^^^^^^^^^^^^^^^^
  File "/home/airflow/.local/lib/python3.12/site-packages/airflow/utils/operator_helpers.py", line 252, in run
    return self.func(*args, **kwargs)
           ^^^^^^^^^^^^^^^^^^^^^^^^^^
  File "/home/airflow/.local/lib/python3.12/site-packages/airflow/models/baseoperator.py", line 406, in wrapper
    return func(self, *args, **kwargs)
           ^^^^^^^^^^^^^^^^^^^^^^^^^^^
  File "/home/airflow/.local/lib/python3.12/site-packages/airflow/operators/bash.py", line 226, in execute
    raise AirflowException(f"Can not find the cwd: {self.cwd}")
airflow.exceptions.AirflowException: Can not find the cwd: /Users/fermin/Desktop/M_SC_BIGDATA/Unidad_3/work/dbt/dbt_project
[2025-11-23T10:06:03.000+0000] {local_task_job_runner.py:266} INFO - Task exited with return code 1
[2025-11-23T10:06:03.033+0000] {taskinstance.py:3900} INFO - 0 downstream tasks scheduled from follow-on schedule check
[2025-11-23T10:06:03.038+0000] {local_task_job_runner.py:245} INFO - ::endgroup::
[2025-11-23T10:47:59.979+0000] {local_task_job_runner.py:123} INFO - ::group::Pre task execution logs
[2025-11-23T10:48:00.012+0000] {taskinstance.py:2612} INFO - Dependencies all met for dep_context=non-requeueable deps ti=<TaskInstance: extract_raw_data_pipeline.run_dbt_staging_task scheduled__2025-11-22T07:00:00+00:00 [queued]>
[2025-11-23T10:48:00.044+0000] {taskinstance.py:2612} INFO - Dependencies all met for dep_context=requeueable deps ti=<TaskInstance: extract_raw_data_pipeline.run_dbt_staging_task scheduled__2025-11-22T07:00:00+00:00 [queued]>
[2025-11-23T10:48:00.046+0000] {taskinstance.py:2865} INFO - Starting attempt 1 of 1
[2025-11-23T10:48:00.078+0000] {taskinstance.py:2888} INFO - Executing <Task(BashOperator): run_dbt_staging_task> on 2025-11-22 07:00:00+00:00
[2025-11-23T10:48:00.086+0000] {warnings.py:112} WARNING - /home/***/.local/lib/python3.12/site-packages/***/task/task_runner/standard_task_runner.py:70: DeprecationWarning: This process (pid=96) is multi-threaded, use of fork() may lead to deadlocks in the child.
  pid = os.fork()

[2025-11-23T10:48:00.088+0000] {standard_task_runner.py:72} INFO - Started process 97 to run task
[2025-11-23T10:48:00.092+0000] {standard_task_runner.py:104} INFO - Running: ['***', 'tasks', 'run', 'extract_raw_data_pipeline', 'run_dbt_staging_task', 'scheduled__2025-11-22T07:00:00+00:00', '--job-id', '8', '--raw', '--subdir', 'DAGS_FOLDER/driven_data_pipeline.py', '--cfg-path', '/tmp/tmp4n8ad10t']
[2025-11-23T10:48:00.098+0000] {standard_task_runner.py:105} INFO - Job 8: Subtask run_dbt_staging_task
[2025-11-23T10:48:00.211+0000] {task_command.py:467} INFO - Running <TaskInstance: extract_raw_data_pipeline.run_dbt_staging_task scheduled__2025-11-22T07:00:00+00:00 [running]> on host 2154dd3c667f
[2025-11-23T10:48:00.450+0000] {taskinstance.py:3131} INFO - Exporting env vars: AIRFLOW_CTX_DAG_OWNER='***' AIRFLOW_CTX_DAG_ID='extract_raw_data_pipeline' AIRFLOW_CTX_TASK_ID='run_dbt_staging_task' AIRFLOW_CTX_EXECUTION_DATE='2025-11-22T07:00:00+00:00' AIRFLOW_CTX_TRY_NUMBER='1' AIRFLOW_CTX_DAG_RUN_ID='scheduled__2025-11-22T07:00:00+00:00'
[2025-11-23T10:48:00.452+0000] {taskinstance.py:731} INFO - ::endgroup::
[2025-11-23T10:48:00.817+0000] {taskinstance.py:3310} ERROR - Task failed with exception
Traceback (most recent call last):
  File "/home/airflow/.local/lib/python3.12/site-packages/airflow/models/taskinstance.py", line 767, in _execute_task
    result = _execute_callable(context=context, **execute_callable_kwargs)
             ^^^^^^^^^^^^^^^^^^^^^^^^^^^^^^^^^^^^^^^^^^^^^^^^^^^^^^^^^^^^^
  File "/home/airflow/.local/lib/python3.12/site-packages/airflow/models/taskinstance.py", line 733, in _execute_callable
    return ExecutionCallableRunner(
           ^^^^^^^^^^^^^^^^^^^^^^^^
  File "/home/airflow/.local/lib/python3.12/site-packages/airflow/utils/operator_helpers.py", line 252, in run
    return self.func(*args, **kwargs)
           ^^^^^^^^^^^^^^^^^^^^^^^^^^
  File "/home/airflow/.local/lib/python3.12/site-packages/airflow/models/baseoperator.py", line 406, in wrapper
    return func(self, *args, **kwargs)
           ^^^^^^^^^^^^^^^^^^^^^^^^^^^
  File "/home/airflow/.local/lib/python3.12/site-packages/airflow/operators/bash.py", line 226, in execute
    raise AirflowException(f"Can not find the cwd: {self.cwd}")
airflow.exceptions.AirflowException: Can not find the cwd: /opt/***/dbt/dbt_project
[2025-11-23T10:48:00.868+0000] {taskinstance.py:1225} INFO - Marking task as FAILED. dag_id=extract_raw_data_pipeline, task_id=run_dbt_staging_task, run_id=scheduled__2025-11-22T07:00:00+00:00, execution_date=20251122T070000, start_date=20251123T104800, end_date=20251123T104800
[2025-11-23T10:48:00.918+0000] {taskinstance.py:340} INFO - ::group::Post task execution logs
[2025-11-23T10:48:00.920+0000] {standard_task_runner.py:124} ERROR - Failed to execute job 8 for task run_dbt_staging_task (Can not find the cwd: /opt/***/dbt/dbt_project; 97)
Traceback (most recent call last):
  File "/home/airflow/.local/lib/python3.12/site-packages/airflow/task/task_runner/standard_task_runner.py", line 117, in _start_by_fork
    ret = args.func(args, dag=self.dag)
          ^^^^^^^^^^^^^^^^^^^^^^^^^^^^^
  File "/home/airflow/.local/lib/python3.12/site-packages/airflow/cli/cli_config.py", line 49, in command
    return func(*args, **kwargs)
           ^^^^^^^^^^^^^^^^^^^^^
  File "/home/airflow/.local/lib/python3.12/site-packages/airflow/utils/cli.py", line 115, in wrapper
    return f(*args, **kwargs)
           ^^^^^^^^^^^^^^^^^^
  File "/home/airflow/.local/lib/python3.12/site-packages/airflow/cli/commands/task_command.py", line 483, in task_run
    task_return_code = _run_task_by_selected_method(args, _dag, ti)
                       ^^^^^^^^^^^^^^^^^^^^^^^^^^^^^^^^^^^^^^^^^^^^
  File "/home/airflow/.local/lib/python3.12/site-packages/airflow/cli/commands/task_command.py", line 256, in _run_task_by_selected_method
    return _run_raw_task(args, ti)
           ^^^^^^^^^^^^^^^^^^^^^^^
  File "/home/airflow/.local/lib/python3.12/site-packages/airflow/cli/commands/task_command.py", line 341, in _run_raw_task
    return ti._run_raw_task(
           ^^^^^^^^^^^^^^^^^
  File "/home/airflow/.local/lib/python3.12/site-packages/airflow/utils/session.py", line 97, in wrapper
    return func(*args, session=session, **kwargs)
           ^^^^^^^^^^^^^^^^^^^^^^^^^^^^^^^^^^^^^^
  File "/home/airflow/.local/lib/python3.12/site-packages/airflow/models/taskinstance.py", line 3004, in _run_raw_task
    return _run_raw_task(
           ^^^^^^^^^^^^^^
  File "/home/airflow/.local/lib/python3.12/site-packages/airflow/models/taskinstance.py", line 273, in _run_raw_task
    TaskInstance._execute_task_with_callbacks(
  File "/home/airflow/.local/lib/python3.12/site-packages/airflow/models/taskinstance.py", line 3158, in _execute_task_with_callbacks
    result = self._execute_task(context, task_orig)
             ^^^^^^^^^^^^^^^^^^^^^^^^^^^^^^^^^^^^^^
  File "/home/airflow/.local/lib/python3.12/site-packages/airflow/models/taskinstance.py", line 3182, in _execute_task
    return _execute_task(self, context, task_orig)
           ^^^^^^^^^^^^^^^^^^^^^^^^^^^^^^^^^^^^^^^
  File "/home/airflow/.local/lib/python3.12/site-packages/airflow/models/taskinstance.py", line 767, in _execute_task
    result = _execute_callable(context=context, **execute_callable_kwargs)
             ^^^^^^^^^^^^^^^^^^^^^^^^^^^^^^^^^^^^^^^^^^^^^^^^^^^^^^^^^^^^^
  File "/home/airflow/.local/lib/python3.12/site-packages/airflow/models/taskinstance.py", line 733, in _execute_callable
    return ExecutionCallableRunner(
           ^^^^^^^^^^^^^^^^^^^^^^^^
  File "/home/airflow/.local/lib/python3.12/site-packages/airflow/utils/operator_helpers.py", line 252, in run
    return self.func(*args, **kwargs)
           ^^^^^^^^^^^^^^^^^^^^^^^^^^
  File "/home/airflow/.local/lib/python3.12/site-packages/airflow/models/baseoperator.py", line 406, in wrapper
    return func(self, *args, **kwargs)
           ^^^^^^^^^^^^^^^^^^^^^^^^^^^
  File "/home/airflow/.local/lib/python3.12/site-packages/airflow/operators/bash.py", line 226, in execute
    raise AirflowException(f"Can not find the cwd: {self.cwd}")
airflow.exceptions.AirflowException: Can not find the cwd: /opt/***/dbt/dbt_project
[2025-11-23T10:48:00.984+0000] {local_task_job_runner.py:266} INFO - Task exited with return code 1
[2025-11-23T10:48:01.046+0000] {taskinstance.py:3900} INFO - 0 downstream tasks scheduled from follow-on schedule check
[2025-11-23T10:48:01.059+0000] {local_task_job_runner.py:245} INFO - ::endgroup::
[2025-11-23T11:01:01.453+0000] {local_task_job_runner.py:123} INFO - ::group::Pre task execution logs
[2025-11-23T11:01:01.659+0000] {taskinstance.py:2612} INFO - Dependencies all met for dep_context=non-requeueable deps ti=<TaskInstance: extract_raw_data_pipeline.run_dbt_staging_task scheduled__2025-11-22T07:00:00+00:00 [queued]>
[2025-11-23T11:01:01.692+0000] {taskinstance.py:2612} INFO - Dependencies all met for dep_context=requeueable deps ti=<TaskInstance: extract_raw_data_pipeline.run_dbt_staging_task scheduled__2025-11-22T07:00:00+00:00 [queued]>
[2025-11-23T11:01:01.693+0000] {taskinstance.py:2865} INFO - Starting attempt 1 of 1
[2025-11-23T11:01:01.741+0000] {taskinstance.py:2888} INFO - Executing <Task(BashOperator): run_dbt_staging_task> on 2025-11-22 07:00:00+00:00
[2025-11-23T11:01:01.757+0000] {warnings.py:112} WARNING - /home/***/.local/lib/python3.12/site-packages/***/task/task_runner/standard_task_runner.py:70: DeprecationWarning: This process (pid=102) is multi-threaded, use of fork() may lead to deadlocks in the child.
  pid = os.fork()

[2025-11-23T11:01:01.760+0000] {standard_task_runner.py:72} INFO - Started process 103 to run task
[2025-11-23T11:01:01.760+0000] {standard_task_runner.py:104} INFO - Running: ['***', 'tasks', 'run', 'extract_raw_data_pipeline', 'run_dbt_staging_task', 'scheduled__2025-11-22T07:00:00+00:00', '--job-id', '7', '--raw', '--subdir', 'DAGS_FOLDER/driven_data_pipeline.py', '--cfg-path', '/tmp/tmpyq3xzg65']
[2025-11-23T11:01:01.763+0000] {standard_task_runner.py:105} INFO - Job 7: Subtask run_dbt_staging_task
[2025-11-23T11:01:01.859+0000] {task_command.py:467} INFO - Running <TaskInstance: extract_raw_data_pipeline.run_dbt_staging_task scheduled__2025-11-22T07:00:00+00:00 [running]> on host f78c98b58354
[2025-11-23T11:01:01.987+0000] {taskinstance.py:3131} INFO - Exporting env vars: AIRFLOW_CTX_DAG_OWNER='***' AIRFLOW_CTX_DAG_ID='extract_raw_data_pipeline' AIRFLOW_CTX_TASK_ID='run_dbt_staging_task' AIRFLOW_CTX_EXECUTION_DATE='2025-11-22T07:00:00+00:00' AIRFLOW_CTX_TRY_NUMBER='1' AIRFLOW_CTX_DAG_RUN_ID='scheduled__2025-11-22T07:00:00+00:00'
[2025-11-23T11:01:01.988+0000] {taskinstance.py:731} INFO - ::endgroup::
[2025-11-23T11:01:02.026+0000] {taskinstance.py:3310} ERROR - Task failed with exception
Traceback (most recent call last):
  File "/home/airflow/.local/lib/python3.12/site-packages/airflow/models/taskinstance.py", line 767, in _execute_task
    result = _execute_callable(context=context, **execute_callable_kwargs)
             ^^^^^^^^^^^^^^^^^^^^^^^^^^^^^^^^^^^^^^^^^^^^^^^^^^^^^^^^^^^^^
  File "/home/airflow/.local/lib/python3.12/site-packages/airflow/models/taskinstance.py", line 733, in _execute_callable
    return ExecutionCallableRunner(
           ^^^^^^^^^^^^^^^^^^^^^^^^
  File "/home/airflow/.local/lib/python3.12/site-packages/airflow/utils/operator_helpers.py", line 252, in run
    return self.func(*args, **kwargs)
           ^^^^^^^^^^^^^^^^^^^^^^^^^^
  File "/home/airflow/.local/lib/python3.12/site-packages/airflow/models/baseoperator.py", line 406, in wrapper
    return func(self, *args, **kwargs)
           ^^^^^^^^^^^^^^^^^^^^^^^^^^^
  File "/home/airflow/.local/lib/python3.12/site-packages/airflow/operators/bash.py", line 226, in execute
    raise AirflowException(f"Can not find the cwd: {self.cwd}")
airflow.exceptions.AirflowException: Can not find the cwd: /usr/local/***/dags/dbt/dbt_project
[2025-11-23T11:01:02.037+0000] {taskinstance.py:1225} INFO - Marking task as FAILED. dag_id=extract_raw_data_pipeline, task_id=run_dbt_staging_task, run_id=scheduled__2025-11-22T07:00:00+00:00, execution_date=20251122T070000, start_date=20251123T110101, end_date=20251123T110102
[2025-11-23T11:01:02.054+0000] {taskinstance.py:340} INFO - ::group::Post task execution logs
[2025-11-23T11:01:02.055+0000] {standard_task_runner.py:124} ERROR - Failed to execute job 7 for task run_dbt_staging_task (Can not find the cwd: /usr/local/***/dags/dbt/dbt_project; 103)
Traceback (most recent call last):
  File "/home/airflow/.local/lib/python3.12/site-packages/airflow/task/task_runner/standard_task_runner.py", line 117, in _start_by_fork
    ret = args.func(args, dag=self.dag)
          ^^^^^^^^^^^^^^^^^^^^^^^^^^^^^
  File "/home/airflow/.local/lib/python3.12/site-packages/airflow/cli/cli_config.py", line 49, in command
    return func(*args, **kwargs)
           ^^^^^^^^^^^^^^^^^^^^^
  File "/home/airflow/.local/lib/python3.12/site-packages/airflow/utils/cli.py", line 115, in wrapper
    return f(*args, **kwargs)
           ^^^^^^^^^^^^^^^^^^
  File "/home/airflow/.local/lib/python3.12/site-packages/airflow/cli/commands/task_command.py", line 483, in task_run
    task_return_code = _run_task_by_selected_method(args, _dag, ti)
                       ^^^^^^^^^^^^^^^^^^^^^^^^^^^^^^^^^^^^^^^^^^^^
  File "/home/airflow/.local/lib/python3.12/site-packages/airflow/cli/commands/task_command.py", line 256, in _run_task_by_selected_method
    return _run_raw_task(args, ti)
           ^^^^^^^^^^^^^^^^^^^^^^^
  File "/home/airflow/.local/lib/python3.12/site-packages/airflow/cli/commands/task_command.py", line 341, in _run_raw_task
    return ti._run_raw_task(
           ^^^^^^^^^^^^^^^^^
  File "/home/airflow/.local/lib/python3.12/site-packages/airflow/utils/session.py", line 97, in wrapper
    return func(*args, session=session, **kwargs)
           ^^^^^^^^^^^^^^^^^^^^^^^^^^^^^^^^^^^^^^
  File "/home/airflow/.local/lib/python3.12/site-packages/airflow/models/taskinstance.py", line 3004, in _run_raw_task
    return _run_raw_task(
           ^^^^^^^^^^^^^^
  File "/home/airflow/.local/lib/python3.12/site-packages/airflow/models/taskinstance.py", line 273, in _run_raw_task
    TaskInstance._execute_task_with_callbacks(
  File "/home/airflow/.local/lib/python3.12/site-packages/airflow/models/taskinstance.py", line 3158, in _execute_task_with_callbacks
    result = self._execute_task(context, task_orig)
             ^^^^^^^^^^^^^^^^^^^^^^^^^^^^^^^^^^^^^^
  File "/home/airflow/.local/lib/python3.12/site-packages/airflow/models/taskinstance.py", line 3182, in _execute_task
    return _execute_task(self, context, task_orig)
           ^^^^^^^^^^^^^^^^^^^^^^^^^^^^^^^^^^^^^^^
  File "/home/airflow/.local/lib/python3.12/site-packages/airflow/models/taskinstance.py", line 767, in _execute_task
    result = _execute_callable(context=context, **execute_callable_kwargs)
             ^^^^^^^^^^^^^^^^^^^^^^^^^^^^^^^^^^^^^^^^^^^^^^^^^^^^^^^^^^^^^
  File "/home/airflow/.local/lib/python3.12/site-packages/airflow/models/taskinstance.py", line 733, in _execute_callable
    return ExecutionCallableRunner(
           ^^^^^^^^^^^^^^^^^^^^^^^^
  File "/home/airflow/.local/lib/python3.12/site-packages/airflow/utils/operator_helpers.py", line 252, in run
    return self.func(*args, **kwargs)
           ^^^^^^^^^^^^^^^^^^^^^^^^^^
  File "/home/airflow/.local/lib/python3.12/site-packages/airflow/models/baseoperator.py", line 406, in wrapper
    return func(self, *args, **kwargs)
           ^^^^^^^^^^^^^^^^^^^^^^^^^^^
  File "/home/airflow/.local/lib/python3.12/site-packages/airflow/operators/bash.py", line 226, in execute
    raise AirflowException(f"Can not find the cwd: {self.cwd}")
airflow.exceptions.AirflowException: Can not find the cwd: /usr/local/***/dags/dbt/dbt_project
[2025-11-23T11:01:02.075+0000] {local_task_job_runner.py:266} INFO - Task exited with return code 1
[2025-11-23T11:01:02.110+0000] {taskinstance.py:3900} INFO - 0 downstream tasks scheduled from follow-on schedule check
[2025-11-23T11:01:02.115+0000] {local_task_job_runner.py:245} INFO - ::endgroup::
[2025-11-23T11:24:39.557+0000] {local_task_job_runner.py:123} INFO - ::group::Pre task execution logs
[2025-11-23T11:24:39.581+0000] {taskinstance.py:2612} INFO - Dependencies all met for dep_context=non-requeueable deps ti=<TaskInstance: extract_raw_data_pipeline.run_dbt_staging_task scheduled__2025-11-22T07:00:00+00:00 [queued]>
[2025-11-23T11:24:39.593+0000] {taskinstance.py:2612} INFO - Dependencies all met for dep_context=requeueable deps ti=<TaskInstance: extract_raw_data_pipeline.run_dbt_staging_task scheduled__2025-11-22T07:00:00+00:00 [queued]>
[2025-11-23T11:24:39.593+0000] {taskinstance.py:2865} INFO - Starting attempt 1 of 1
[2025-11-23T11:24:39.610+0000] {taskinstance.py:2888} INFO - Executing <Task(BashOperator): run_dbt_staging_task> on 2025-11-22 07:00:00+00:00
[2025-11-23T11:24:39.618+0000] {warnings.py:112} WARNING - /home/***/.local/lib/python3.12/site-packages/***/task/task_runner/standard_task_runner.py:70: DeprecationWarning: This process (pid=94) is multi-threaded, use of fork() may lead to deadlocks in the child.
  pid = os.fork()

[2025-11-23T11:24:39.620+0000] {standard_task_runner.py:72} INFO - Started process 95 to run task
[2025-11-23T11:24:39.621+0000] {standard_task_runner.py:104} INFO - Running: ['***', 'tasks', 'run', 'extract_raw_data_pipeline', 'run_dbt_staging_task', 'scheduled__2025-11-22T07:00:00+00:00', '--job-id', '7', '--raw', '--subdir', 'DAGS_FOLDER/driven_data_pipeline.py', '--cfg-path', '/tmp/tmpjg9b81gm']
[2025-11-23T11:24:39.623+0000] {standard_task_runner.py:105} INFO - Job 7: Subtask run_dbt_staging_task
[2025-11-23T11:24:39.688+0000] {task_command.py:467} INFO - Running <TaskInstance: extract_raw_data_pipeline.run_dbt_staging_task scheduled__2025-11-22T07:00:00+00:00 [running]> on host 1b6a13258dce
[2025-11-23T11:24:39.869+0000] {taskinstance.py:3131} INFO - Exporting env vars: AIRFLOW_CTX_DAG_OWNER='***' AIRFLOW_CTX_DAG_ID='extract_raw_data_pipeline' AIRFLOW_CTX_TASK_ID='run_dbt_staging_task' AIRFLOW_CTX_EXECUTION_DATE='2025-11-22T07:00:00+00:00' AIRFLOW_CTX_TRY_NUMBER='1' AIRFLOW_CTX_DAG_RUN_ID='scheduled__2025-11-22T07:00:00+00:00'
[2025-11-23T11:24:39.870+0000] {taskinstance.py:731} INFO - ::endgroup::
[2025-11-23T11:24:39.899+0000] {subprocess.py:63} INFO - Tmp dir root location: /tmp
[2025-11-23T11:24:39.900+0000] {subprocess.py:75} INFO - Running command: ['/usr/bin/bash', '-c', 'dbt run --models staging']
[2025-11-23T11:24:39.915+0000] {subprocess.py:86} INFO - Output:
[2025-11-23T11:24:46.413+0000] {subprocess.py:93} INFO - [0m11:24:46  Running with dbt=1.8.0
[2025-11-23T11:24:48.921+0000] {subprocess.py:93} INFO - [0m11:24:48  Registered adapter: postgres=1.8.2
[2025-11-23T11:24:50.983+0000] {subprocess.py:93} INFO - [0m11:24:50  Unable to do partial parsing because saved manifest not found. Starting full parse.
[2025-11-23T11:26:12.383+0000] {job.py:229} INFO - Heartbeat recovered after 82.09 seconds
[2025-11-23T11:28:23.552+0000] {job.py:229} INFO - Heartbeat recovered after 131.30 seconds
[2025-11-23T11:28:51.341+0000] {job.py:229} INFO - Heartbeat recovered after 27.88 seconds
[2025-11-23T11:28:52.564+0000] {subprocess.py:93} INFO - [0m11:28:52  Found 9 models, 10 sources, 428 macros
[2025-11-23T11:28:52.607+0000] {subprocess.py:93} INFO - [0m11:28:52  The selection criterion 'staging' does not match any enabled nodes
[2025-11-23T11:28:52.616+0000] {subprocess.py:93} INFO - [0m11:28:52
[2025-11-23T11:28:52.620+0000] {subprocess.py:93} INFO - [0m11:28:52  Nothing to do. Try checking your model configs and model specification args
[2025-11-23T11:29:46.653+0000] {job.py:229} INFO - Heartbeat recovered after 55.74 seconds
[2025-11-23T11:29:46.783+0000] {subprocess.py:97} INFO - Command exited with return code 0
[2025-11-23T11:29:47.319+0000] {taskinstance.py:340} INFO - ::group::Post task execution logs
[2025-11-23T11:29:47.328+0000] {taskinstance.py:352} INFO - Marking task as SUCCESS. dag_id=extract_raw_data_pipeline, task_id=run_dbt_staging_task, run_id=scheduled__2025-11-22T07:00:00+00:00, execution_date=20251122T070000, start_date=20251123T112439, end_date=20251123T112947
[2025-11-23T11:29:47.532+0000] {local_task_job_runner.py:266} INFO - Task exited with return code 0
[2025-11-23T11:29:47.740+0000] {taskinstance.py:3900} INFO - 1 downstream tasks scheduled from follow-on schedule check
[2025-11-23T11:29:47.745+0000] {local_task_job_runner.py:245} INFO - ::endgroup::
