[2025-11-24T09:53:03.969+0000] {local_task_job_runner.py:123} INFO - ::group::Pre task execution logs
[2025-11-24T09:53:04.253+0000] {taskinstance.py:2612} INFO - Dependencies all met for dep_context=non-requeueable deps ti=<TaskInstance: extract_raw_data_pipeline.extract_raw_data_task scheduled__2025-11-24T07:58:00+00:00 [queued]>
[2025-11-24T09:53:04.310+0000] {taskinstance.py:2612} INFO - Dependencies all met for dep_context=requeueable deps ti=<TaskInstance: extract_raw_data_pipeline.extract_raw_data_task scheduled__2025-11-24T07:58:00+00:00 [queued]>
[2025-11-24T09:53:04.313+0000] {taskinstance.py:2865} INFO - Starting attempt 1 of 1
[2025-11-24T09:53:04.416+0000] {taskinstance.py:2888} INFO - Executing <Task(PythonOperator): extract_raw_data_task> on 2025-11-24 07:58:00+00:00
[2025-11-24T09:53:04.442+0000] {warnings.py:112} WARNING - /home/***/.local/lib/python3.12/site-packages/***/task/task_runner/standard_task_runner.py:70: DeprecationWarning: This process (pid=112) is multi-threaded, use of fork() may lead to deadlocks in the child.
  pid = os.fork()

[2025-11-24T09:53:04.454+0000] {standard_task_runner.py:72} INFO - Started process 114 to run task
[2025-11-24T09:53:04.463+0000] {standard_task_runner.py:104} INFO - Running: ['***', 'tasks', 'run', 'extract_raw_data_pipeline', 'extract_raw_data_task', 'scheduled__2025-11-24T07:58:00+00:00', '--job-id', '7', '--raw', '--subdir', 'DAGS_FOLDER/driven_data_pipeline.py', '--cfg-path', '/tmp/tmpu920wgjy']
[2025-11-24T09:53:04.472+0000] {standard_task_runner.py:105} INFO - Job 7: Subtask extract_raw_data_task
[2025-11-24T09:53:04.866+0000] {task_command.py:467} INFO - Running <TaskInstance: extract_raw_data_pipeline.extract_raw_data_task scheduled__2025-11-24T07:58:00+00:00 [running]> on host 99fcbc2c08dd
[2025-11-24T09:56:13.296+0000] {job.py:229} INFO - Heartbeat recovered after 189.88 seconds
[2025-11-24T09:56:13.478+0000] {taskinstance.py:3131} INFO - Exporting env vars: AIRFLOW_CTX_DAG_OWNER='***' AIRFLOW_CTX_DAG_ID='extract_raw_data_pipeline' AIRFLOW_CTX_TASK_ID='extract_raw_data_task' AIRFLOW_CTX_EXECUTION_DATE='2025-11-24T07:58:00+00:00' AIRFLOW_CTX_TRY_NUMBER='1' AIRFLOW_CTX_DAG_RUN_ID='scheduled__2025-11-24T07:58:00+00:00'
[2025-11-24T09:56:13.506+0000] {taskinstance.py:731} INFO - ::endgroup::
[2025-11-24T09:56:13.822+0000] {driven_data_pipeline.py:14} INFO - Iniciando la extracción de datos brutos...
[2025-11-24T09:56:13.827+0000] {driven_data_pipeline.py:17} INFO - Datos brutos extraídos (Simulación).
[2025-11-24T09:56:13.828+0000] {python.py:240} INFO - Done. Returned value was: None
[2025-11-24T09:56:13.892+0000] {taskinstance.py:340} INFO - ::group::Post task execution logs
[2025-11-24T09:56:13.894+0000] {taskinstance.py:352} INFO - Marking task as SUCCESS. dag_id=extract_raw_data_pipeline, task_id=extract_raw_data_task, run_id=scheduled__2025-11-24T07:58:00+00:00, execution_date=20251124T075800, start_date=20251124T095304, end_date=20251124T095613
[2025-11-24T09:56:13.981+0000] {local_task_job_runner.py:266} INFO - Task exited with return code 0
[2025-11-24T09:56:14.095+0000] {taskinstance.py:3900} INFO - 0 downstream tasks scheduled from follow-on schedule check
[2025-11-24T09:56:14.125+0000] {local_task_job_runner.py:245} INFO - ::endgroup::
