[2025-11-23T09:42:21.728+0000] {local_task_job_runner.py:123} INFO - ::group::Pre task execution logs
[2025-11-23T09:42:21.796+0000] {taskinstance.py:2612} INFO - Dependencies all met for dep_context=non-requeueable deps ti=<TaskInstance: extract_raw_data_pipeline.extract_raw_data scheduled__2025-11-23T07:58:00+00:00 [queued]>
[2025-11-23T09:42:21.820+0000] {taskinstance.py:2612} INFO - Dependencies all met for dep_context=requeueable deps ti=<TaskInstance: extract_raw_data_pipeline.extract_raw_data scheduled__2025-11-23T07:58:00+00:00 [queued]>
[2025-11-23T09:42:21.821+0000] {taskinstance.py:2865} INFO - Starting attempt 1 of 1
[2025-11-23T09:42:21.869+0000] {taskinstance.py:2888} INFO - Executing <Task(PythonOperator): extract_raw_data> on 2025-11-23 07:58:00+00:00
[2025-11-23T09:42:21.895+0000] {warnings.py:112} WARNING - /home/***/.local/lib/python3.12/site-packages/***/task/task_runner/standard_task_runner.py:70: DeprecationWarning: This process (pid=104) is multi-threaded, use of fork() may lead to deadlocks in the child.
  pid = os.fork()

[2025-11-23T09:42:21.897+0000] {standard_task_runner.py:104} INFO - Running: ['***', 'tasks', 'run', 'extract_raw_data_pipeline', 'extract_raw_data', 'scheduled__2025-11-23T07:58:00+00:00', '--job-id', '4', '--raw', '--subdir', 'DAGS_FOLDER/driven_data_pipeline.py', '--cfg-path', '/tmp/tmpzai58jg0']
[2025-11-23T09:42:21.902+0000] {standard_task_runner.py:72} INFO - Started process 109 to run task
[2025-11-23T09:42:21.902+0000] {standard_task_runner.py:105} INFO - Job 4: Subtask extract_raw_data
[2025-11-23T09:42:22.737+0000] {task_command.py:467} INFO - Running <TaskInstance: extract_raw_data_pipeline.extract_raw_data scheduled__2025-11-23T07:58:00+00:00 [running]> on host 20b1cac24b18
[2025-11-23T09:42:23.092+0000] {taskinstance.py:3131} INFO - Exporting env vars: AIRFLOW_CTX_DAG_OWNER='***' AIRFLOW_CTX_DAG_ID='extract_raw_data_pipeline' AIRFLOW_CTX_TASK_ID='extract_raw_data' AIRFLOW_CTX_EXECUTION_DATE='2025-11-23T07:58:00+00:00' AIRFLOW_CTX_TRY_NUMBER='1' AIRFLOW_CTX_DAG_RUN_ID='scheduled__2025-11-23T07:58:00+00:00'
[2025-11-23T09:42:23.097+0000] {taskinstance.py:731} INFO - ::endgroup::
[2025-11-23T09:42:23.230+0000] {driven_data_pipeline.py:143} INFO - Started batch processing for 2025-11-23.
[2025-11-23T09:42:23.232+0000] {driven_data_pipeline.py:34} INFO - Created synthetic data for RO country code.
[2025-11-23T09:42:25.145+0000] {driven_data_pipeline.py:100} INFO - Written 1042 records to the CSV file.
[2025-11-23T09:42:25.282+0000] {driven_data_pipeline.py:116} INFO - Added UUID to the dataset.
[2025-11-23T09:42:25.308+0000] {driven_data_pipeline.py:135} INFO - Updated accessed timestamp.
[2025-11-23T09:42:25.309+0000] {driven_data_pipeline.py:151} INFO - Finished batch processing 2025-11-23.
[2025-11-23T09:42:25.310+0000] {python.py:240} INFO - Done. Returned value was: None
[2025-11-23T09:42:25.341+0000] {taskinstance.py:340} INFO - ::group::Post task execution logs
[2025-11-23T09:42:25.343+0000] {taskinstance.py:352} INFO - Marking task as SUCCESS. dag_id=extract_raw_data_pipeline, task_id=extract_raw_data, run_id=scheduled__2025-11-23T07:58:00+00:00, execution_date=20251123T075800, start_date=20251123T094221, end_date=20251123T094225
[2025-11-23T09:42:25.432+0000] {local_task_job_runner.py:266} INFO - Task exited with return code 0
[2025-11-23T09:42:25.494+0000] {taskinstance.py:3900} INFO - 0 downstream tasks scheduled from follow-on schedule check
[2025-11-23T09:42:25.500+0000] {local_task_job_runner.py:245} INFO - ::endgroup::
[2025-11-23T11:42:22.074+0000] {local_task_job_runner.py:123} INFO - ::group::Pre task execution logs
[2025-11-23T11:42:22.101+0000] {taskinstance.py:2612} INFO - Dependencies all met for dep_context=non-requeueable deps ti=<TaskInstance: extract_raw_data_pipeline.extract_raw_data scheduled__2025-11-23T07:58:00+00:00 [queued]>
[2025-11-23T11:42:22.110+0000] {taskinstance.py:2612} INFO - Dependencies all met for dep_context=requeueable deps ti=<TaskInstance: extract_raw_data_pipeline.extract_raw_data scheduled__2025-11-23T07:58:00+00:00 [queued]>
[2025-11-23T11:42:22.111+0000] {taskinstance.py:2865} INFO - Starting attempt 1 of 1
[2025-11-23T11:42:22.133+0000] {taskinstance.py:2888} INFO - Executing <Task(PythonOperator): extract_raw_data> on 2025-11-23 07:58:00+00:00
[2025-11-23T11:42:22.144+0000] {standard_task_runner.py:104} INFO - Running: ['***', 'tasks', 'run', 'extract_raw_data_pipeline', 'extract_raw_data', 'scheduled__2025-11-23T07:58:00+00:00', '--job-id', '3', '--raw', '--subdir', 'DAGS_FOLDER/driven_data_pipeline.py', '--cfg-path', '/tmp/tmpvpfv3ybx']
[2025-11-23T11:42:22.141+0000] {warnings.py:112} WARNING - /home/***/.local/lib/python3.12/site-packages/***/task/task_runner/standard_task_runner.py:70: DeprecationWarning: This process (pid=82) is multi-threaded, use of fork() may lead to deadlocks in the child.
  pid = os.fork()

[2025-11-23T11:42:22.147+0000] {standard_task_runner.py:105} INFO - Job 3: Subtask extract_raw_data
[2025-11-23T11:42:22.148+0000] {standard_task_runner.py:72} INFO - Started process 86 to run task
[2025-11-23T11:42:22.216+0000] {task_command.py:467} INFO - Running <TaskInstance: extract_raw_data_pipeline.extract_raw_data scheduled__2025-11-23T07:58:00+00:00 [running]> on host 4b1abde5805c
[2025-11-23T11:42:22.410+0000] {taskinstance.py:3131} INFO - Exporting env vars: AIRFLOW_CTX_DAG_OWNER='***' AIRFLOW_CTX_DAG_ID='extract_raw_data_pipeline' AIRFLOW_CTX_TASK_ID='extract_raw_data' AIRFLOW_CTX_EXECUTION_DATE='2025-11-23T07:58:00+00:00' AIRFLOW_CTX_TRY_NUMBER='1' AIRFLOW_CTX_DAG_RUN_ID='scheduled__2025-11-23T07:58:00+00:00'
[2025-11-23T11:42:22.414+0000] {taskinstance.py:731} INFO - ::endgroup::
[2025-11-23T11:42:22.470+0000] {driven_data_pipeline.py:143} INFO - Started batch processing for 2025-11-23.
[2025-11-23T11:42:22.473+0000] {driven_data_pipeline.py:34} INFO - Created synthetic data for RO country code.
[2025-11-23T11:42:22.988+0000] {driven_data_pipeline.py:100} INFO - Written 53 records to the CSV file.
[2025-11-23T11:42:23.326+0000] {driven_data_pipeline.py:116} INFO - Added UUID to the dataset.
[2025-11-23T11:42:23.471+0000] {driven_data_pipeline.py:135} INFO - Updated accessed timestamp.
[2025-11-23T11:42:23.488+0000] {driven_data_pipeline.py:151} INFO - Finished batch processing 2025-11-23.
[2025-11-23T11:42:23.491+0000] {python.py:240} INFO - Done. Returned value was: None
[2025-11-23T11:42:23.631+0000] {taskinstance.py:340} INFO - ::group::Post task execution logs
[2025-11-23T11:42:23.639+0000] {taskinstance.py:352} INFO - Marking task as SUCCESS. dag_id=extract_raw_data_pipeline, task_id=extract_raw_data, run_id=scheduled__2025-11-23T07:58:00+00:00, execution_date=20251123T075800, start_date=20251123T114222, end_date=20251123T114223
[2025-11-23T11:42:23.721+0000] {local_task_job_runner.py:266} INFO - Task exited with return code 0
[2025-11-23T11:42:23.820+0000] {taskinstance.py:3900} INFO - 1 downstream tasks scheduled from follow-on schedule check
[2025-11-23T11:42:23.828+0000] {local_task_job_runner.py:245} INFO - ::endgroup::
