[2025-11-24T11:43:42.627+0000] {local_task_job_runner.py:123} INFO - ::group::Pre task execution logs
[2025-11-24T11:43:42.686+0000] {taskinstance.py:2612} INFO - Dependencies all met for dep_context=non-requeueable deps ti=<TaskInstance: extract_raw_data_pipeline.extract_raw_data_task scheduled__2025-11-23T07:00:00+00:00 [queued]>
[2025-11-24T11:43:42.715+0000] {taskinstance.py:2612} INFO - Dependencies all met for dep_context=requeueable deps ti=<TaskInstance: extract_raw_data_pipeline.extract_raw_data_task scheduled__2025-11-23T07:00:00+00:00 [queued]>
[2025-11-24T11:43:42.718+0000] {taskinstance.py:2865} INFO - Starting attempt 1 of 1
[2025-11-24T11:43:42.791+0000] {taskinstance.py:2888} INFO - Executing <Task(PythonOperator): extract_raw_data_task> on 2025-11-23 07:00:00+00:00
[2025-11-24T11:43:42.801+0000] {warnings.py:112} WARNING - /home/***/.local/lib/python3.12/site-packages/***/task/task_runner/standard_task_runner.py:70: DeprecationWarning: This process (pid=96) is multi-threaded, use of fork() may lead to deadlocks in the child.
  pid = os.fork()

[2025-11-24T11:43:42.805+0000] {standard_task_runner.py:72} INFO - Started process 99 to run task
[2025-11-24T11:43:42.804+0000] {standard_task_runner.py:104} INFO - Running: ['***', 'tasks', 'run', 'extract_raw_data_pipeline', 'extract_raw_data_task', 'scheduled__2025-11-23T07:00:00+00:00', '--job-id', '3', '--raw', '--subdir', 'DAGS_FOLDER/driven_data_pipeline.py', '--cfg-path', '/tmp/tmptutb1m_0']
[2025-11-24T11:43:42.807+0000] {standard_task_runner.py:105} INFO - Job 3: Subtask extract_raw_data_task
[2025-11-24T11:43:42.888+0000] {task_command.py:467} INFO - Running <TaskInstance: extract_raw_data_pipeline.extract_raw_data_task scheduled__2025-11-23T07:00:00+00:00 [running]> on host 30cb8f999222
[2025-11-24T11:43:43.062+0000] {taskinstance.py:3131} INFO - Exporting env vars: AIRFLOW_CTX_DAG_OWNER='***' AIRFLOW_CTX_DAG_ID='extract_raw_data_pipeline' AIRFLOW_CTX_TASK_ID='extract_raw_data_task' AIRFLOW_CTX_EXECUTION_DATE='2025-11-23T07:00:00+00:00' AIRFLOW_CTX_TRY_NUMBER='1' AIRFLOW_CTX_DAG_RUN_ID='scheduled__2025-11-23T07:00:00+00:00'
[2025-11-24T11:43:43.063+0000] {taskinstance.py:731} INFO - ::endgroup::
[2025-11-24T11:43:43.138+0000] {driven_data_pipeline.py:14} INFO - Iniciando la extracción de datos brutos...
[2025-11-24T11:43:43.138+0000] {driven_data_pipeline.py:17} INFO - Datos brutos extraídos (Simulación).
[2025-11-24T11:43:43.139+0000] {python.py:240} INFO - Done. Returned value was: None
[2025-11-24T11:43:43.155+0000] {taskinstance.py:340} INFO - ::group::Post task execution logs
[2025-11-24T11:43:43.156+0000] {taskinstance.py:352} INFO - Marking task as SUCCESS. dag_id=extract_raw_data_pipeline, task_id=extract_raw_data_task, run_id=scheduled__2025-11-23T07:00:00+00:00, execution_date=20251123T070000, start_date=20251124T114342, end_date=20251124T114343
[2025-11-24T11:43:43.199+0000] {local_task_job_runner.py:266} INFO - Task exited with return code 0
[2025-11-24T11:43:43.240+0000] {taskinstance.py:3900} INFO - 0 downstream tasks scheduled from follow-on schedule check
[2025-11-24T11:43:43.243+0000] {local_task_job_runner.py:245} INFO - ::endgroup::
[2025-11-24T12:12:42.983+0000] {local_task_job_runner.py:123} INFO - ::group::Pre task execution logs
[2025-11-24T12:12:43.025+0000] {taskinstance.py:2612} INFO - Dependencies all met for dep_context=non-requeueable deps ti=<TaskInstance: extract_raw_data_pipeline.extract_raw_data_task scheduled__2025-11-23T07:00:00+00:00 [queued]>
[2025-11-24T12:12:43.037+0000] {taskinstance.py:2612} INFO - Dependencies all met for dep_context=requeueable deps ti=<TaskInstance: extract_raw_data_pipeline.extract_raw_data_task scheduled__2025-11-23T07:00:00+00:00 [queued]>
[2025-11-24T12:12:43.039+0000] {taskinstance.py:2865} INFO - Starting attempt 1 of 1
[2025-11-24T12:12:43.096+0000] {taskinstance.py:2888} INFO - Executing <Task(PythonOperator): extract_raw_data_task> on 2025-11-23 07:00:00+00:00
[2025-11-24T12:12:43.121+0000] {warnings.py:112} WARNING - /home/***/.local/lib/python3.12/site-packages/***/task/task_runner/standard_task_runner.py:70: DeprecationWarning: This process (pid=126) is multi-threaded, use of fork() may lead to deadlocks in the child.
  pid = os.fork()

[2025-11-24T12:12:43.125+0000] {standard_task_runner.py:72} INFO - Started process 128 to run task
[2025-11-24T12:12:43.134+0000] {standard_task_runner.py:104} INFO - Running: ['***', 'tasks', 'run', 'extract_raw_data_pipeline', 'extract_raw_data_task', 'scheduled__2025-11-23T07:00:00+00:00', '--job-id', '4', '--raw', '--subdir', 'DAGS_FOLDER/driven_data_pipeline.py', '--cfg-path', '/tmp/tmpzzsgylnn']
[2025-11-24T12:12:43.139+0000] {standard_task_runner.py:105} INFO - Job 4: Subtask extract_raw_data_task
[2025-11-24T12:12:43.332+0000] {task_command.py:467} INFO - Running <TaskInstance: extract_raw_data_pipeline.extract_raw_data_task scheduled__2025-11-23T07:00:00+00:00 [running]> on host e428c2212d9f
[2025-11-24T12:12:43.578+0000] {taskinstance.py:3131} INFO - Exporting env vars: AIRFLOW_CTX_DAG_OWNER='***' AIRFLOW_CTX_DAG_ID='extract_raw_data_pipeline' AIRFLOW_CTX_TASK_ID='extract_raw_data_task' AIRFLOW_CTX_EXECUTION_DATE='2025-11-23T07:00:00+00:00' AIRFLOW_CTX_TRY_NUMBER='1' AIRFLOW_CTX_DAG_RUN_ID='scheduled__2025-11-23T07:00:00+00:00'
[2025-11-24T12:12:43.580+0000] {taskinstance.py:731} INFO - ::endgroup::
[2025-11-24T12:12:43.670+0000] {driven_data_pipeline.py:12} INFO - Iniciando la extracción de datos brutos...
[2025-11-24T12:12:43.671+0000] {driven_data_pipeline.py:15} INFO - Datos brutos extraídos (Simulación).
[2025-11-24T12:12:43.673+0000] {python.py:240} INFO - Done. Returned value was: None
[2025-11-24T12:12:43.705+0000] {taskinstance.py:340} INFO - ::group::Post task execution logs
[2025-11-24T12:12:43.707+0000] {taskinstance.py:352} INFO - Marking task as SUCCESS. dag_id=extract_raw_data_pipeline, task_id=extract_raw_data_task, run_id=scheduled__2025-11-23T07:00:00+00:00, execution_date=20251123T070000, start_date=20251124T121243, end_date=20251124T121243
[2025-11-24T12:12:43.796+0000] {local_task_job_runner.py:266} INFO - Task exited with return code 0
[2025-11-24T12:12:43.928+0000] {taskinstance.py:3900} INFO - 0 downstream tasks scheduled from follow-on schedule check
[2025-11-24T12:12:43.934+0000] {local_task_job_runner.py:245} INFO - ::endgroup::
[2025-11-24T12:33:25.845+0000] {local_task_job_runner.py:123} INFO - ::group::Pre task execution logs
[2025-11-24T12:33:25.869+0000] {taskinstance.py:2612} INFO - Dependencies all met for dep_context=non-requeueable deps ti=<TaskInstance: extract_raw_data_pipeline.extract_raw_data_task scheduled__2025-11-23T07:00:00+00:00 [queued]>
[2025-11-24T12:33:25.880+0000] {taskinstance.py:2612} INFO - Dependencies all met for dep_context=requeueable deps ti=<TaskInstance: extract_raw_data_pipeline.extract_raw_data_task scheduled__2025-11-23T07:00:00+00:00 [queued]>
[2025-11-24T12:33:25.880+0000] {taskinstance.py:2865} INFO - Starting attempt 1 of 1
[2025-11-24T12:33:25.901+0000] {taskinstance.py:2888} INFO - Executing <Task(PythonOperator): extract_raw_data_task> on 2025-11-23 07:00:00+00:00
[2025-11-24T12:33:25.907+0000] {warnings.py:112} WARNING - /home/***/.local/lib/python3.12/site-packages/***/task/task_runner/standard_task_runner.py:70: DeprecationWarning: This process (pid=84) is multi-threaded, use of fork() may lead to deadlocks in the child.
  pid = os.fork()

[2025-11-24T12:33:25.909+0000] {standard_task_runner.py:72} INFO - Started process 87 to run task
[2025-11-24T12:33:25.914+0000] {standard_task_runner.py:104} INFO - Running: ['***', 'tasks', 'run', 'extract_raw_data_pipeline', 'extract_raw_data_task', 'scheduled__2025-11-23T07:00:00+00:00', '--job-id', '4', '--raw', '--subdir', 'DAGS_FOLDER/driven_data_pipeline.py', '--cfg-path', '/tmp/tmp6nbly3hi']
[2025-11-24T12:33:25.919+0000] {standard_task_runner.py:105} INFO - Job 4: Subtask extract_raw_data_task
[2025-11-24T12:33:26.005+0000] {task_command.py:467} INFO - Running <TaskInstance: extract_raw_data_pipeline.extract_raw_data_task scheduled__2025-11-23T07:00:00+00:00 [running]> on host 652e43bf9a94
[2025-11-24T12:33:26.107+0000] {taskinstance.py:3131} INFO - Exporting env vars: AIRFLOW_CTX_DAG_OWNER='***' AIRFLOW_CTX_DAG_ID='extract_raw_data_pipeline' AIRFLOW_CTX_TASK_ID='extract_raw_data_task' AIRFLOW_CTX_EXECUTION_DATE='2025-11-23T07:00:00+00:00' AIRFLOW_CTX_TRY_NUMBER='1' AIRFLOW_CTX_DAG_RUN_ID='scheduled__2025-11-23T07:00:00+00:00'
[2025-11-24T12:33:26.110+0000] {taskinstance.py:731} INFO - ::endgroup::
[2025-11-24T12:33:26.155+0000] {driven_data_pipeline.py:12} INFO - Iniciando la extracción de datos brutos...
[2025-11-24T12:33:26.155+0000] {driven_data_pipeline.py:15} INFO - Datos brutos extraídos (Simulación).
[2025-11-24T12:33:26.156+0000] {python.py:240} INFO - Done. Returned value was: None
[2025-11-24T12:33:26.167+0000] {taskinstance.py:340} INFO - ::group::Post task execution logs
[2025-11-24T12:33:26.169+0000] {taskinstance.py:352} INFO - Marking task as SUCCESS. dag_id=extract_raw_data_pipeline, task_id=extract_raw_data_task, run_id=scheduled__2025-11-23T07:00:00+00:00, execution_date=20251123T070000, start_date=20251124T123325, end_date=20251124T123326
[2025-11-24T12:33:26.225+0000] {local_task_job_runner.py:266} INFO - Task exited with return code 0
[2025-11-24T12:33:26.260+0000] {taskinstance.py:3900} INFO - 1 downstream tasks scheduled from follow-on schedule check
[2025-11-24T12:33:26.262+0000] {local_task_job_runner.py:245} INFO - ::endgroup::
[2025-11-24T13:12:22.139+0000] {local_task_job_runner.py:123} INFO - ::group::Pre task execution logs
[2025-11-24T13:12:22.168+0000] {taskinstance.py:2612} INFO - Dependencies all met for dep_context=non-requeueable deps ti=<TaskInstance: extract_raw_data_pipeline.extract_raw_data_task scheduled__2025-11-23T07:00:00+00:00 [queued]>
[2025-11-24T13:12:22.179+0000] {taskinstance.py:2612} INFO - Dependencies all met for dep_context=requeueable deps ti=<TaskInstance: extract_raw_data_pipeline.extract_raw_data_task scheduled__2025-11-23T07:00:00+00:00 [queued]>
[2025-11-24T13:12:22.180+0000] {taskinstance.py:2865} INFO - Starting attempt 1 of 1
[2025-11-24T13:12:22.200+0000] {taskinstance.py:2888} INFO - Executing <Task(PythonOperator): extract_raw_data_task> on 2025-11-23 07:00:00+00:00
[2025-11-24T13:12:22.209+0000] {warnings.py:112} WARNING - /home/***/.local/lib/python3.12/site-packages/***/task/task_runner/standard_task_runner.py:70: DeprecationWarning: This process (pid=145) is multi-threaded, use of fork() may lead to deadlocks in the child.
  pid = os.fork()

[2025-11-24T13:12:22.211+0000] {standard_task_runner.py:104} INFO - Running: ['***', 'tasks', 'run', 'extract_raw_data_pipeline', 'extract_raw_data_task', 'scheduled__2025-11-23T07:00:00+00:00', '--job-id', '3', '--raw', '--subdir', 'DAGS_FOLDER/driven_data_pipeline.py', '--cfg-path', '/tmp/tmpcsyl5vjj']
[2025-11-24T13:12:22.215+0000] {standard_task_runner.py:72} INFO - Started process 148 to run task
[2025-11-24T13:12:22.215+0000] {standard_task_runner.py:105} INFO - Job 3: Subtask extract_raw_data_task
[2025-11-24T13:12:22.288+0000] {task_command.py:467} INFO - Running <TaskInstance: extract_raw_data_pipeline.extract_raw_data_task scheduled__2025-11-23T07:00:00+00:00 [running]> on host 94e0b492a3f2
[2025-11-24T13:12:22.385+0000] {taskinstance.py:3131} INFO - Exporting env vars: AIRFLOW_CTX_DAG_OWNER='***' AIRFLOW_CTX_DAG_ID='extract_raw_data_pipeline' AIRFLOW_CTX_TASK_ID='extract_raw_data_task' AIRFLOW_CTX_EXECUTION_DATE='2025-11-23T07:00:00+00:00' AIRFLOW_CTX_TRY_NUMBER='1' AIRFLOW_CTX_DAG_RUN_ID='scheduled__2025-11-23T07:00:00+00:00'
[2025-11-24T13:12:22.387+0000] {taskinstance.py:731} INFO - ::endgroup::
[2025-11-24T13:12:22.430+0000] {driven_data_pipeline.py:12} INFO - Iniciando la extracción de datos brutos...
[2025-11-24T13:12:22.432+0000] {driven_data_pipeline.py:15} INFO - Datos brutos extraídos (Simulación).
[2025-11-24T13:12:22.433+0000] {python.py:240} INFO - Done. Returned value was: None
[2025-11-24T13:12:22.447+0000] {taskinstance.py:340} INFO - ::group::Post task execution logs
[2025-11-24T13:12:22.447+0000] {taskinstance.py:352} INFO - Marking task as SUCCESS. dag_id=extract_raw_data_pipeline, task_id=extract_raw_data_task, run_id=scheduled__2025-11-23T07:00:00+00:00, execution_date=20251123T070000, start_date=20251124T131222, end_date=20251124T131222
[2025-11-24T13:12:22.483+0000] {local_task_job_runner.py:266} INFO - Task exited with return code 0
[2025-11-24T13:12:22.520+0000] {taskinstance.py:3900} INFO - 1 downstream tasks scheduled from follow-on schedule check
[2025-11-24T13:12:22.522+0000] {local_task_job_runner.py:245} INFO - ::endgroup::
