[2025-11-24T11:43:45.395+0000] {local_task_job_runner.py:123} INFO - ::group::Pre task execution logs
[2025-11-24T11:43:45.419+0000] {taskinstance.py:2612} INFO - Dependencies all met for dep_context=non-requeueable deps ti=<TaskInstance: extract_raw_data_pipeline.load_raw_data_task scheduled__2025-11-23T07:00:00+00:00 [queued]>
[2025-11-24T11:43:45.429+0000] {taskinstance.py:2612} INFO - Dependencies all met for dep_context=requeueable deps ti=<TaskInstance: extract_raw_data_pipeline.load_raw_data_task scheduled__2025-11-23T07:00:00+00:00 [queued]>
[2025-11-24T11:43:45.430+0000] {taskinstance.py:2865} INFO - Starting attempt 1 of 1
[2025-11-24T11:43:45.445+0000] {taskinstance.py:2888} INFO - Executing <Task(SQLExecuteQueryOperator): load_raw_data_task> on 2025-11-23 07:00:00+00:00
[2025-11-24T11:43:45.452+0000] {warnings.py:112} WARNING - /home/***/.local/lib/python3.12/site-packages/***/task/task_runner/standard_task_runner.py:70: DeprecationWarning: This process (pid=105) is multi-threaded, use of fork() may lead to deadlocks in the child.
  pid = os.fork()

[2025-11-24T11:43:45.454+0000] {standard_task_runner.py:72} INFO - Started process 106 to run task
[2025-11-24T11:43:45.455+0000] {standard_task_runner.py:104} INFO - Running: ['***', 'tasks', 'run', 'extract_raw_data_pipeline', 'load_raw_data_task', 'scheduled__2025-11-23T07:00:00+00:00', '--job-id', '6', '--raw', '--subdir', 'DAGS_FOLDER/driven_data_pipeline.py', '--cfg-path', '/tmp/tmpxxwvkpo1']
[2025-11-24T11:43:45.456+0000] {standard_task_runner.py:105} INFO - Job 6: Subtask load_raw_data_task
[2025-11-24T11:43:45.518+0000] {task_command.py:467} INFO - Running <TaskInstance: extract_raw_data_pipeline.load_raw_data_task scheduled__2025-11-23T07:00:00+00:00 [running]> on host 30cb8f999222
[2025-11-24T11:43:45.610+0000] {taskinstance.py:3131} INFO - Exporting env vars: AIRFLOW_CTX_DAG_OWNER='***' AIRFLOW_CTX_DAG_ID='extract_raw_data_pipeline' AIRFLOW_CTX_TASK_ID='load_raw_data_task' AIRFLOW_CTX_EXECUTION_DATE='2025-11-23T07:00:00+00:00' AIRFLOW_CTX_TRY_NUMBER='1' AIRFLOW_CTX_DAG_RUN_ID='scheduled__2025-11-23T07:00:00+00:00'
[2025-11-24T11:43:45.611+0000] {taskinstance.py:731} INFO - ::endgroup::
[2025-11-24T11:43:45.627+0000] {sql.py:266} INFO - Executing: 
INSERT INTO raw.mi_tabla_raw (columna1, columna2) VALUES ('ejemplo', 100);
[2025-11-24T11:43:45.637+0000] {base.py:84} INFO - Retrieving connection 'postgres_conn'
[2025-11-24T11:43:45.647+0000] {base.py:84} INFO - Retrieving connection 'postgres_conn'
[2025-11-24T11:43:45.651+0000] {sql.py:509} INFO - Running statement: 
INSERT INTO raw.mi_tabla_raw (columna1, columna2) VALUES ('ejemplo', 100);, parameters: None
[2025-11-24T11:43:45.653+0000] {sql.py:518} INFO - Rows affected: 1
[2025-11-24T11:43:45.665+0000] {taskinstance.py:340} INFO - ::group::Post task execution logs
[2025-11-24T11:43:45.665+0000] {taskinstance.py:352} INFO - Marking task as SUCCESS. dag_id=extract_raw_data_pipeline, task_id=load_raw_data_task, run_id=scheduled__2025-11-23T07:00:00+00:00, execution_date=20251123T070000, start_date=20251124T114345, end_date=20251124T114345
[2025-11-24T11:43:45.682+0000] {local_task_job_runner.py:266} INFO - Task exited with return code 0
[2025-11-24T11:43:45.714+0000] {taskinstance.py:3900} INFO - 1 downstream tasks scheduled from follow-on schedule check
[2025-11-24T11:43:45.716+0000] {local_task_job_runner.py:245} INFO - ::endgroup::
[2025-11-24T12:12:48.257+0000] {local_task_job_runner.py:123} INFO - ::group::Pre task execution logs
[2025-11-24T12:12:48.285+0000] {taskinstance.py:2612} INFO - Dependencies all met for dep_context=non-requeueable deps ti=<TaskInstance: extract_raw_data_pipeline.load_raw_data_task scheduled__2025-11-23T07:00:00+00:00 [queued]>
[2025-11-24T12:12:48.298+0000] {taskinstance.py:2612} INFO - Dependencies all met for dep_context=requeueable deps ti=<TaskInstance: extract_raw_data_pipeline.load_raw_data_task scheduled__2025-11-23T07:00:00+00:00 [queued]>
[2025-11-24T12:12:48.299+0000] {taskinstance.py:2865} INFO - Starting attempt 1 of 1
[2025-11-24T12:12:48.315+0000] {taskinstance.py:2888} INFO - Executing <Task(SQLExecuteQueryOperator): load_raw_data_task> on 2025-11-23 07:00:00+00:00
[2025-11-24T12:12:48.323+0000] {warnings.py:112} WARNING - /home/***/.local/lib/python3.12/site-packages/***/task/task_runner/standard_task_runner.py:70: DeprecationWarning: This process (pid=134) is multi-threaded, use of fork() may lead to deadlocks in the child.
  pid = os.fork()

[2025-11-24T12:12:48.326+0000] {standard_task_runner.py:72} INFO - Started process 135 to run task
[2025-11-24T12:12:48.326+0000] {standard_task_runner.py:104} INFO - Running: ['***', 'tasks', 'run', 'extract_raw_data_pipeline', 'load_raw_data_task', 'scheduled__2025-11-23T07:00:00+00:00', '--job-id', '6', '--raw', '--subdir', 'DAGS_FOLDER/driven_data_pipeline.py', '--cfg-path', '/tmp/tmpr57c2svd']
[2025-11-24T12:12:48.328+0000] {standard_task_runner.py:105} INFO - Job 6: Subtask load_raw_data_task
[2025-11-24T12:12:48.387+0000] {task_command.py:467} INFO - Running <TaskInstance: extract_raw_data_pipeline.load_raw_data_task scheduled__2025-11-23T07:00:00+00:00 [running]> on host e428c2212d9f
[2025-11-24T12:12:48.489+0000] {taskinstance.py:3131} INFO - Exporting env vars: AIRFLOW_CTX_DAG_OWNER='***' AIRFLOW_CTX_DAG_ID='extract_raw_data_pipeline' AIRFLOW_CTX_TASK_ID='load_raw_data_task' AIRFLOW_CTX_EXECUTION_DATE='2025-11-23T07:00:00+00:00' AIRFLOW_CTX_TRY_NUMBER='1' AIRFLOW_CTX_DAG_RUN_ID='scheduled__2025-11-23T07:00:00+00:00'
[2025-11-24T12:12:48.491+0000] {taskinstance.py:731} INFO - ::endgroup::
[2025-11-24T12:12:48.508+0000] {sql.py:266} INFO - Executing: 
INSERT INTO raw.mi_tabla_raw (columna1, columna2) VALUES ('ejemplo', 100);
[2025-11-24T12:12:48.519+0000] {base.py:84} INFO - Retrieving connection 'postgres_conn'
[2025-11-24T12:12:48.531+0000] {base.py:84} INFO - Retrieving connection 'postgres_conn'
[2025-11-24T12:12:48.536+0000] {sql.py:509} INFO - Running statement: 
INSERT INTO raw.mi_tabla_raw (columna1, columna2) VALUES ('ejemplo', 100);, parameters: None
[2025-11-24T12:12:48.538+0000] {sql.py:518} INFO - Rows affected: 1
[2025-11-24T12:12:48.550+0000] {taskinstance.py:340} INFO - ::group::Post task execution logs
[2025-11-24T12:12:48.551+0000] {taskinstance.py:352} INFO - Marking task as SUCCESS. dag_id=extract_raw_data_pipeline, task_id=load_raw_data_task, run_id=scheduled__2025-11-23T07:00:00+00:00, execution_date=20251123T070000, start_date=20251124T121248, end_date=20251124T121248
[2025-11-24T12:12:48.592+0000] {local_task_job_runner.py:266} INFO - Task exited with return code 0
[2025-11-24T12:12:48.625+0000] {taskinstance.py:3900} INFO - 1 downstream tasks scheduled from follow-on schedule check
[2025-11-24T12:12:48.627+0000] {local_task_job_runner.py:245} INFO - ::endgroup::
[2025-11-24T12:33:28.856+0000] {local_task_job_runner.py:123} INFO - ::group::Pre task execution logs
[2025-11-24T12:33:28.878+0000] {taskinstance.py:2612} INFO - Dependencies all met for dep_context=non-requeueable deps ti=<TaskInstance: extract_raw_data_pipeline.load_raw_data_task scheduled__2025-11-23T07:00:00+00:00 [queued]>
[2025-11-24T12:33:28.888+0000] {taskinstance.py:2612} INFO - Dependencies all met for dep_context=requeueable deps ti=<TaskInstance: extract_raw_data_pipeline.load_raw_data_task scheduled__2025-11-23T07:00:00+00:00 [queued]>
[2025-11-24T12:33:28.888+0000] {taskinstance.py:2865} INFO - Starting attempt 1 of 1
[2025-11-24T12:33:28.904+0000] {taskinstance.py:2888} INFO - Executing <Task(SQLExecuteQueryOperator): load_raw_data_task> on 2025-11-23 07:00:00+00:00
[2025-11-24T12:33:28.909+0000] {warnings.py:112} WARNING - /home/***/.local/lib/python3.12/site-packages/***/task/task_runner/standard_task_runner.py:70: DeprecationWarning: This process (pid=93) is multi-threaded, use of fork() may lead to deadlocks in the child.
  pid = os.fork()

[2025-11-24T12:33:28.911+0000] {standard_task_runner.py:72} INFO - Started process 94 to run task
[2025-11-24T12:33:28.912+0000] {standard_task_runner.py:104} INFO - Running: ['***', 'tasks', 'run', 'extract_raw_data_pipeline', 'load_raw_data_task', 'scheduled__2025-11-23T07:00:00+00:00', '--job-id', '6', '--raw', '--subdir', 'DAGS_FOLDER/driven_data_pipeline.py', '--cfg-path', '/tmp/tmpr0mqp804']
[2025-11-24T12:33:28.913+0000] {standard_task_runner.py:105} INFO - Job 6: Subtask load_raw_data_task
[2025-11-24T12:33:28.969+0000] {task_command.py:467} INFO - Running <TaskInstance: extract_raw_data_pipeline.load_raw_data_task scheduled__2025-11-23T07:00:00+00:00 [running]> on host 652e43bf9a94
[2025-11-24T12:33:29.067+0000] {taskinstance.py:3131} INFO - Exporting env vars: AIRFLOW_CTX_DAG_OWNER='***' AIRFLOW_CTX_DAG_ID='extract_raw_data_pipeline' AIRFLOW_CTX_TASK_ID='load_raw_data_task' AIRFLOW_CTX_EXECUTION_DATE='2025-11-23T07:00:00+00:00' AIRFLOW_CTX_TRY_NUMBER='1' AIRFLOW_CTX_DAG_RUN_ID='scheduled__2025-11-23T07:00:00+00:00'
[2025-11-24T12:33:29.068+0000] {taskinstance.py:731} INFO - ::endgroup::
[2025-11-24T12:33:29.087+0000] {sql.py:266} INFO - Executing: 
INSERT INTO raw.mi_tabla_raw (columna1, columna2) VALUES ('ejemplo', 100);
[2025-11-24T12:33:29.098+0000] {base.py:84} INFO - Retrieving connection 'postgres_conn'
[2025-11-24T12:33:29.111+0000] {base.py:84} INFO - Retrieving connection 'postgres_conn'
[2025-11-24T12:33:29.116+0000] {sql.py:509} INFO - Running statement: 
INSERT INTO raw.mi_tabla_raw (columna1, columna2) VALUES ('ejemplo', 100);, parameters: None
[2025-11-24T12:33:29.118+0000] {sql.py:518} INFO - Rows affected: 1
[2025-11-24T12:33:29.131+0000] {taskinstance.py:340} INFO - ::group::Post task execution logs
[2025-11-24T12:33:29.132+0000] {taskinstance.py:352} INFO - Marking task as SUCCESS. dag_id=extract_raw_data_pipeline, task_id=load_raw_data_task, run_id=scheduled__2025-11-23T07:00:00+00:00, execution_date=20251123T070000, start_date=20251124T123328, end_date=20251124T123329
[2025-11-24T12:33:29.178+0000] {local_task_job_runner.py:266} INFO - Task exited with return code 0
[2025-11-24T12:33:29.218+0000] {taskinstance.py:3900} INFO - 1 downstream tasks scheduled from follow-on schedule check
[2025-11-24T12:33:29.220+0000] {local_task_job_runner.py:245} INFO - ::endgroup::
[2025-11-24T13:12:25.271+0000] {local_task_job_runner.py:123} INFO - ::group::Pre task execution logs
[2025-11-24T13:12:25.292+0000] {taskinstance.py:2612} INFO - Dependencies all met for dep_context=non-requeueable deps ti=<TaskInstance: extract_raw_data_pipeline.load_raw_data_task scheduled__2025-11-23T07:00:00+00:00 [queued]>
[2025-11-24T13:12:25.302+0000] {taskinstance.py:2612} INFO - Dependencies all met for dep_context=requeueable deps ti=<TaskInstance: extract_raw_data_pipeline.load_raw_data_task scheduled__2025-11-23T07:00:00+00:00 [queued]>
[2025-11-24T13:12:25.303+0000] {taskinstance.py:2865} INFO - Starting attempt 1 of 1
[2025-11-24T13:12:25.319+0000] {taskinstance.py:2888} INFO - Executing <Task(SQLExecuteQueryOperator): load_raw_data_task> on 2025-11-23 07:00:00+00:00
[2025-11-24T13:12:25.325+0000] {warnings.py:112} WARNING - /home/***/.local/lib/python3.12/site-packages/***/task/task_runner/standard_task_runner.py:70: DeprecationWarning: This process (pid=154) is multi-threaded, use of fork() may lead to deadlocks in the child.
  pid = os.fork()

[2025-11-24T13:12:25.327+0000] {standard_task_runner.py:72} INFO - Started process 155 to run task
[2025-11-24T13:12:25.327+0000] {standard_task_runner.py:104} INFO - Running: ['***', 'tasks', 'run', 'extract_raw_data_pipeline', 'load_raw_data_task', 'scheduled__2025-11-23T07:00:00+00:00', '--job-id', '6', '--raw', '--subdir', 'DAGS_FOLDER/driven_data_pipeline.py', '--cfg-path', '/tmp/tmpufdhrpnj']
[2025-11-24T13:12:25.329+0000] {standard_task_runner.py:105} INFO - Job 6: Subtask load_raw_data_task
[2025-11-24T13:12:25.385+0000] {task_command.py:467} INFO - Running <TaskInstance: extract_raw_data_pipeline.load_raw_data_task scheduled__2025-11-23T07:00:00+00:00 [running]> on host 94e0b492a3f2
[2025-11-24T13:12:25.497+0000] {taskinstance.py:3131} INFO - Exporting env vars: AIRFLOW_CTX_DAG_OWNER='***' AIRFLOW_CTX_DAG_ID='extract_raw_data_pipeline' AIRFLOW_CTX_TASK_ID='load_raw_data_task' AIRFLOW_CTX_EXECUTION_DATE='2025-11-23T07:00:00+00:00' AIRFLOW_CTX_TRY_NUMBER='1' AIRFLOW_CTX_DAG_RUN_ID='scheduled__2025-11-23T07:00:00+00:00'
[2025-11-24T13:12:25.500+0000] {taskinstance.py:731} INFO - ::endgroup::
[2025-11-24T13:12:25.527+0000] {sql.py:266} INFO - Executing: 
INSERT INTO raw.mi_tabla_raw (columna1, columna2) VALUES ('ejemplo', 100);
[2025-11-24T13:12:25.541+0000] {base.py:84} INFO - Retrieving connection 'postgres_conn'
[2025-11-24T13:12:25.554+0000] {base.py:84} INFO - Retrieving connection 'postgres_conn'
[2025-11-24T13:12:25.559+0000] {sql.py:509} INFO - Running statement: 
INSERT INTO raw.mi_tabla_raw (columna1, columna2) VALUES ('ejemplo', 100);, parameters: None
[2025-11-24T13:12:25.561+0000] {sql.py:518} INFO - Rows affected: 1
[2025-11-24T13:12:25.576+0000] {taskinstance.py:340} INFO - ::group::Post task execution logs
[2025-11-24T13:12:25.577+0000] {taskinstance.py:352} INFO - Marking task as SUCCESS. dag_id=extract_raw_data_pipeline, task_id=load_raw_data_task, run_id=scheduled__2025-11-23T07:00:00+00:00, execution_date=20251123T070000, start_date=20251124T131225, end_date=20251124T131225
[2025-11-24T13:12:25.594+0000] {local_task_job_runner.py:266} INFO - Task exited with return code 0
[2025-11-24T13:12:25.629+0000] {taskinstance.py:3900} INFO - 1 downstream tasks scheduled from follow-on schedule check
[2025-11-24T13:12:25.631+0000] {local_task_job_runner.py:245} INFO - ::endgroup::
