[2025-11-24T12:50:52.831+0000] {local_task_job_runner.py:123} INFO - ::group::Pre task execution logs
[2025-11-24T12:50:53.307+0000] {taskinstance.py:2612} INFO - Dependencies all met for dep_context=non-requeueable deps ti=<TaskInstance: extract_raw_data_pipeline.extract_raw_data_task manual__2025-11-24T12:50:45.270210+00:00 [queued]>
[2025-11-24T12:50:53.617+0000] {taskinstance.py:2612} INFO - Dependencies all met for dep_context=requeueable deps ti=<TaskInstance: extract_raw_data_pipeline.extract_raw_data_task manual__2025-11-24T12:50:45.270210+00:00 [queued]>
[2025-11-24T12:50:53.627+0000] {taskinstance.py:2865} INFO - Starting attempt 1 of 1
[2025-11-24T12:50:53.876+0000] {taskinstance.py:2888} INFO - Executing <Task(PythonOperator): extract_raw_data_task> on 2025-11-24 12:50:45.270210+00:00
[2025-11-24T12:50:53.956+0000] {warnings.py:112} WARNING - /home/***/.local/lib/python3.12/site-packages/***/task/task_runner/standard_task_runner.py:70: DeprecationWarning: This process (pid=123) is multi-threaded, use of fork() may lead to deadlocks in the child.
  pid = os.fork()

[2025-11-24T12:50:53.958+0000] {standard_task_runner.py:104} INFO - Running: ['***', 'tasks', 'run', 'extract_raw_data_pipeline', 'extract_raw_data_task', 'manual__2025-11-24T12:50:45.270210+00:00', '--job-id', '11', '--raw', '--subdir', 'DAGS_FOLDER/driven_data_pipeline.py', '--cfg-path', '/tmp/tmpfkkos953']
[2025-11-24T12:50:53.983+0000] {standard_task_runner.py:72} INFO - Started process 125 to run task
[2025-11-24T12:50:53.981+0000] {standard_task_runner.py:105} INFO - Job 11: Subtask extract_raw_data_task
[2025-11-24T12:51:58.722+0000] {job.py:229} INFO - Heartbeat recovered after 67.07 seconds
[2025-11-24T12:51:59.714+0000] {task_command.py:467} INFO - Running <TaskInstance: extract_raw_data_pipeline.extract_raw_data_task manual__2025-11-24T12:50:45.270210+00:00 [running]> on host e7d09e04a94a
[2025-11-24T12:52:00.316+0000] {taskinstance.py:3131} INFO - Exporting env vars: AIRFLOW_CTX_DAG_OWNER='***' AIRFLOW_CTX_DAG_ID='extract_raw_data_pipeline' AIRFLOW_CTX_TASK_ID='extract_raw_data_task' AIRFLOW_CTX_EXECUTION_DATE='2025-11-24T12:50:45.270210+00:00' AIRFLOW_CTX_TRY_NUMBER='1' AIRFLOW_CTX_DAG_RUN_ID='manual__2025-11-24T12:50:45.270210+00:00'
[2025-11-24T12:52:00.323+0000] {taskinstance.py:731} INFO - ::endgroup::
[2025-11-24T12:52:00.475+0000] {driven_data_pipeline.py:12} INFO - Iniciando la extracción de datos brutos...
[2025-11-24T12:52:00.479+0000] {driven_data_pipeline.py:15} INFO - Datos brutos extraídos (Simulación).
[2025-11-24T12:52:00.479+0000] {python.py:240} INFO - Done. Returned value was: None
[2025-11-24T12:52:00.534+0000] {taskinstance.py:340} INFO - ::group::Post task execution logs
[2025-11-24T12:52:00.536+0000] {taskinstance.py:352} INFO - Marking task as SUCCESS. dag_id=extract_raw_data_pipeline, task_id=extract_raw_data_task, run_id=manual__2025-11-24T12:50:45.270210+00:00, execution_date=20251124T125045, start_date=20251124T125053, end_date=20251124T125200
[2025-11-24T12:52:00.623+0000] {local_task_job_runner.py:266} INFO - Task exited with return code 0
[2025-11-24T12:52:00.728+0000] {taskinstance.py:3900} INFO - 0 downstream tasks scheduled from follow-on schedule check
[2025-11-24T12:52:00.732+0000] {local_task_job_runner.py:245} INFO - ::endgroup::
