[2025-11-24T09:56:18.186+0000] {local_task_job_runner.py:123} INFO - ::group::Pre task execution logs
[2025-11-24T09:56:18.247+0000] {taskinstance.py:2612} INFO - Dependencies all met for dep_context=non-requeueable deps ti=<TaskInstance: extract_raw_data_pipeline.load_raw_data_task scheduled__2025-11-24T07:58:00+00:00 [queued]>
[2025-11-24T09:56:18.273+0000] {taskinstance.py:2612} INFO - Dependencies all met for dep_context=requeueable deps ti=<TaskInstance: extract_raw_data_pipeline.load_raw_data_task scheduled__2025-11-24T07:58:00+00:00 [queued]>
[2025-11-24T09:56:18.274+0000] {taskinstance.py:2865} INFO - Starting attempt 1 of 1
[2025-11-24T09:56:18.312+0000] {taskinstance.py:2888} INFO - Executing <Task(SQLExecuteQueryOperator): load_raw_data_task> on 2025-11-24 07:58:00+00:00
[2025-11-24T09:56:18.333+0000] {warnings.py:112} WARNING - /home/***/.local/lib/python3.12/site-packages/***/task/task_runner/standard_task_runner.py:70: DeprecationWarning: This process (pid=121) is multi-threaded, use of fork() may lead to deadlocks in the child.
  pid = os.fork()

[2025-11-24T09:56:18.336+0000] {standard_task_runner.py:72} INFO - Started process 122 to run task
[2025-11-24T09:56:18.338+0000] {standard_task_runner.py:104} INFO - Running: ['***', 'tasks', 'run', 'extract_raw_data_pipeline', 'load_raw_data_task', 'scheduled__2025-11-24T07:58:00+00:00', '--job-id', '10', '--raw', '--subdir', 'DAGS_FOLDER/driven_data_pipeline.py', '--cfg-path', '/tmp/tmph4r4ue_s']
[2025-11-24T09:56:18.344+0000] {standard_task_runner.py:105} INFO - Job 10: Subtask load_raw_data_task
[2025-11-24T09:56:18.490+0000] {task_command.py:467} INFO - Running <TaskInstance: extract_raw_data_pipeline.load_raw_data_task scheduled__2025-11-24T07:58:00+00:00 [running]> on host 99fcbc2c08dd
[2025-11-24T09:56:18.662+0000] {taskinstance.py:3131} INFO - Exporting env vars: AIRFLOW_CTX_DAG_OWNER='***' AIRFLOW_CTX_DAG_ID='extract_raw_data_pipeline' AIRFLOW_CTX_TASK_ID='load_raw_data_task' AIRFLOW_CTX_EXECUTION_DATE='2025-11-24T07:58:00+00:00' AIRFLOW_CTX_TRY_NUMBER='1' AIRFLOW_CTX_DAG_RUN_ID='scheduled__2025-11-24T07:58:00+00:00'
[2025-11-24T09:56:18.664+0000] {taskinstance.py:731} INFO - ::endgroup::
[2025-11-24T09:56:18.693+0000] {sql.py:266} INFO - Executing: 
INSERT INTO raw.mi_tabla_raw (columna1, columna2) VALUES ('ejemplo', 100);
[2025-11-24T09:56:18.708+0000] {base.py:84} INFO - Retrieving connection 'postgres_conn'
[2025-11-24T09:56:18.728+0000] {base.py:84} INFO - Retrieving connection 'postgres_conn'
[2025-11-24T09:56:18.734+0000] {sql.py:509} INFO - Running statement: 
INSERT INTO raw.mi_tabla_raw (columna1, columna2) VALUES ('ejemplo', 100);, parameters: None
[2025-11-24T09:56:18.736+0000] {sql.py:518} INFO - Rows affected: 1
[2025-11-24T09:56:18.761+0000] {taskinstance.py:340} INFO - ::group::Post task execution logs
[2025-11-24T09:56:18.762+0000] {taskinstance.py:352} INFO - Marking task as SUCCESS. dag_id=extract_raw_data_pipeline, task_id=load_raw_data_task, run_id=scheduled__2025-11-24T07:58:00+00:00, execution_date=20251124T075800, start_date=20251124T095618, end_date=20251124T095618
[2025-11-24T09:56:18.804+0000] {local_task_job_runner.py:266} INFO - Task exited with return code 0
[2025-11-24T09:56:18.855+0000] {taskinstance.py:3900} INFO - 1 downstream tasks scheduled from follow-on schedule check
[2025-11-24T09:56:18.858+0000] {local_task_job_runner.py:245} INFO - ::endgroup::
