[2025-11-24T12:50:52.831+0000] {local_task_job_runner.py:123} INFO - ::group::Pre task execution logs
[2025-11-24T12:50:53.309+0000] {taskinstance.py:2612} INFO - Dependencies all met for dep_context=non-requeueable deps ti=<TaskInstance: extract_raw_data_pipeline.create_raw_schema_task manual__2025-11-24T12:50:45.270210+00:00 [queued]>
[2025-11-24T12:50:53.617+0000] {taskinstance.py:2612} INFO - Dependencies all met for dep_context=requeueable deps ti=<TaskInstance: extract_raw_data_pipeline.create_raw_schema_task manual__2025-11-24T12:50:45.270210+00:00 [queued]>
[2025-11-24T12:50:53.627+0000] {taskinstance.py:2865} INFO - Starting attempt 1 of 1
[2025-11-24T12:50:54.023+0000] {taskinstance.py:2888} INFO - Executing <Task(SQLExecuteQueryOperator): create_raw_schema_task> on 2025-11-24 12:50:45.270210+00:00
[2025-11-24T12:50:54.146+0000] {warnings.py:112} WARNING - /home/***/.local/lib/python3.12/site-packages/***/task/task_runner/standard_task_runner.py:70: DeprecationWarning: This process (pid=124) is multi-threaded, use of fork() may lead to deadlocks in the child.
  pid = os.fork()

[2025-11-24T12:50:54.146+0000] {standard_task_runner.py:104} INFO - Running: ['***', 'tasks', 'run', 'extract_raw_data_pipeline', 'create_raw_schema_task', 'manual__2025-11-24T12:50:45.270210+00:00', '--job-id', '12', '--raw', '--subdir', 'DAGS_FOLDER/driven_data_pipeline.py', '--cfg-path', '/tmp/tmpx4hc32y2']
[2025-11-24T12:50:54.174+0000] {standard_task_runner.py:72} INFO - Started process 127 to run task
[2025-11-24T12:50:54.175+0000] {standard_task_runner.py:105} INFO - Job 12: Subtask create_raw_schema_task
[2025-11-24T12:51:58.680+0000] {job.py:229} INFO - Heartbeat recovered after 67.03 seconds
[2025-11-24T12:51:59.916+0000] {task_command.py:467} INFO - Running <TaskInstance: extract_raw_data_pipeline.create_raw_schema_task manual__2025-11-24T12:50:45.270210+00:00 [running]> on host e7d09e04a94a
[2025-11-24T12:52:00.316+0000] {taskinstance.py:3131} INFO - Exporting env vars: AIRFLOW_CTX_DAG_OWNER='***' AIRFLOW_CTX_DAG_ID='extract_raw_data_pipeline' AIRFLOW_CTX_TASK_ID='create_raw_schema_task' AIRFLOW_CTX_EXECUTION_DATE='2025-11-24T12:50:45.270210+00:00' AIRFLOW_CTX_TRY_NUMBER='1' AIRFLOW_CTX_DAG_RUN_ID='manual__2025-11-24T12:50:45.270210+00:00'
[2025-11-24T12:52:00.323+0000] {taskinstance.py:731} INFO - ::endgroup::
[2025-11-24T12:52:00.471+0000] {sql.py:266} INFO - Executing: CREATE SCHEMA IF NOT EXISTS raw;
[2025-11-24T12:52:00.535+0000] {base.py:84} INFO - Retrieving connection 'postgres_conn'
[2025-11-24T12:52:00.627+0000] {base.py:84} INFO - Retrieving connection 'postgres_conn'
[2025-11-24T12:52:00.642+0000] {sql.py:509} INFO - Running statement: CREATE SCHEMA IF NOT EXISTS raw;, parameters: None
[2025-11-24T12:52:00.695+0000] {taskinstance.py:340} INFO - ::group::Post task execution logs
[2025-11-24T12:52:00.696+0000] {taskinstance.py:352} INFO - Marking task as SUCCESS. dag_id=extract_raw_data_pipeline, task_id=create_raw_schema_task, run_id=manual__2025-11-24T12:50:45.270210+00:00, execution_date=20251124T125045, start_date=20251124T125053, end_date=20251124T125200
[2025-11-24T12:52:00.749+0000] {local_task_job_runner.py:266} INFO - Task exited with return code 0
[2025-11-24T12:52:00.864+0000] {taskinstance.py:3900} INFO - 1 downstream tasks scheduled from follow-on schedule check
[2025-11-24T12:52:00.880+0000] {local_task_job_runner.py:245} INFO - ::endgroup::
