[2025-11-24T09:56:47.050+0000] {local_task_job_runner.py:123} INFO - ::group::Pre task execution logs
[2025-11-24T09:56:47.081+0000] {taskinstance.py:2612} INFO - Dependencies all met for dep_context=non-requeueable deps ti=<TaskInstance: extract_raw_data_pipeline.cleanup_task scheduled__2025-11-24T07:58:00+00:00 [queued]>
[2025-11-24T09:56:47.093+0000] {taskinstance.py:2612} INFO - Dependencies all met for dep_context=requeueable deps ti=<TaskInstance: extract_raw_data_pipeline.cleanup_task scheduled__2025-11-24T07:58:00+00:00 [queued]>
[2025-11-24T09:56:47.094+0000] {taskinstance.py:2865} INFO - Starting attempt 1 of 1
[2025-11-24T09:56:47.112+0000] {taskinstance.py:2888} INFO - Executing <Task(PythonOperator): cleanup_task> on 2025-11-24 07:58:00+00:00
[2025-11-24T09:56:47.130+0000] {standard_task_runner.py:104} INFO - Running: ['***', 'tasks', 'run', 'extract_raw_data_pipeline', 'cleanup_task', 'scheduled__2025-11-24T07:58:00+00:00', '--job-id', '12', '--raw', '--subdir', 'DAGS_FOLDER/driven_data_pipeline.py', '--cfg-path', '/tmp/tmpojs_zn22']
[2025-11-24T09:56:47.129+0000] {warnings.py:112} WARNING - /home/***/.local/lib/python3.12/site-packages/***/task/task_runner/standard_task_runner.py:70: DeprecationWarning: This process (pid=136) is multi-threaded, use of fork() may lead to deadlocks in the child.
  pid = os.fork()

[2025-11-24T09:56:47.132+0000] {standard_task_runner.py:72} INFO - Started process 137 to run task
[2025-11-24T09:56:47.132+0000] {standard_task_runner.py:105} INFO - Job 12: Subtask cleanup_task
[2025-11-24T09:56:47.247+0000] {task_command.py:467} INFO - Running <TaskInstance: extract_raw_data_pipeline.cleanup_task scheduled__2025-11-24T07:58:00+00:00 [running]> on host 99fcbc2c08dd
[2025-11-24T09:56:47.987+0000] {taskinstance.py:3131} INFO - Exporting env vars: AIRFLOW_CTX_DAG_OWNER='***' AIRFLOW_CTX_DAG_ID='extract_raw_data_pipeline' AIRFLOW_CTX_TASK_ID='cleanup_task' AIRFLOW_CTX_EXECUTION_DATE='2025-11-24T07:58:00+00:00' AIRFLOW_CTX_TRY_NUMBER='1' AIRFLOW_CTX_DAG_RUN_ID='scheduled__2025-11-24T07:58:00+00:00'
[2025-11-24T09:56:48.010+0000] {taskinstance.py:731} INFO - ::endgroup::
[2025-11-24T09:56:48.139+0000] {driven_data_pipeline.py:21} INFO - Limpiando archivos temporales...
[2025-11-24T09:56:48.154+0000] {driven_data_pipeline.py:23} INFO - Limpieza completada.
[2025-11-24T09:56:48.157+0000] {python.py:240} INFO - Done. Returned value was: None
[2025-11-24T09:56:48.366+0000] {taskinstance.py:340} INFO - ::group::Post task execution logs
[2025-11-24T09:56:48.377+0000] {taskinstance.py:352} INFO - Marking task as SUCCESS. dag_id=extract_raw_data_pipeline, task_id=cleanup_task, run_id=scheduled__2025-11-24T07:58:00+00:00, execution_date=20251124T075800, start_date=20251124T095647, end_date=20251124T095648
[2025-11-24T09:56:48.604+0000] {local_task_job_runner.py:266} INFO - Task exited with return code 0
[2025-11-24T09:56:48.741+0000] {taskinstance.py:3900} INFO - 0 downstream tasks scheduled from follow-on schedule check
[2025-11-24T09:56:48.755+0000] {local_task_job_runner.py:245} INFO - ::endgroup::
