[2025-11-24T11:43:43.980+0000] {local_task_job_runner.py:123} INFO - ::group::Pre task execution logs
[2025-11-24T11:43:44.000+0000] {taskinstance.py:2612} INFO - Dependencies all met for dep_context=non-requeueable deps ti=<TaskInstance: extract_raw_data_pipeline.create_raw_table_task scheduled__2025-11-23T07:00:00+00:00 [queued]>
[2025-11-24T11:43:44.011+0000] {taskinstance.py:2612} INFO - Dependencies all met for dep_context=requeueable deps ti=<TaskInstance: extract_raw_data_pipeline.create_raw_table_task scheduled__2025-11-23T07:00:00+00:00 [queued]>
[2025-11-24T11:43:44.011+0000] {taskinstance.py:2865} INFO - Starting attempt 1 of 1
[2025-11-24T11:43:44.033+0000] {taskinstance.py:2888} INFO - Executing <Task(SQLExecuteQueryOperator): create_raw_table_task> on 2025-11-23 07:00:00+00:00
[2025-11-24T11:43:44.044+0000] {warnings.py:112} WARNING - /home/***/.local/lib/python3.12/site-packages/***/task/task_runner/standard_task_runner.py:70: DeprecationWarning: This process (pid=102) is multi-threaded, use of fork() may lead to deadlocks in the child.
  pid = os.fork()

[2025-11-24T11:43:44.048+0000] {standard_task_runner.py:72} INFO - Started process 103 to run task
[2025-11-24T11:43:44.049+0000] {standard_task_runner.py:104} INFO - Running: ['***', 'tasks', 'run', 'extract_raw_data_pipeline', 'create_raw_table_task', 'scheduled__2025-11-23T07:00:00+00:00', '--job-id', '5', '--raw', '--subdir', 'DAGS_FOLDER/driven_data_pipeline.py', '--cfg-path', '/tmp/tmph9b1rt74']
[2025-11-24T11:43:44.051+0000] {standard_task_runner.py:105} INFO - Job 5: Subtask create_raw_table_task
[2025-11-24T11:43:44.147+0000] {task_command.py:467} INFO - Running <TaskInstance: extract_raw_data_pipeline.create_raw_table_task scheduled__2025-11-23T07:00:00+00:00 [running]> on host 30cb8f999222
[2025-11-24T11:43:44.302+0000] {taskinstance.py:3131} INFO - Exporting env vars: AIRFLOW_CTX_DAG_OWNER='***' AIRFLOW_CTX_DAG_ID='extract_raw_data_pipeline' AIRFLOW_CTX_TASK_ID='create_raw_table_task' AIRFLOW_CTX_EXECUTION_DATE='2025-11-23T07:00:00+00:00' AIRFLOW_CTX_TRY_NUMBER='1' AIRFLOW_CTX_DAG_RUN_ID='scheduled__2025-11-23T07:00:00+00:00'
[2025-11-24T11:43:44.306+0000] {taskinstance.py:731} INFO - ::endgroup::
[2025-11-24T11:43:44.330+0000] {sql.py:266} INFO - Executing: 
CREATE TABLE IF NOT EXISTS raw.mi_tabla_raw (
    columna1 VARCHAR(50),
    columna2 INT,
    timestamp_carga TIMESTAMP DEFAULT NOW()
);
[2025-11-24T11:43:44.345+0000] {base.py:84} INFO - Retrieving connection 'postgres_conn'
[2025-11-24T11:43:44.367+0000] {base.py:84} INFO - Retrieving connection 'postgres_conn'
[2025-11-24T11:43:44.374+0000] {sql.py:509} INFO - Running statement: 
CREATE TABLE IF NOT EXISTS raw.mi_tabla_raw (
    columna1 VARCHAR(50),
    columna2 INT,
    timestamp_carga TIMESTAMP DEFAULT NOW()
);, parameters: None
[2025-11-24T11:43:44.416+0000] {taskinstance.py:340} INFO - ::group::Post task execution logs
[2025-11-24T11:43:44.417+0000] {taskinstance.py:352} INFO - Marking task as SUCCESS. dag_id=extract_raw_data_pipeline, task_id=create_raw_table_task, run_id=scheduled__2025-11-23T07:00:00+00:00, execution_date=20251123T070000, start_date=20251124T114344, end_date=20251124T114344
[2025-11-24T11:43:44.479+0000] {local_task_job_runner.py:266} INFO - Task exited with return code 0
[2025-11-24T11:43:44.519+0000] {taskinstance.py:3900} INFO - 1 downstream tasks scheduled from follow-on schedule check
[2025-11-24T11:43:44.521+0000] {local_task_job_runner.py:245} INFO - ::endgroup::
[2025-11-24T12:12:46.230+0000] {local_task_job_runner.py:123} INFO - ::group::Pre task execution logs
[2025-11-24T12:12:46.267+0000] {taskinstance.py:2612} INFO - Dependencies all met for dep_context=non-requeueable deps ti=<TaskInstance: extract_raw_data_pipeline.create_raw_table_task scheduled__2025-11-23T07:00:00+00:00 [queued]>
[2025-11-24T12:12:46.282+0000] {taskinstance.py:2612} INFO - Dependencies all met for dep_context=requeueable deps ti=<TaskInstance: extract_raw_data_pipeline.create_raw_table_task scheduled__2025-11-23T07:00:00+00:00 [queued]>
[2025-11-24T12:12:46.283+0000] {taskinstance.py:2865} INFO - Starting attempt 1 of 1
[2025-11-24T12:12:46.319+0000] {taskinstance.py:2888} INFO - Executing <Task(SQLExecuteQueryOperator): create_raw_table_task> on 2025-11-23 07:00:00+00:00
[2025-11-24T12:12:46.345+0000] {warnings.py:112} WARNING - /home/***/.local/lib/python3.12/site-packages/***/task/task_runner/standard_task_runner.py:70: DeprecationWarning: This process (pid=131) is multi-threaded, use of fork() may lead to deadlocks in the child.
  pid = os.fork()

[2025-11-24T12:12:46.350+0000] {standard_task_runner.py:72} INFO - Started process 132 to run task
[2025-11-24T12:12:46.350+0000] {standard_task_runner.py:104} INFO - Running: ['***', 'tasks', 'run', 'extract_raw_data_pipeline', 'create_raw_table_task', 'scheduled__2025-11-23T07:00:00+00:00', '--job-id', '5', '--raw', '--subdir', 'DAGS_FOLDER/driven_data_pipeline.py', '--cfg-path', '/tmp/tmpjac50qz7']
[2025-11-24T12:12:46.354+0000] {standard_task_runner.py:105} INFO - Job 5: Subtask create_raw_table_task
[2025-11-24T12:12:46.523+0000] {task_command.py:467} INFO - Running <TaskInstance: extract_raw_data_pipeline.create_raw_table_task scheduled__2025-11-23T07:00:00+00:00 [running]> on host e428c2212d9f
[2025-11-24T12:12:46.689+0000] {taskinstance.py:3131} INFO - Exporting env vars: AIRFLOW_CTX_DAG_OWNER='***' AIRFLOW_CTX_DAG_ID='extract_raw_data_pipeline' AIRFLOW_CTX_TASK_ID='create_raw_table_task' AIRFLOW_CTX_EXECUTION_DATE='2025-11-23T07:00:00+00:00' AIRFLOW_CTX_TRY_NUMBER='1' AIRFLOW_CTX_DAG_RUN_ID='scheduled__2025-11-23T07:00:00+00:00'
[2025-11-24T12:12:46.693+0000] {taskinstance.py:731} INFO - ::endgroup::
[2025-11-24T12:12:46.750+0000] {sql.py:266} INFO - Executing: 
CREATE TABLE IF NOT EXISTS raw.mi_tabla_raw (
    columna1 VARCHAR(50),
    columna2 INT,
    timestamp_carga TIMESTAMP DEFAULT NOW()
);
[2025-11-24T12:12:46.783+0000] {base.py:84} INFO - Retrieving connection 'postgres_conn'
[2025-11-24T12:12:46.839+0000] {base.py:84} INFO - Retrieving connection 'postgres_conn'
[2025-11-24T12:12:46.976+0000] {sql.py:509} INFO - Running statement: 
CREATE TABLE IF NOT EXISTS raw.mi_tabla_raw (
    columna1 VARCHAR(50),
    columna2 INT,
    timestamp_carga TIMESTAMP DEFAULT NOW()
);, parameters: None
[2025-11-24T12:12:47.076+0000] {taskinstance.py:340} INFO - ::group::Post task execution logs
[2025-11-24T12:12:47.080+0000] {taskinstance.py:352} INFO - Marking task as SUCCESS. dag_id=extract_raw_data_pipeline, task_id=create_raw_table_task, run_id=scheduled__2025-11-23T07:00:00+00:00, execution_date=20251123T070000, start_date=20251124T121246, end_date=20251124T121247
[2025-11-24T12:12:47.182+0000] {local_task_job_runner.py:266} INFO - Task exited with return code 0
[2025-11-24T12:12:47.295+0000] {taskinstance.py:3900} INFO - 1 downstream tasks scheduled from follow-on schedule check
[2025-11-24T12:12:47.298+0000] {local_task_job_runner.py:245} INFO - ::endgroup::
[2025-11-24T12:33:27.518+0000] {local_task_job_runner.py:123} INFO - ::group::Pre task execution logs
[2025-11-24T12:33:27.548+0000] {taskinstance.py:2612} INFO - Dependencies all met for dep_context=non-requeueable deps ti=<TaskInstance: extract_raw_data_pipeline.create_raw_table_task scheduled__2025-11-23T07:00:00+00:00 [queued]>
[2025-11-24T12:33:27.560+0000] {taskinstance.py:2612} INFO - Dependencies all met for dep_context=requeueable deps ti=<TaskInstance: extract_raw_data_pipeline.create_raw_table_task scheduled__2025-11-23T07:00:00+00:00 [queued]>
[2025-11-24T12:33:27.560+0000] {taskinstance.py:2865} INFO - Starting attempt 1 of 1
[2025-11-24T12:33:27.581+0000] {taskinstance.py:2888} INFO - Executing <Task(SQLExecuteQueryOperator): create_raw_table_task> on 2025-11-23 07:00:00+00:00
[2025-11-24T12:33:27.589+0000] {warnings.py:112} WARNING - /home/***/.local/lib/python3.12/site-packages/***/task/task_runner/standard_task_runner.py:70: DeprecationWarning: This process (pid=90) is multi-threaded, use of fork() may lead to deadlocks in the child.
  pid = os.fork()

[2025-11-24T12:33:27.591+0000] {standard_task_runner.py:72} INFO - Started process 91 to run task
[2025-11-24T12:33:27.591+0000] {standard_task_runner.py:104} INFO - Running: ['***', 'tasks', 'run', 'extract_raw_data_pipeline', 'create_raw_table_task', 'scheduled__2025-11-23T07:00:00+00:00', '--job-id', '5', '--raw', '--subdir', 'DAGS_FOLDER/driven_data_pipeline.py', '--cfg-path', '/tmp/tmp0k3a7mo4']
[2025-11-24T12:33:27.596+0000] {standard_task_runner.py:105} INFO - Job 5: Subtask create_raw_table_task
[2025-11-24T12:33:27.662+0000] {task_command.py:467} INFO - Running <TaskInstance: extract_raw_data_pipeline.create_raw_table_task scheduled__2025-11-23T07:00:00+00:00 [running]> on host 652e43bf9a94
[2025-11-24T12:33:27.769+0000] {taskinstance.py:3131} INFO - Exporting env vars: AIRFLOW_CTX_DAG_OWNER='***' AIRFLOW_CTX_DAG_ID='extract_raw_data_pipeline' AIRFLOW_CTX_TASK_ID='create_raw_table_task' AIRFLOW_CTX_EXECUTION_DATE='2025-11-23T07:00:00+00:00' AIRFLOW_CTX_TRY_NUMBER='1' AIRFLOW_CTX_DAG_RUN_ID='scheduled__2025-11-23T07:00:00+00:00'
[2025-11-24T12:33:27.770+0000] {taskinstance.py:731} INFO - ::endgroup::
[2025-11-24T12:33:27.786+0000] {sql.py:266} INFO - Executing: 
CREATE TABLE IF NOT EXISTS raw.mi_tabla_raw (
    columna1 VARCHAR(50),
    columna2 INT,
    timestamp_carga TIMESTAMP DEFAULT NOW()
);
[2025-11-24T12:33:27.798+0000] {base.py:84} INFO - Retrieving connection 'postgres_conn'
[2025-11-24T12:33:27.810+0000] {base.py:84} INFO - Retrieving connection 'postgres_conn'
[2025-11-24T12:33:27.815+0000] {sql.py:509} INFO - Running statement: 
CREATE TABLE IF NOT EXISTS raw.mi_tabla_raw (
    columna1 VARCHAR(50),
    columna2 INT,
    timestamp_carga TIMESTAMP DEFAULT NOW()
);, parameters: None
[2025-11-24T12:33:27.840+0000] {taskinstance.py:340} INFO - ::group::Post task execution logs
[2025-11-24T12:33:27.840+0000] {taskinstance.py:352} INFO - Marking task as SUCCESS. dag_id=extract_raw_data_pipeline, task_id=create_raw_table_task, run_id=scheduled__2025-11-23T07:00:00+00:00, execution_date=20251123T070000, start_date=20251124T123327, end_date=20251124T123327
[2025-11-24T12:33:27.903+0000] {local_task_job_runner.py:266} INFO - Task exited with return code 0
[2025-11-24T12:33:27.952+0000] {taskinstance.py:3900} INFO - 1 downstream tasks scheduled from follow-on schedule check
[2025-11-24T12:33:27.954+0000] {local_task_job_runner.py:245} INFO - ::endgroup::
[2025-11-24T13:12:23.884+0000] {local_task_job_runner.py:123} INFO - ::group::Pre task execution logs
[2025-11-24T13:12:23.942+0000] {taskinstance.py:2612} INFO - Dependencies all met for dep_context=non-requeueable deps ti=<TaskInstance: extract_raw_data_pipeline.create_raw_table_task scheduled__2025-11-23T07:00:00+00:00 [queued]>
[2025-11-24T13:12:23.966+0000] {taskinstance.py:2612} INFO - Dependencies all met for dep_context=requeueable deps ti=<TaskInstance: extract_raw_data_pipeline.create_raw_table_task scheduled__2025-11-23T07:00:00+00:00 [queued]>
[2025-11-24T13:12:23.969+0000] {taskinstance.py:2865} INFO - Starting attempt 1 of 1
[2025-11-24T13:12:24.010+0000] {taskinstance.py:2888} INFO - Executing <Task(SQLExecuteQueryOperator): create_raw_table_task> on 2025-11-23 07:00:00+00:00
[2025-11-24T13:12:24.021+0000] {warnings.py:112} WARNING - /home/***/.local/lib/python3.12/site-packages/***/task/task_runner/standard_task_runner.py:70: DeprecationWarning: This process (pid=151) is multi-threaded, use of fork() may lead to deadlocks in the child.
  pid = os.fork()

[2025-11-24T13:12:24.023+0000] {standard_task_runner.py:72} INFO - Started process 152 to run task
[2025-11-24T13:12:24.024+0000] {standard_task_runner.py:104} INFO - Running: ['***', 'tasks', 'run', 'extract_raw_data_pipeline', 'create_raw_table_task', 'scheduled__2025-11-23T07:00:00+00:00', '--job-id', '5', '--raw', '--subdir', 'DAGS_FOLDER/driven_data_pipeline.py', '--cfg-path', '/tmp/tmpqj466583']
[2025-11-24T13:12:24.026+0000] {standard_task_runner.py:105} INFO - Job 5: Subtask create_raw_table_task
[2025-11-24T13:12:24.099+0000] {task_command.py:467} INFO - Running <TaskInstance: extract_raw_data_pipeline.create_raw_table_task scheduled__2025-11-23T07:00:00+00:00 [running]> on host 94e0b492a3f2
[2025-11-24T13:12:24.237+0000] {taskinstance.py:3131} INFO - Exporting env vars: AIRFLOW_CTX_DAG_OWNER='***' AIRFLOW_CTX_DAG_ID='extract_raw_data_pipeline' AIRFLOW_CTX_TASK_ID='create_raw_table_task' AIRFLOW_CTX_EXECUTION_DATE='2025-11-23T07:00:00+00:00' AIRFLOW_CTX_TRY_NUMBER='1' AIRFLOW_CTX_DAG_RUN_ID='scheduled__2025-11-23T07:00:00+00:00'
[2025-11-24T13:12:24.239+0000] {taskinstance.py:731} INFO - ::endgroup::
[2025-11-24T13:12:24.261+0000] {sql.py:266} INFO - Executing: 
CREATE TABLE IF NOT EXISTS raw.mi_tabla_raw (
    columna1 VARCHAR(50),
    columna2 INT,
    timestamp_carga TIMESTAMP DEFAULT NOW()
);
[2025-11-24T13:12:24.274+0000] {base.py:84} INFO - Retrieving connection 'postgres_conn'
[2025-11-24T13:12:24.295+0000] {base.py:84} INFO - Retrieving connection 'postgres_conn'
[2025-11-24T13:12:24.300+0000] {sql.py:509} INFO - Running statement: 
CREATE TABLE IF NOT EXISTS raw.mi_tabla_raw (
    columna1 VARCHAR(50),
    columna2 INT,
    timestamp_carga TIMESTAMP DEFAULT NOW()
);, parameters: None
[2025-11-24T13:12:24.323+0000] {taskinstance.py:340} INFO - ::group::Post task execution logs
[2025-11-24T13:12:24.324+0000] {taskinstance.py:352} INFO - Marking task as SUCCESS. dag_id=extract_raw_data_pipeline, task_id=create_raw_table_task, run_id=scheduled__2025-11-23T07:00:00+00:00, execution_date=20251123T070000, start_date=20251124T131223, end_date=20251124T131224
[2025-11-24T13:12:24.370+0000] {local_task_job_runner.py:266} INFO - Task exited with return code 0
[2025-11-24T13:12:24.442+0000] {taskinstance.py:3900} INFO - 1 downstream tasks scheduled from follow-on schedule check
[2025-11-24T13:12:24.446+0000] {local_task_job_runner.py:245} INFO - ::endgroup::
