[2025-11-23T09:01:46.622+0000] {local_task_job_runner.py:123} INFO - ::group::Pre task execution logs
[2025-11-23T09:01:46.688+0000] {taskinstance.py:2612} INFO - Dependencies all met for dep_context=non-requeueable deps ti=<TaskInstance: extract_raw_data_pipeline.extract_raw_data_task scheduled__2025-11-22T07:00:00+00:00 [queued]>
[2025-11-23T09:01:46.733+0000] {taskinstance.py:2612} INFO - Dependencies all met for dep_context=requeueable deps ti=<TaskInstance: extract_raw_data_pipeline.extract_raw_data_task scheduled__2025-11-22T07:00:00+00:00 [queued]>
[2025-11-23T09:01:46.735+0000] {taskinstance.py:2865} INFO - Starting attempt 1 of 1
[2025-11-23T09:01:46.939+0000] {taskinstance.py:2888} INFO - Executing <Task(PythonOperator): extract_raw_data_task> on 2025-11-22 07:00:00+00:00
[2025-11-23T09:01:46.957+0000] {warnings.py:112} WARNING - /home/***/.local/lib/python3.12/site-packages/***/task/task_runner/standard_task_runner.py:70: DeprecationWarning: This process (pid=251) is multi-threaded, use of fork() may lead to deadlocks in the child.
  pid = os.fork()

[2025-11-23T09:01:46.961+0000] {standard_task_runner.py:104} INFO - Running: ['***', 'tasks', 'run', 'extract_raw_data_pipeline', 'extract_raw_data_task', 'scheduled__2025-11-22T07:00:00+00:00', '--job-id', '8', '--raw', '--subdir', 'DAGS_FOLDER/driven_data_pipeline.py', '--cfg-path', '/tmp/tmp7y05pfk1']
[2025-11-23T09:01:46.963+0000] {standard_task_runner.py:105} INFO - Job 8: Subtask extract_raw_data_task
[2025-11-23T09:01:46.963+0000] {standard_task_runner.py:72} INFO - Started process 252 to run task
[2025-11-23T09:01:47.287+0000] {task_command.py:467} INFO - Running <TaskInstance: extract_raw_data_pipeline.extract_raw_data_task scheduled__2025-11-22T07:00:00+00:00 [running]> on host 0e5439bd1317
[2025-11-23T09:01:47.687+0000] {taskinstance.py:3131} INFO - Exporting env vars: AIRFLOW_CTX_DAG_OWNER='***' AIRFLOW_CTX_DAG_ID='extract_raw_data_pipeline' AIRFLOW_CTX_TASK_ID='extract_raw_data_task' AIRFLOW_CTX_EXECUTION_DATE='2025-11-22T07:00:00+00:00' AIRFLOW_CTX_TRY_NUMBER='1' AIRFLOW_CTX_DAG_RUN_ID='scheduled__2025-11-22T07:00:00+00:00'
[2025-11-23T09:01:47.691+0000] {taskinstance.py:731} INFO - ::endgroup::
[2025-11-23T09:01:47.829+0000] {logging_mixin.py:190} INFO - Iniciando la extracción de datos crudos...
[2025-11-23T09:01:47.837+0000] {logging_mixin.py:190} INFO - Extracción completada exitosamente.
[2025-11-23T09:01:47.840+0000] {python.py:240} INFO - Done. Returned value was: None
[2025-11-23T09:01:48.041+0000] {taskinstance.py:340} INFO - ::group::Post task execution logs
[2025-11-23T09:01:48.055+0000] {taskinstance.py:352} INFO - Marking task as SUCCESS. dag_id=extract_raw_data_pipeline, task_id=extract_raw_data_task, run_id=scheduled__2025-11-22T07:00:00+00:00, execution_date=20251122T070000, start_date=20251123T090146, end_date=20251123T090148
[2025-11-23T09:01:48.606+0000] {local_task_job_runner.py:266} INFO - Task exited with return code 0
[2025-11-23T09:01:48.784+0000] {warnings.py:112} WARNING - /home/***/.local/lib/python3.12/site-packages/***/models/baseoperator.py:1378: AirflowProviderDeprecationWarning: Call to deprecated class PostgresOperator. (Please use `***.providers.common.sql.operators.sql.SQLExecuteQueryOperator`.Also, you can provide `hook_params={'schema': <database>}`.)
  result = cls.__new__(cls)

[2025-11-23T09:01:49.025+0000] {taskinstance.py:3900} INFO - 0 downstream tasks scheduled from follow-on schedule check
[2025-11-23T09:01:49.105+0000] {local_task_job_runner.py:245} INFO - ::endgroup::
[2025-11-23T09:22:20.888+0000] {local_task_job_runner.py:123} INFO - ::group::Pre task execution logs
[2025-11-23T09:22:20.928+0000] {taskinstance.py:2612} INFO - Dependencies all met for dep_context=non-requeueable deps ti=<TaskInstance: extract_raw_data_pipeline.extract_raw_data_task scheduled__2025-11-22T07:00:00+00:00 [queued]>
[2025-11-23T09:22:20.946+0000] {taskinstance.py:2612} INFO - Dependencies all met for dep_context=requeueable deps ti=<TaskInstance: extract_raw_data_pipeline.extract_raw_data_task scheduled__2025-11-22T07:00:00+00:00 [queued]>
[2025-11-23T09:22:20.947+0000] {taskinstance.py:2865} INFO - Starting attempt 1 of 1
[2025-11-23T09:22:20.974+0000] {taskinstance.py:2888} INFO - Executing <Task(PythonOperator): extract_raw_data_task> on 2025-11-22 07:00:00+00:00
[2025-11-23T09:22:20.985+0000] {warnings.py:112} WARNING - /home/***/.local/lib/python3.12/site-packages/***/task/task_runner/standard_task_runner.py:70: DeprecationWarning: This process (pid=213) is multi-threaded, use of fork() may lead to deadlocks in the child.
  pid = os.fork()

[2025-11-23T09:22:20.988+0000] {standard_task_runner.py:104} INFO - Running: ['***', 'tasks', 'run', 'extract_raw_data_pipeline', 'extract_raw_data_task', 'scheduled__2025-11-22T07:00:00+00:00', '--job-id', '3', '--raw', '--subdir', 'DAGS_FOLDER/driven_data_pipeline.py', '--cfg-path', '/tmp/tmpjkhr9814']
[2025-11-23T09:22:20.990+0000] {standard_task_runner.py:72} INFO - Started process 215 to run task
[2025-11-23T09:22:20.991+0000] {standard_task_runner.py:105} INFO - Job 3: Subtask extract_raw_data_task
[2025-11-23T09:22:21.069+0000] {task_command.py:467} INFO - Running <TaskInstance: extract_raw_data_pipeline.extract_raw_data_task scheduled__2025-11-22T07:00:00+00:00 [running]> on host e98e5ec17cf7
[2025-11-23T09:22:21.296+0000] {taskinstance.py:3131} INFO - Exporting env vars: AIRFLOW_CTX_DAG_OWNER='***' AIRFLOW_CTX_DAG_ID='extract_raw_data_pipeline' AIRFLOW_CTX_TASK_ID='extract_raw_data_task' AIRFLOW_CTX_EXECUTION_DATE='2025-11-22T07:00:00+00:00' AIRFLOW_CTX_TRY_NUMBER='1' AIRFLOW_CTX_DAG_RUN_ID='scheduled__2025-11-22T07:00:00+00:00'
[2025-11-23T09:22:21.298+0000] {taskinstance.py:731} INFO - ::endgroup::
[2025-11-23T09:22:21.362+0000] {logging_mixin.py:190} INFO - Iniciando la extracción de datos crudos...
[2025-11-23T09:22:21.363+0000] {logging_mixin.py:190} INFO - Extracción completada exitosamente.
[2025-11-23T09:22:21.363+0000] {python.py:240} INFO - Done. Returned value was: None
[2025-11-23T09:22:21.385+0000] {taskinstance.py:340} INFO - ::group::Post task execution logs
[2025-11-23T09:22:21.386+0000] {taskinstance.py:352} INFO - Marking task as SUCCESS. dag_id=extract_raw_data_pipeline, task_id=extract_raw_data_task, run_id=scheduled__2025-11-22T07:00:00+00:00, execution_date=20251122T070000, start_date=20251123T092220, end_date=20251123T092221
[2025-11-23T09:22:21.437+0000] {local_task_job_runner.py:266} INFO - Task exited with return code 0
[2025-11-23T09:22:21.462+0000] {warnings.py:112} WARNING - /home/***/.local/lib/python3.12/site-packages/***/models/baseoperator.py:1378: AirflowProviderDeprecationWarning: Call to deprecated class PostgresOperator. (Please use `***.providers.common.sql.operators.sql.SQLExecuteQueryOperator`.Also, you can provide `hook_params={'schema': <database>}`.)
  result = cls.__new__(cls)

[2025-11-23T09:22:21.507+0000] {taskinstance.py:3900} INFO - 0 downstream tasks scheduled from follow-on schedule check
[2025-11-23T09:22:21.515+0000] {local_task_job_runner.py:245} INFO - ::endgroup::
[2025-11-23T10:05:57.283+0000] {local_task_job_runner.py:123} INFO - ::group::Pre task execution logs
[2025-11-23T10:05:57.314+0000] {taskinstance.py:2612} INFO - Dependencies all met for dep_context=non-requeueable deps ti=<TaskInstance: extract_raw_data_pipeline.extract_raw_data_task scheduled__2025-11-22T07:00:00+00:00 [queued]>
[2025-11-23T10:05:57.333+0000] {taskinstance.py:2612} INFO - Dependencies all met for dep_context=requeueable deps ti=<TaskInstance: extract_raw_data_pipeline.extract_raw_data_task scheduled__2025-11-22T07:00:00+00:00 [queued]>
[2025-11-23T10:05:57.333+0000] {taskinstance.py:2865} INFO - Starting attempt 1 of 1
[2025-11-23T10:05:57.355+0000] {taskinstance.py:2888} INFO - Executing <Task(PythonOperator): extract_raw_data_task> on 2025-11-22 07:00:00+00:00
[2025-11-23T10:05:57.363+0000] {warnings.py:112} WARNING - /home/***/.local/lib/python3.12/site-packages/***/task/task_runner/standard_task_runner.py:70: DeprecationWarning: This process (pid=84) is multi-threaded, use of fork() may lead to deadlocks in the child.
  pid = os.fork()

[2025-11-23T10:05:57.366+0000] {standard_task_runner.py:104} INFO - Running: ['***', 'tasks', 'run', 'extract_raw_data_pipeline', 'extract_raw_data_task', 'scheduled__2025-11-22T07:00:00+00:00', '--job-id', '3', '--raw', '--subdir', 'DAGS_FOLDER/driven_data_pipeline.py', '--cfg-path', '/tmp/tmp_voo77c3']
[2025-11-23T10:05:57.369+0000] {standard_task_runner.py:72} INFO - Started process 86 to run task
[2025-11-23T10:05:57.369+0000] {standard_task_runner.py:105} INFO - Job 3: Subtask extract_raw_data_task
[2025-11-23T10:05:57.459+0000] {task_command.py:467} INFO - Running <TaskInstance: extract_raw_data_pipeline.extract_raw_data_task scheduled__2025-11-22T07:00:00+00:00 [running]> on host 49f68414808b
[2025-11-23T10:05:57.575+0000] {taskinstance.py:3131} INFO - Exporting env vars: AIRFLOW_CTX_DAG_OWNER='***' AIRFLOW_CTX_DAG_ID='extract_raw_data_pipeline' AIRFLOW_CTX_TASK_ID='extract_raw_data_task' AIRFLOW_CTX_EXECUTION_DATE='2025-11-22T07:00:00+00:00' AIRFLOW_CTX_TRY_NUMBER='1' AIRFLOW_CTX_DAG_RUN_ID='scheduled__2025-11-22T07:00:00+00:00'
[2025-11-23T10:05:57.577+0000] {taskinstance.py:731} INFO - ::endgroup::
[2025-11-23T10:05:57.616+0000] {logging_mixin.py:190} INFO - Iniciando la extracción de datos crudos...
[2025-11-23T10:05:57.617+0000] {logging_mixin.py:190} INFO - Extracción completada exitosamente.
[2025-11-23T10:05:57.617+0000] {python.py:240} INFO - Done. Returned value was: None
[2025-11-23T10:05:57.629+0000] {taskinstance.py:340} INFO - ::group::Post task execution logs
[2025-11-23T10:05:57.630+0000] {taskinstance.py:352} INFO - Marking task as SUCCESS. dag_id=extract_raw_data_pipeline, task_id=extract_raw_data_task, run_id=scheduled__2025-11-22T07:00:00+00:00, execution_date=20251122T070000, start_date=20251123T100557, end_date=20251123T100557
[2025-11-23T10:05:57.682+0000] {local_task_job_runner.py:266} INFO - Task exited with return code 0
[2025-11-23T10:05:57.695+0000] {warnings.py:112} WARNING - /home/***/.local/lib/python3.12/site-packages/***/models/baseoperator.py:1378: AirflowProviderDeprecationWarning: Call to deprecated class PostgresOperator. (Please use `***.providers.common.sql.operators.sql.SQLExecuteQueryOperator`.Also, you can provide `hook_params={'schema': <database>}`.)
  result = cls.__new__(cls)

[2025-11-23T10:05:57.717+0000] {taskinstance.py:3900} INFO - 1 downstream tasks scheduled from follow-on schedule check
[2025-11-23T10:05:57.718+0000] {local_task_job_runner.py:245} INFO - ::endgroup::
[2025-11-23T10:47:55.827+0000] {local_task_job_runner.py:123} INFO - ::group::Pre task execution logs
[2025-11-23T10:47:55.853+0000] {taskinstance.py:2612} INFO - Dependencies all met for dep_context=non-requeueable deps ti=<TaskInstance: extract_raw_data_pipeline.extract_raw_data_task scheduled__2025-11-22T07:00:00+00:00 [queued]>
[2025-11-23T10:47:55.866+0000] {taskinstance.py:2612} INFO - Dependencies all met for dep_context=requeueable deps ti=<TaskInstance: extract_raw_data_pipeline.extract_raw_data_task scheduled__2025-11-22T07:00:00+00:00 [queued]>
[2025-11-23T10:47:55.867+0000] {taskinstance.py:2865} INFO - Starting attempt 1 of 1
[2025-11-23T10:47:55.887+0000] {taskinstance.py:2888} INFO - Executing <Task(PythonOperator): extract_raw_data_task> on 2025-11-22 07:00:00+00:00
[2025-11-23T10:47:55.895+0000] {warnings.py:112} WARNING - /home/***/.local/lib/python3.12/site-packages/***/task/task_runner/standard_task_runner.py:70: DeprecationWarning: This process (pid=84) is multi-threaded, use of fork() may lead to deadlocks in the child.
  pid = os.fork()

[2025-11-23T10:47:55.898+0000] {standard_task_runner.py:104} INFO - Running: ['***', 'tasks', 'run', 'extract_raw_data_pipeline', 'extract_raw_data_task', 'scheduled__2025-11-22T07:00:00+00:00', '--job-id', '5', '--raw', '--subdir', 'DAGS_FOLDER/driven_data_pipeline.py', '--cfg-path', '/tmp/tmpq9x_b1gi']
[2025-11-23T10:47:55.899+0000] {standard_task_runner.py:72} INFO - Started process 86 to run task
[2025-11-23T10:47:55.899+0000] {standard_task_runner.py:105} INFO - Job 5: Subtask extract_raw_data_task
[2025-11-23T10:47:55.999+0000] {task_command.py:467} INFO - Running <TaskInstance: extract_raw_data_pipeline.extract_raw_data_task scheduled__2025-11-22T07:00:00+00:00 [running]> on host 2154dd3c667f
[2025-11-23T10:47:56.108+0000] {taskinstance.py:3131} INFO - Exporting env vars: AIRFLOW_CTX_DAG_OWNER='***' AIRFLOW_CTX_DAG_ID='extract_raw_data_pipeline' AIRFLOW_CTX_TASK_ID='extract_raw_data_task' AIRFLOW_CTX_EXECUTION_DATE='2025-11-22T07:00:00+00:00' AIRFLOW_CTX_TRY_NUMBER='1' AIRFLOW_CTX_DAG_RUN_ID='scheduled__2025-11-22T07:00:00+00:00'
[2025-11-23T10:47:56.111+0000] {taskinstance.py:731} INFO - ::endgroup::
[2025-11-23T10:47:56.155+0000] {logging_mixin.py:190} INFO - Iniciando la extracción de datos crudos...
[2025-11-23T10:47:56.155+0000] {logging_mixin.py:190} INFO - Extracción completada exitosamente.
[2025-11-23T10:47:56.156+0000] {python.py:240} INFO - Done. Returned value was: None
[2025-11-23T10:47:56.175+0000] {taskinstance.py:340} INFO - ::group::Post task execution logs
[2025-11-23T10:47:56.176+0000] {taskinstance.py:352} INFO - Marking task as SUCCESS. dag_id=extract_raw_data_pipeline, task_id=extract_raw_data_task, run_id=scheduled__2025-11-22T07:00:00+00:00, execution_date=20251122T070000, start_date=20251123T104755, end_date=20251123T104756
[2025-11-23T10:47:56.215+0000] {local_task_job_runner.py:266} INFO - Task exited with return code 0
[2025-11-23T10:47:56.227+0000] {warnings.py:112} WARNING - /home/***/.local/lib/python3.12/site-packages/***/models/baseoperator.py:1378: AirflowProviderDeprecationWarning: Call to deprecated class PostgresOperator. (Please use `***.providers.common.sql.operators.sql.SQLExecuteQueryOperator`.Also, you can provide `hook_params={'schema': <database>}`.)
  result = cls.__new__(cls)

[2025-11-23T10:47:56.252+0000] {taskinstance.py:3900} INFO - 1 downstream tasks scheduled from follow-on schedule check
[2025-11-23T10:47:56.254+0000] {local_task_job_runner.py:245} INFO - ::endgroup::
[2025-11-23T11:00:50.776+0000] {local_task_job_runner.py:123} INFO - ::group::Pre task execution logs
[2025-11-23T11:00:50.840+0000] {taskinstance.py:2612} INFO - Dependencies all met for dep_context=non-requeueable deps ti=<TaskInstance: extract_raw_data_pipeline.extract_raw_data_task scheduled__2025-11-22T07:00:00+00:00 [queued]>
[2025-11-23T11:00:50.899+0000] {taskinstance.py:2612} INFO - Dependencies all met for dep_context=requeueable deps ti=<TaskInstance: extract_raw_data_pipeline.extract_raw_data_task scheduled__2025-11-22T07:00:00+00:00 [queued]>
[2025-11-23T11:00:50.900+0000] {taskinstance.py:2865} INFO - Starting attempt 1 of 1
[2025-11-23T11:00:50.956+0000] {taskinstance.py:2888} INFO - Executing <Task(PythonOperator): extract_raw_data_task> on 2025-11-22 07:00:00+00:00
[2025-11-23T11:00:50.970+0000] {warnings.py:112} WARNING - /home/***/.local/lib/python3.12/site-packages/***/task/task_runner/standard_task_runner.py:70: DeprecationWarning: This process (pid=83) is multi-threaded, use of fork() may lead to deadlocks in the child.
  pid = os.fork()

[2025-11-23T11:00:50.975+0000] {standard_task_runner.py:72} INFO - Started process 93 to run task
[2025-11-23T11:00:50.975+0000] {standard_task_runner.py:104} INFO - Running: ['***', 'tasks', 'run', 'extract_raw_data_pipeline', 'extract_raw_data_task', 'scheduled__2025-11-22T07:00:00+00:00', '--job-id', '4', '--raw', '--subdir', 'DAGS_FOLDER/driven_data_pipeline.py', '--cfg-path', '/tmp/tmp4om6z6ws']
[2025-11-23T11:00:50.981+0000] {standard_task_runner.py:105} INFO - Job 4: Subtask extract_raw_data_task
[2025-11-23T11:00:51.269+0000] {task_command.py:467} INFO - Running <TaskInstance: extract_raw_data_pipeline.extract_raw_data_task scheduled__2025-11-22T07:00:00+00:00 [running]> on host f78c98b58354
[2025-11-23T11:00:51.820+0000] {taskinstance.py:3131} INFO - Exporting env vars: AIRFLOW_CTX_DAG_OWNER='***' AIRFLOW_CTX_DAG_ID='extract_raw_data_pipeline' AIRFLOW_CTX_TASK_ID='extract_raw_data_task' AIRFLOW_CTX_EXECUTION_DATE='2025-11-22T07:00:00+00:00' AIRFLOW_CTX_TRY_NUMBER='1' AIRFLOW_CTX_DAG_RUN_ID='scheduled__2025-11-22T07:00:00+00:00'
[2025-11-23T11:00:51.829+0000] {taskinstance.py:731} INFO - ::endgroup::
[2025-11-23T11:00:51.919+0000] {logging_mixin.py:190} INFO - Iniciando la extracción de datos crudos...
[2025-11-23T11:00:51.922+0000] {logging_mixin.py:190} INFO - Extracción completada exitosamente.
[2025-11-23T11:00:51.922+0000] {python.py:240} INFO - Done. Returned value was: None
[2025-11-23T11:00:52.075+0000] {taskinstance.py:340} INFO - ::group::Post task execution logs
[2025-11-23T11:00:52.085+0000] {taskinstance.py:352} INFO - Marking task as SUCCESS. dag_id=extract_raw_data_pipeline, task_id=extract_raw_data_task, run_id=scheduled__2025-11-22T07:00:00+00:00, execution_date=20251122T070000, start_date=20251123T110050, end_date=20251123T110052
[2025-11-23T11:00:52.250+0000] {local_task_job_runner.py:266} INFO - Task exited with return code 0
[2025-11-23T11:00:52.328+0000] {warnings.py:112} WARNING - /home/***/.local/lib/python3.12/site-packages/***/models/baseoperator.py:1378: AirflowProviderDeprecationWarning: Call to deprecated class PostgresOperator. (Please use `***.providers.common.sql.operators.sql.SQLExecuteQueryOperator`.Also, you can provide `hook_params={'schema': <database>}`.)
  result = cls.__new__(cls)

[2025-11-23T11:00:52.371+0000] {taskinstance.py:3900} INFO - 0 downstream tasks scheduled from follow-on schedule check
[2025-11-23T11:00:52.374+0000] {local_task_job_runner.py:245} INFO - ::endgroup::
[2025-11-23T11:24:35.075+0000] {local_task_job_runner.py:123} INFO - ::group::Pre task execution logs
[2025-11-23T11:24:35.109+0000] {taskinstance.py:2612} INFO - Dependencies all met for dep_context=non-requeueable deps ti=<TaskInstance: extract_raw_data_pipeline.extract_raw_data_task scheduled__2025-11-22T07:00:00+00:00 [queued]>
[2025-11-23T11:24:35.122+0000] {taskinstance.py:2612} INFO - Dependencies all met for dep_context=requeueable deps ti=<TaskInstance: extract_raw_data_pipeline.extract_raw_data_task scheduled__2025-11-22T07:00:00+00:00 [queued]>
[2025-11-23T11:24:35.123+0000] {taskinstance.py:2865} INFO - Starting attempt 1 of 1
[2025-11-23T11:24:35.150+0000] {taskinstance.py:2888} INFO - Executing <Task(PythonOperator): extract_raw_data_task> on 2025-11-22 07:00:00+00:00
[2025-11-23T11:24:35.157+0000] {warnings.py:112} WARNING - /home/***/.local/lib/python3.12/site-packages/***/task/task_runner/standard_task_runner.py:70: DeprecationWarning: This process (pid=83) is multi-threaded, use of fork() may lead to deadlocks in the child.
  pid = os.fork()

[2025-11-23T11:24:35.159+0000] {standard_task_runner.py:72} INFO - Started process 85 to run task
[2025-11-23T11:24:35.162+0000] {standard_task_runner.py:104} INFO - Running: ['***', 'tasks', 'run', 'extract_raw_data_pipeline', 'extract_raw_data_task', 'scheduled__2025-11-22T07:00:00+00:00', '--job-id', '4', '--raw', '--subdir', 'DAGS_FOLDER/driven_data_pipeline.py', '--cfg-path', '/tmp/tmpptdeiufc']
[2025-11-23T11:24:35.164+0000] {standard_task_runner.py:105} INFO - Job 4: Subtask extract_raw_data_task
[2025-11-23T11:24:35.227+0000] {task_command.py:467} INFO - Running <TaskInstance: extract_raw_data_pipeline.extract_raw_data_task scheduled__2025-11-22T07:00:00+00:00 [running]> on host 1b6a13258dce
[2025-11-23T11:24:35.334+0000] {taskinstance.py:3131} INFO - Exporting env vars: AIRFLOW_CTX_DAG_OWNER='***' AIRFLOW_CTX_DAG_ID='extract_raw_data_pipeline' AIRFLOW_CTX_TASK_ID='extract_raw_data_task' AIRFLOW_CTX_EXECUTION_DATE='2025-11-22T07:00:00+00:00' AIRFLOW_CTX_TRY_NUMBER='1' AIRFLOW_CTX_DAG_RUN_ID='scheduled__2025-11-22T07:00:00+00:00'
[2025-11-23T11:24:35.339+0000] {taskinstance.py:731} INFO - ::endgroup::
[2025-11-23T11:24:35.383+0000] {logging_mixin.py:190} INFO - Iniciando la extracción de datos crudos...
[2025-11-23T11:24:35.383+0000] {logging_mixin.py:190} INFO - Extracción completada exitosamente.
[2025-11-23T11:24:35.384+0000] {python.py:240} INFO - Done. Returned value was: None
[2025-11-23T11:24:35.398+0000] {taskinstance.py:340} INFO - ::group::Post task execution logs
[2025-11-23T11:24:35.399+0000] {taskinstance.py:352} INFO - Marking task as SUCCESS. dag_id=extract_raw_data_pipeline, task_id=extract_raw_data_task, run_id=scheduled__2025-11-22T07:00:00+00:00, execution_date=20251122T070000, start_date=20251123T112435, end_date=20251123T112435
[2025-11-23T11:24:35.430+0000] {local_task_job_runner.py:266} INFO - Task exited with return code 0
[2025-11-23T11:24:35.447+0000] {warnings.py:112} WARNING - /home/***/.local/lib/python3.12/site-packages/***/models/baseoperator.py:1378: AirflowProviderDeprecationWarning: Call to deprecated class PostgresOperator. (Please use `***.providers.common.sql.operators.sql.SQLExecuteQueryOperator`.Also, you can provide `hook_params={'schema': <database>}`.)
  result = cls.__new__(cls)

[2025-11-23T11:24:35.469+0000] {taskinstance.py:3900} INFO - 0 downstream tasks scheduled from follow-on schedule check
[2025-11-23T11:24:35.471+0000] {local_task_job_runner.py:245} INFO - ::endgroup::
