[2025-11-24T12:52:25.359+0000] {local_task_job_runner.py:123} INFO - ::group::Pre task execution logs
[2025-11-24T12:52:25.396+0000] {taskinstance.py:2612} INFO - Dependencies all met for dep_context=non-requeueable deps ti=<TaskInstance: extract_raw_data_pipeline.run_dbt_trusted_task manual__2025-11-24T12:50:45.270210+00:00 [queued]>
[2025-11-24T12:52:25.415+0000] {taskinstance.py:2612} INFO - Dependencies all met for dep_context=requeueable deps ti=<TaskInstance: extract_raw_data_pipeline.run_dbt_trusted_task manual__2025-11-24T12:50:45.270210+00:00 [queued]>
[2025-11-24T12:52:25.416+0000] {taskinstance.py:2865} INFO - Starting attempt 1 of 1
[2025-11-24T12:52:25.445+0000] {taskinstance.py:2888} INFO - Executing <Task(BashOperator): run_dbt_trusted_task> on 2025-11-24 12:50:45.270210+00:00
[2025-11-24T12:52:25.463+0000] {warnings.py:112} WARNING - /home/***/.local/lib/python3.12/site-packages/***/task/task_runner/standard_task_runner.py:70: DeprecationWarning: This process (pid=141) is multi-threaded, use of fork() may lead to deadlocks in the child.
  pid = os.fork()

[2025-11-24T12:52:25.468+0000] {standard_task_runner.py:72} INFO - Started process 142 to run task
[2025-11-24T12:52:25.471+0000] {standard_task_runner.py:104} INFO - Running: ['***', 'tasks', 'run', 'extract_raw_data_pipeline', 'run_dbt_trusted_task', 'manual__2025-11-24T12:50:45.270210+00:00', '--job-id', '16', '--raw', '--subdir', 'DAGS_FOLDER/driven_data_pipeline.py', '--cfg-path', '/tmp/tmpimo2jtcv']
[2025-11-24T12:52:25.476+0000] {standard_task_runner.py:105} INFO - Job 16: Subtask run_dbt_trusted_task
[2025-11-24T12:52:25.617+0000] {task_command.py:467} INFO - Running <TaskInstance: extract_raw_data_pipeline.run_dbt_trusted_task manual__2025-11-24T12:50:45.270210+00:00 [running]> on host e7d09e04a94a
[2025-11-24T12:52:25.905+0000] {taskinstance.py:3131} INFO - Exporting env vars: AIRFLOW_CTX_DAG_OWNER='***' AIRFLOW_CTX_DAG_ID='extract_raw_data_pipeline' AIRFLOW_CTX_TASK_ID='run_dbt_trusted_task' AIRFLOW_CTX_EXECUTION_DATE='2025-11-24T12:50:45.270210+00:00' AIRFLOW_CTX_TRY_NUMBER='1' AIRFLOW_CTX_DAG_RUN_ID='manual__2025-11-24T12:50:45.270210+00:00'
[2025-11-24T12:52:25.909+0000] {taskinstance.py:731} INFO - ::endgroup::
[2025-11-24T12:52:25.993+0000] {subprocess.py:63} INFO - Tmp dir root location: /tmp
[2025-11-24T12:52:25.995+0000] {subprocess.py:75} INFO - Running command: ['/usr/bin/bash', '-c', 'cd /opt/***/dags/dbt/ && dbt run --models trusted.* --profiles-dir /opt/***/dags/dbt/']
[2025-11-24T12:52:26.026+0000] {subprocess.py:86} INFO - Output:
[2025-11-24T12:55:18.533+0000] {job.py:229} INFO - Heartbeat recovered after 167.52 seconds
[2025-11-24T12:55:23.401+0000] {subprocess.py:93} INFO - [0m12:55:23  Running with dbt=1.8.0
[2025-11-24T12:55:25.129+0000] {subprocess.py:93} INFO - [0m12:55:25  Registered adapter: postgres=1.8.2
[2025-11-24T12:57:58.281+0000] {job.py:229} INFO - Heartbeat recovered after 153.87 seconds
[2025-11-24T12:58:43.125+0000] {subprocess.py:93} INFO - [0m12:58:43  Found 428 macros
[2025-11-24T12:58:43.185+0000] {subprocess.py:93} INFO - [0m12:58:43  The selection criterion 'trusted.*' does not match any enabled nodes
[2025-11-24T12:58:43.212+0000] {subprocess.py:93} INFO - [0m12:58:43
[2025-11-24T12:58:43.215+0000] {subprocess.py:93} INFO - [0m12:58:43  Nothing to do. Try checking your model configs and model specification args
[2025-11-24T12:58:46.481+0000] {subprocess.py:97} INFO - Command exited with return code 0
[2025-11-24T12:58:46.927+0000] {taskinstance.py:340} INFO - ::group::Post task execution logs
[2025-11-24T12:58:46.931+0000] {taskinstance.py:352} INFO - Marking task as SUCCESS. dag_id=extract_raw_data_pipeline, task_id=run_dbt_trusted_task, run_id=manual__2025-11-24T12:50:45.270210+00:00, execution_date=20251124T125045, start_date=20251124T125225, end_date=20251124T125846
[2025-11-24T12:58:47.140+0000] {local_task_job_runner.py:266} INFO - Task exited with return code 0
[2025-11-24T12:58:47.489+0000] {taskinstance.py:3900} INFO - 1 downstream tasks scheduled from follow-on schedule check
[2025-11-24T12:58:47.503+0000] {local_task_job_runner.py:245} INFO - ::endgroup::
